Component: Arm Compiler for Embedded 6.18 Tool: armlink [5e4cc100]

==============================================================================

Section Cross References

    main.o(.text.main) refers to main.o(.bss.USB_OTG_Core) for USB_OTG_Core
    main.o(.text.main) refers to main.o(.bss.USB_Host) for USB_Host
    main.o(.text.main) refers to usbh_usr.o(.data.USR_cb) for USR_cb
    main.o(.text.main) refers to usbh_msc_core.o(.data.USBH_MSC_cb) for USBH_MSC_cb
    main.o(.text.main) refers to usbh_core.o(.text.USBH_Init) for USBH_Init
    main.o(.text.main) refers to usbh_core.o(.text.USBH_Process) for USBH_Process
    main.o(.text.main) refers to stm32f429i_discovery.o(.text.STM_EVAL_LEDToggle) for STM_EVAL_LEDToggle
    main.o(.ARM.exidx.text.main) refers to main.o(.text.main) for [Anonymous Symbol]
    stm32fxxx_it.o(.ARM.exidx.text.NMI_Handler) refers to stm32fxxx_it.o(.text.NMI_Handler) for [Anonymous Symbol]
    stm32fxxx_it.o(.ARM.exidx.text.HardFault_Handler) refers to stm32fxxx_it.o(.text.HardFault_Handler) for [Anonymous Symbol]
    stm32fxxx_it.o(.ARM.exidx.text.MemManage_Handler) refers to stm32fxxx_it.o(.text.MemManage_Handler) for [Anonymous Symbol]
    stm32fxxx_it.o(.ARM.exidx.text.BusFault_Handler) refers to stm32fxxx_it.o(.text.BusFault_Handler) for [Anonymous Symbol]
    stm32fxxx_it.o(.ARM.exidx.text.UsageFault_Handler) refers to stm32fxxx_it.o(.text.UsageFault_Handler) for [Anonymous Symbol]
    stm32fxxx_it.o(.ARM.exidx.text.SVC_Handler) refers to stm32fxxx_it.o(.text.SVC_Handler) for [Anonymous Symbol]
    stm32fxxx_it.o(.ARM.exidx.text.DebugMon_Handler) refers to stm32fxxx_it.o(.text.DebugMon_Handler) for [Anonymous Symbol]
    stm32fxxx_it.o(.ARM.exidx.text.PendSV_Handler) refers to stm32fxxx_it.o(.text.PendSV_Handler) for [Anonymous Symbol]
    stm32fxxx_it.o(.text.EXTI1_IRQHandler) refers to stm32f4xx_exti.o(.text.EXTI_GetITStatus) for EXTI_GetITStatus
    stm32fxxx_it.o(.text.EXTI1_IRQHandler) refers to main.o(.bss.USB_Host) for USB_Host
    stm32fxxx_it.o(.text.EXTI1_IRQHandler) refers to stm32f4xx_exti.o(.text.EXTI_ClearITPendingBit) for EXTI_ClearITPendingBit
    stm32fxxx_it.o(.ARM.exidx.text.EXTI1_IRQHandler) refers to stm32fxxx_it.o(.text.EXTI1_IRQHandler) for [Anonymous Symbol]
    stm32fxxx_it.o(.text.TIM2_IRQHandler) refers to usb_bsp.o(.text.USB_OTG_BSP_TimerIRQ) for USB_OTG_BSP_TimerIRQ
    stm32fxxx_it.o(.ARM.exidx.text.TIM2_IRQHandler) refers to stm32fxxx_it.o(.text.TIM2_IRQHandler) for [Anonymous Symbol]
    stm32fxxx_it.o(.text.OTG_HS_IRQHandler) refers to main.o(.bss.USB_OTG_Core) for USB_OTG_Core
    stm32fxxx_it.o(.text.OTG_HS_IRQHandler) refers to usb_hcd_int.o(.text.USBH_OTG_ISR_Handler) for USBH_OTG_ISR_Handler
    stm32fxxx_it.o(.ARM.exidx.text.OTG_HS_IRQHandler) refers to stm32fxxx_it.o(.text.OTG_HS_IRQHandler) for [Anonymous Symbol]
    usb_bsp.o(.text.USB_OTG_BSP_Init) refers to stm32f4xx_rcc.o(.text.RCC_AHB1PeriphClockCmd) for RCC_AHB1PeriphClockCmd
    usb_bsp.o(.text.USB_OTG_BSP_Init) refers to stm32f4xx_gpio.o(.text.GPIO_Init) for GPIO_Init
    usb_bsp.o(.text.USB_OTG_BSP_Init) refers to stm32f4xx_gpio.o(.text.GPIO_PinAFConfig) for GPIO_PinAFConfig
    usb_bsp.o(.ARM.exidx.text.USB_OTG_BSP_Init) refers to usb_bsp.o(.text.USB_OTG_BSP_Init) for [Anonymous Symbol]
    usb_bsp.o(.text.USB_OTG_BSP_EnableInterrupt) refers to misc.o(.text.NVIC_Init) for NVIC_Init
    usb_bsp.o(.ARM.exidx.text.USB_OTG_BSP_EnableInterrupt) refers to usb_bsp.o(.text.USB_OTG_BSP_EnableInterrupt) for [Anonymous Symbol]
    usb_bsp.o(.text.USB_OTG_BSP_DriveVBUS) refers to stm32f4xx_gpio.o(.text.GPIO_ResetBits) for GPIO_ResetBits
    usb_bsp.o(.text.USB_OTG_BSP_DriveVBUS) refers to stm32f4xx_gpio.o(.text.GPIO_SetBits) for GPIO_SetBits
    usb_bsp.o(.ARM.exidx.text.USB_OTG_BSP_DriveVBUS) refers to usb_bsp.o(.text.USB_OTG_BSP_DriveVBUS) for [Anonymous Symbol]
    usb_bsp.o(.text.USB_OTG_BSP_ConfigVBUS) refers to stm32f4xx_rcc.o(.text.RCC_AHB1PeriphClockCmd) for RCC_AHB1PeriphClockCmd
    usb_bsp.o(.text.USB_OTG_BSP_ConfigVBUS) refers to stm32f4xx_gpio.o(.text.GPIO_Init) for GPIO_Init
    usb_bsp.o(.text.USB_OTG_BSP_ConfigVBUS) refers to stm32f4xx_gpio.o(.text.GPIO_SetBits) for GPIO_SetBits
    usb_bsp.o(.ARM.exidx.text.USB_OTG_BSP_ConfigVBUS) refers to usb_bsp.o(.text.USB_OTG_BSP_ConfigVBUS) for [Anonymous Symbol]
    usb_bsp.o(.ARM.exidx.text.USB_OTG_BSP_mDelay) refers to usb_bsp.o(.text.USB_OTG_BSP_mDelay) for [Anonymous Symbol]
    usb_bsp.o(.ARM.exidx.text.USB_OTG_BSP_uDelay) refers to usb_bsp.o(.text.USB_OTG_BSP_uDelay) for [Anonymous Symbol]
    usb_bsp.o(.ARM.exidx.text.USB_OTG_BSP_TimerIRQ) refers to usb_bsp.o(.text.USB_OTG_BSP_TimerIRQ) for [Anonymous Symbol]
    usbh_usr.o(.text.USBH_USR_Init) refers to usbh_usr.o(.bss.USBH_USR_Init.startup) for USBH_USR_Init.startup
    usbh_usr.o(.text.USBH_USR_Init) refers to stm32f429i_discovery.o(.text.STM_EVAL_LEDInit) for STM_EVAL_LEDInit
[...]
    dir_sdi                                  0x080074dd   Thumb Code   160  ff.o(.text.dir_sdi)
    [Anonymous Symbol]                       0x080074dc   Section        0  ff.o(.text.dir_sdi)
    [Anonymous Symbol]                       0x0800757c   Section        0  usbh_msc_fatfs.o(.text.disk_initialize)
    [Anonymous Symbol]                       0x080075a4   Section        0  usbh_msc_fatfs.o(.text.disk_ioctl)
    [Anonymous Symbol]                       0x080075f8   Section        0  usbh_msc_fatfs.o(.text.disk_read)
    [Anonymous Symbol]                       0x08007680   Section        0  usbh_msc_fatfs.o(.text.disk_status)
    [Anonymous Symbol]                       0x08007694   Section        0  usbh_msc_fatfs.o(.text.disk_write)
    [Anonymous Symbol]                       0x0800772c   Section        0  ff.o(.text.f_close)
    [Anonymous Symbol]                       0x08007740   Section        0  ff.o(.text.f_lseek)
    [Anonymous Symbol]                       0x080078d0   Section        0  ff.o(.text.f_mount)
    [Anonymous Symbol]                       0x08007900   Section        0  ff.o(.text.f_open)
    [Anonymous Symbol]                       0x08007ab8   Section        0  ff.o(.text.f_opendir)
    [Anonymous Symbol]                       0x08007b40   Section        0  ff.o(.text.f_read)
    [Anonymous Symbol]                       0x08007dc4   Section        0  ff.o(.text.f_readdir)
    [Anonymous Symbol]                       0x08007e74   Section        0  ff.o(.text.f_sync)
    [Anonymous Symbol]                       0x08007f24   Section        0  ff.o(.text.f_write)
    follow_path                              0x080081e9   Thumb Code  1360  ff.o(.text.follow_path)
    [Anonymous Symbol]                       0x080081e8   Section        0  ff.o(.text.follow_path)
    [Anonymous Symbol]                       0x08008738   Section        0  ff.o(.text.get_fat)
    [Anonymous Symbol]                       0x08008808   Section        0  fattime.o(.text.get_fattime)
    get_fileinfo                             0x0800880d   Thumb Code   256  ff.o(.text.get_fileinfo)
    [Anonymous Symbol]                       0x0800880c   Section        0  ff.o(.text.get_fileinfo)
    [Anonymous Symbol]                       0x0800890c   Section        0  main.o(.text.main)
    move_window                              0x08008965   Thumb Code   148  ff.o(.text.move_window)
    [Anonymous Symbol]                       0x08008964   Section        0  ff.o(.text.move_window)
    [Anonymous Symbol]                       0x080089f8   Section        0  ff.o(.text.put_fat)
    sync_fs                                  0x08008afd   Thumb Code   220  ff.o(.text.sync_fs)
    [Anonymous Symbol]                       0x08008afc   Section        0  ff.o(.text.sync_fs)
    sync_window                              0x08008bd9   Thumb Code   114  ff.o(.text.sync_window)
    [Anonymous Symbol]                       0x08008bd8   Section        0  ff.o(.text.sync_window)
    i.__0printf$8                            0x08008c4c   Section        0  printf8.o(i.__0printf$8)
    i.__scatterload_copy                     0x08008c6c   Section       14  handlers.o(i.__scatterload_copy)
    i.__scatterload_null                     0x08008c7a   Section        2  handlers.o(i.__scatterload_null)
    i.__scatterload_zeroinit                 0x08008c7c   Section       14  handlers.o(i.__scatterload_zeroinit)
    _printf_core                             0x08008c8d   Thumb Code   996  printf8.o(i._printf_core)
    i._printf_core                           0x08008c8c   Section        0  printf8.o(i._printf_core)
    _printf_post_padding                     0x0800909d   Thumb Code    36  printf8.o(i._printf_post_padding)
    i._printf_post_padding                   0x0800909c   Section        0  printf8.o(i._printf_post_padding)
    _printf_pre_padding                      0x080090c1   Thumb Code    46  printf8.o(i._printf_pre_padding)
    i._printf_pre_padding                    0x080090c0   Section        0  printf8.o(i._printf_pre_padding)
    i.fputc                                  0x080090ee   Section        0  fputc.o(i.fputc)
    i.puts                                   0x08009100   Section        0  puts.o(i.puts)
    ExCvt                                    0x0800b4f4   Data         128  ff.o(.rodata.ExCvt)
    [Anonymous Symbol]                       0x0800b4f4   Section        0  ff.o(.rodata.ExCvt)
    .Lswitch.table.LTDC_LayerPixelFormat.1   0x0800b580   Data          32  stm32f4xx_ltdc.o(.rodata.cst32)
    .L.str.16                                0x0800b5a0   Data          28  usbh_usr.o(.rodata.str1.1)
    [Anonymous Symbol]                       0x0800b5a0   Section        0  usbh_usr.o(.rodata.str1.1)
    .L.str.4                                 0x0800b5bc   Data          39  usbh_usr.o(.rodata.str1.1)
    .L.str.25                                0x0800b5e3   Data          37  usbh_usr.o(.rodata.str1.1)
    .L.str.24                                0x0800b608   Data          37  usbh_usr.o(.rodata.str1.1)
    .L.str.3                                 0x0800b62d   Data           8  usbh_usr.o(.rodata.str1.1)
    .Lstr.46                                 0x0800b635   Data          33  usbh_usr.o(.rodata.str1.1)
    .Lstr.47                                 0x0800b656   Data          27  usbh_usr.o(.rodata.str1.1)
    .Lstr.48                                 0x0800b671   Data          27  usbh_usr.o(.rodata.str1.1)
    .Lstr.50                                 0x0800b68c   Data          33  usbh_usr.o(.rodata.str1.1)
    .L.str.17                                0x0800b6ad   Data           4  usbh_usr.o(.rodata.str1.1)
    .L.str.2                                 0x0800b6b1   Data          29  usbh_usr.o(.rodata.str1.1)
    .Lstr.49                                 0x0800b724   Data          30  usbh_usr.o(.rodata.str1.1)
    .L.str                                   0x0800b742   Data          12  usbh_usr.o(.rodata.str1.1)
    .L.str                                   0x0800b74e   Data           4  usbh_core.o(.rodata.str1.1)
    [Anonymous Symbol]                       0x0800b74e   Section        0  usbh_core.o(.rodata.str1.1)
    .L__const.USBH_USR_MSC_Application.writeTextBuff 0x0800b754   Data          78  usbh_usr.o(.rodata.str1.4)
    [Anonymous Symbol]                       0x0800b754   Section        0  usbh_usr.o(.rodata.str1.4)
    .data                                    0x20000000   Section        4  stdout.o(.data)
    CurrentBackColor                         0x20000008   Data           2  stm32f429i_discovery_lcd.o(.data.CurrentBackColor)
    [Anonymous Symbol]                       0x20000008   Section        0  stm32f429i_discovery_lcd.o(.data.CurrentBackColor)
    Stat                                     0x2000002c   Data           1  usbh_msc_fatfs.o(.data.Stat)
    [Anonymous Symbol]                       0x2000002c   Section        0  usbh_msc_fatfs.o(.data.Stat)
    USBH_MSC_Read10.status                   0x20000040   Data           1  usbh_msc_scsi.o(.data.USBH_MSC_Read10.status)
    [Anonymous Symbol]                       0x20000040   Section        0  usbh_msc_scsi.o(.data.USBH_MSC_Read10.status)
    .L_MergedGlobals                         0x200000a0   Data          12  usbh_usr.o(.bss..L_MergedGlobals)
    [Anonymous Symbol]                       0x200000a0   Section        0  usbh_usr.o(.bss..L_MergedGlobals)
    Toggle_Leds.i                            0x200000a8   Data           4  usbh_usr.o(.bss..L_MergedGlobals)
    .L_MergedGlobals                         0x200000ac   Data          12  ff.o(.bss..L_MergedGlobals)
    Fsid                                     0x200000ac   Data           2  ff.o(.bss..L_MergedGlobals)
    [Anonymous Symbol]                       0x200000ac   Section        0  ff.o(.bss..L_MergedGlobals)
    FatFs                                    0x200000b0   Data           8  ff.o(.bss..L_MergedGlobals)
    .L_MergedGlobals                         0x200000b8   Data          18  lcd_log.o(.bss..L_MergedGlobals)
    [Anonymous Symbol]                       0x200000b8   Section        0  lcd_log.o(.bss..L_MergedGlobals)
    .L_MergedGlobals                         0x200000cc   Data          12  stm32f429i_discovery_lcd.o(.bss..L_MergedGlobals)
    CurrentFrameBuffer                       0x200000cc   Data           1  stm32f429i_discovery_lcd.o(.bss..L_MergedGlobals)
    [Anonymous Symbol]                       0x200000cc   Section        0  stm32f429i_discovery_lcd.o(.bss..L_MergedGlobals)
    CurrentLayer                             0x200000d0   Data           1  stm32f429i_discovery_lcd.o(.bss..L_MergedGlobals)
    CurrentTextColor                         0x200000d2   Data           2  stm32f429i_discovery_lcd.o(.bss..L_MergedGlobals)
    LCD_Currentfonts                         0x200000d4   Data           4  stm32f429i_discovery_lcd.o(.bss..L_MergedGlobals)
    .L_MergedGlobals                         0x200000d8   Data          80  usbh_msc_bot.o(.bss..L_MergedGlobals)
    BOTStallErrorCount                       0x200000d8   Data           4  usbh_msc_bot.o(.bss..L_MergedGlobals)
    [Anonymous Symbol]                       0x200000d8   Section        0  usbh_msc_bot.o(.bss..L_MergedGlobals)
    USBH_MSC_HandleBOTXfer.remainingDataLength 0x200000dc   Data           4  usbh_msc_bot.o(.bss..L_MergedGlobals)
    USBH_MSC_HandleBOTXfer.datapointer       0x200000e0   Data           4  usbh_msc_bot.o(.bss..L_MergedGlobals)
    USBH_MSC_HandleBOTXfer.datapointer_prev  0x200000e4   Data           4  usbh_msc_bot.o(.bss..L_MergedGlobals)
    .L_MergedGlobals                         0x20000128   Data           2  usbh_msc_core.o(.bss..L_MergedGlobals)
    [Anonymous Symbol]                       0x20000128   Section        0  usbh_msc_core.o(.bss..L_MergedGlobals)
    USBH_MSC_Handle.maxLunExceed             0x20000129   Data           1  usbh_msc_core.o(.bss..L_MergedGlobals)
    USBH_HandleControl.timeout               0x20000938   Data           2  usbh_core.o(.bss.USBH_HandleControl.timeout)
    [Anonymous Symbol]                       0x20000938   Section        0  usbh_core.o(.bss.USBH_HandleControl.timeout)
    USBH_ParseCfgDesc.prev_itf               0x2000094c   Data           1  usbh_stdreq.o(.bss.USBH_ParseCfgDesc.prev_itf)
    [Anonymous Symbol]                       0x2000094c   Section        0  usbh_stdreq.o(.bss.USBH_ParseCfgDesc.prev_itf)
    USBH_USR_Init.startup                    0x2000094d   Data           1  usbh_usr.o(.bss.USBH_USR_Init.startup)
    [Anonymous Symbol]                       0x2000094d   Section        0  usbh_usr.o(.bss.USBH_USR_Init.startup)
    STACK                                    0x200013d8   Section     1024  startup_stm32f429_439xx.o(STACK)

    Global Symbols

    Symbol Name                              Value     Ov Type        Size  Object(Section)

    BuildAttributes$$THM_ISAv4$E$P$D$K$B$S$7EM$PE$A:L22UL41UL21$X:L11$S22US41US21$IEEE1$IW$~IW$USESV6$~STKCKD$USESV7$~SHL$OTIME$ROPI$EBA8$MICROLIB$REQ8$PRES8$EABIv2 0x00000000   Number         0  anon$$obj.o ABSOLUTE
    _printf_a                                0x00000000   Number         0  printfstubs.o ABSOLUTE
    _printf_c                                0x00000000   Number         0  printfstubs.o ABSOLUTE
    _printf_charcount                        0x00000000   Number         0  printfstubs.o ABSOLUTE
    _printf_d                                0x00000000   Number         0  printfstubs.o ABSOLUTE
    _printf_e                                0x00000000   Number         0  printfstubs.o ABSOLUTE
    _printf_f                                0x00000000   Number         0  printfstubs.o ABSOLUTE
    _printf_flags                            0x00000000   Number         0  printfstubs.o ABSOLUTE
    _printf_fp_dec                           0x00000000   Number         0  printfstubs.o ABSOLUTE
    _printf_fp_hex                           0x00000000   Number         0  printfstubs.o ABSOLUTE
    _printf_g                                0x00000000   Number         0  printfstubs.o ABSOLUTE
    _printf_i                                0x00000000   Number         0  printfstubs.o ABSOLUTE
    _printf_int_dec                          0x00000000   Number         0  printfstubs.o ABSOLUTE
    _printf_l                                0x00000000   Number         0  printfstubs.o ABSOLUTE
    _printf_lc                               0x00000000   Number         0  printfstubs.o ABSOLUTE
    _printf_ll                               0x00000000   Number         0  printfstubs.o ABSOLUTE
    _printf_lld                              0x00000000   Number         0  printfstubs.o ABSOLUTE
    _printf_lli                              0x00000000   Number         0  printfstubs.o ABSOLUTE
    _printf_llo                              0x00000000   Number         0  printfstubs.o ABSOLUTE
    _printf_llu                              0x00000000   Number         0  printfstubs.o ABSOLUTE
    _printf_llx                              0x00000000   Number         0  printfstubs.o ABSOLUTE
    _printf_longlong_dec                     0x00000000   Number         0  printfstubs.o ABSOLUTE
    _printf_longlong_hex                     0x00000000   Number         0  printfstubs.o ABSOLUTE
    _printf_longlong_oct                     0x00000000   Number         0  printfstubs.o ABSOLUTE
    _printf_ls                               0x00000000   Number         0  printfstubs.o ABSOLUTE
    _printf_mbtowc                           0x00000000   Number         0  printfstubs.o ABSOLUTE
    _printf_n                                0x00000000   Number         0  printfstubs.o ABSOLUTE
    _printf_o                                0x00000000   Number         0  printfstubs.o ABSOLUTE
    _printf_p                                0x00000000   Number         0  printfstubs.o ABSOLUTE
    _printf_percent                          0x00000000   Number         0  printfstubs.o ABSOLUTE
    _printf_pre_padding                      0x00000000   Number         0  printfstubs.o ABSOLUTE
    _printf_return_value                     0x00000000   Number         0  printfstubs.o ABSOLUTE
    _printf_s                                0x00000000   Number         0  printfstubs.o ABSOLUTE
    _printf_sizespec                         0x00000000   Number         0  printfstubs.o ABSOLUTE
    _printf_str                              0x00000000   Number         0  printfstubs.o ABSOLUTE
    _printf_truncate_signed                  0x00000000   Number         0  printfstubs.o ABSOLUTE
    _printf_truncate_unsigned                0x00000000   Number         0  printfstubs.o ABSOLUTE
    _printf_u                                0x00000000   Number         0  printfstubs.o ABSOLUTE
    _printf_wc                               0x00000000   Number         0  printfstubs.o ABSOLUTE
    _printf_wctomb                           0x00000000   Number         0  printfstubs.o ABSOLUTE
    _printf_widthprec                        0x00000000   Number         0  printfstubs.o ABSOLUTE
    _printf_x                                0x00000000   Number         0  printfstubs.o ABSOLUTE
    __cpp_initialize__aeabi_                  - Undefined Weak Reference
    __cxa_finalize                            - Undefined Weak Reference
    __decompress                              - Undefined Weak Reference
    _clock_init                               - Undefined Weak Reference
    _microlib_exit                            - Undefined Weak Reference
    __Vectors_Size                           0x000001ac   Number         0  startup_stm32f429_439xx.o ABSOLUTE
    __Vectors                                0x08000000   Data           4  startup_stm32f429_439xx.o(RESET)
    __Vectors_End                            0x080001ac   Data           0  startup_stm32f429_439xx.o(RESET)
    __main                                   0x080001ad   Thumb Code     0  entry.o(.ARM.Collect$$$$00000000)
    _main_stk                                0x080001ad   Thumb Code     0  entry2.o(.ARM.Collect$$$$00000001)
    _main_scatterload                        0x080001b1   Thumb Code     0  entry5.o(.ARM.Collect$$$$00000004)
    __main_after_scatterload                 0x080001b5   Thumb Code     0  entry5.o(.ARM.Collect$$$$00000004)
    _main_clock                              0x080001b5   Thumb Code     0  entry7b.o(.ARM.Collect$$$$00000008)
    _main_cpp_init                           0x080001b5   Thumb Code     0  entry8b.o(.ARM.Collect$$$$0000000A)
    _main_init                               0x080001b5   Thumb Code     0  entry9a.o(.ARM.Collect$$$$0000000B)
    __rt_final_cpp                           0x080001bd   Thumb Code     0  entry10a.o(.ARM.Collect$$$$0000000D)
    __rt_final_exit                          0x080001bd   Thumb Code     0  entry11a.o(.ARM.Collect$$$$0000000F)
    Reset_Handler                            0x080001c1   Thumb Code     8  startup_stm32f429_439xx.o(.text)
    SysTick_Handler                          0x080001d9   Thumb Code     2  startup_stm32f429_439xx.o(.text)
    ADC_IRQHandler                           0x080001db   Thumb Code     0  startup_stm32f429_439xx.o(.text)
    CAN1_RX0_IRQHandler                      0x080001db   Thumb Code     0  startup_stm32f429_439xx.o(.text)
    CAN1_RX1_IRQHandler                      0x080001db   Thumb Code     0  startup_stm32f429_439xx.o(.text)
    CAN1_SCE_IRQHandler                      0x080001db   Thumb Code     0  startup_stm32f429_439xx.o(.text)
    CAN1_TX_IRQHandler                       0x080001db   Thumb Code     0  startup_stm32f429_439xx.o(.text)
    CAN2_RX0_IRQHandler                      0x080001db   Thumb Code     0  startup_stm32f429_439xx.o(.text)
    CAN2_RX1_IRQHandler                      0x080001db   Thumb Code     0  startup_stm32f429_439xx.o(.text)
    CAN2_SCE_IRQHandler                      0x080001db   Thumb Code     0  startup_stm32f429_439xx.o(.text)
    CAN2_TX_IRQHandler                       0x080001db   Thumb Code     0  startup_stm32f429_439xx.o(.text)
    CRYP_IRQHandler                          0x080001db   Thumb Code     0  startup_stm32f429_439xx.o(.text)
    DCMI_IRQHandler                          0x080001db   Thumb Code     0  startup_stm32f429_439xx.o(.text)
    DMA1_Stream0_IRQHandler                  0x080001db   Thumb Code     0  startup_stm32f429_439xx.o(.text)
    DMA1_Stream1_IRQHandler                  0x080001db   Thumb Code     0  startup_stm32f429_439xx.o(.text)
    DMA1_Stream2_IRQHandler                  0x080001db   Thumb Code     0  startup_stm32f429_439xx.o(.text)
    DMA1_Stream3_IRQHandler                  0x080001db   Thumb Code     0  startup_stm32f429_439xx.o(.text)
    DMA1_Stream4_IRQHandler                  0x080001db   Thumb Code     0  startup_stm32f429_439xx.o(.text)
    DMA1_Stream5_IRQHandler                  0x080001db   Thumb Code     0  startup_stm32f429_439xx.o(.text)
    DMA1_Stream6_IRQHandler                  0x080001db   Thumb Code     0  startup_stm32f429_439xx.o(.text)
    DMA1_Stream7_IRQHandler                  0x080001db   Thumb Code     0  startup_stm32f429_439xx.o(.text)
    DMA2D_IRQHandler                         0x080001db   Thumb Code     0  startup_stm32f429_439xx.o(.text)
    DMA2_Stream0_IRQHandler                  0x080001db   Thumb Code     0  startup_stm32f429_439xx.o(.text)
    DMA2_Stream1_IRQHandler                  0x080001db   Thumb Code     0  startup_stm32f429_439xx.o(.text)
    DMA2_Stream2_IRQHandler                  0x080001db   Thumb Code     0  startup_stm32f429_439xx.o(.text)
    DMA2_Stream3_IRQHandler                  0x080001db   Thumb Code     0  startup_stm32f429_439xx.o(.text)
    DMA2_Stream4_IRQHandler                  0x080001db   Thumb Code     0  startup_stm32f429_439xx.o(.text)
    DMA2_Stream5_IRQHandler                  0x080001db   Thumb Code     0  startup_stm32f429_439xx.o(.text)
    DMA2_Stream6_IRQHandler                  0x080001db   Thumb Code     0  startup_stm32f429_439xx.o(.text)
    DMA2_Stream7_IRQHandler                  0x080001db   Thumb Code     0  startup_stm32f429_439xx.o(.text)
    ETH_IRQHandler                           0x080001db   Thumb Code     0  startup_stm32f429_439xx.o(.text)
    ETH_WKUP_IRQHandler                      0x080001db   Thumb Code     0  startup_stm32f429_439xx.o(.text)
    EXTI0_IRQHandler                         0x080001db   Thumb Code     0  startup_stm32f429_439xx.o(.text)
    EXTI15_10_IRQHandler                     0x080001db   Thumb Code     0  startup_stm32f429_439xx.o(.text)
    EXTI2_IRQHandler                         0x080001db   Thumb Code     0  startup_stm32f429_439xx.o(.text)
    EXTI3_IRQHandler                         0x080001db   Thumb Code     0  startup_stm32f429_439xx.o(.text)
    EXTI4_IRQHandler                         0x080001db   Thumb Code     0  startup_stm32f429_439xx.o(.text)
    EXTI9_5_IRQHandler                       0x080001db   Thumb Code     0  startup_stm32f429_439xx.o(.text)
    FLASH_IRQHandler                         0x080001db   Thumb Code     0  startup_stm32f429_439xx.o(.text)
    FMC_IRQHandler                           0x080001db   Thumb Code     0  startup_stm32f429_439xx.o(.text)
    FPU_IRQHandler                           0x080001db   Thumb Code     0  startup_stm32f429_439xx.o(.text)
    HASH_RNG_IRQHandler                      0x080001db   Thumb Code     0  startup_stm32f429_439xx.o(.text)
    I2C1_ER_IRQHandler                       0x080001db   Thumb Code     0  startup_stm32f429_439xx.o(.text)
    I2C1_EV_IRQHandler                       0x080001db   Thumb Code     0  startup_stm32f429_439xx.o(.text)
    I2C2_ER_IRQHandler                       0x080001db   Thumb Code     0  startup_stm32f429_439xx.o(.text)
    I2C2_EV_IRQHandler                       0x080001db   Thumb Code     0  startup_stm32f429_439xx.o(.text)
    I2C3_ER_IRQHandler                       0x080001db   Thumb Code     0  startup_stm32f429_439xx.o(.text)
    I2C3_EV_IRQHandler                       0x080001db   Thumb Code     0  startup_stm32f429_439xx.o(.text)
    LTDC_ER_IRQHandler                       0x080001db   Thumb Code     0  startup_stm32f429_439xx.o(.text)
    LTDC_IRQHandler                          0x080001db   Thumb Code     0  startup_stm32f429_439xx.o(.text)
    OTG_FS_IRQHandler                        0x080001db   Thumb Code     0  startup_stm32f429_439xx.o(.text)
    OTG_FS_WKUP_IRQHandler                   0x080001db   Thumb Code     0  startup_stm32f429_439xx.o(.text)
    OTG_HS_EP1_IN_IRQHandler                 0x080001db   Thumb Code     0  startup_stm32f429_439xx.o(.text)
    OTG_HS_EP1_OUT_IRQHandler                0x080001db   Thumb Code     0  startup_stm32f429_439xx.o(.text)
    OTG_HS_WKUP_IRQHandler                   0x080001db   Thumb Code     0  startup_stm32f429_439xx.o(.text)
    PVD_IRQHandler                           0x080001db   Thumb Code     0  startup_stm32f429_439xx.o(.text)
    RCC_IRQHandler                           0x080001db   Thumb Code     0  startup_stm32f429_439xx.o(.text)
    RTC_Alarm_IRQHandler                     0x080001db   Thumb Code     0  startup_stm32f429_439xx.o(.text)
    RTC_WKUP_IRQHandler                      0x080001db   Thumb Code     0  startup_stm32f429_439xx.o(.text)
    SAI1_IRQHandler                          0x080001db   Thumb Code     0  startup_stm32f429_439xx.o(.text)
    SDIO_IRQHandler                          0x080001db   Thumb Code     0  startup_stm32f429_439xx.o(.text)
    SPI1_IRQHandler                          0x080001db   Thumb Code     0  startup_stm32f429_439xx.o(.text)
    SPI2_IRQHandler                          0x080001db   Thumb Code     0  startup_stm32f429_439xx.o(.text)
    SPI3_IRQHandler                          0x080001db   Thumb Code     0  startup_stm32f429_439xx.o(.text)
    SPI4_IRQHandler                          0x080001db   Thumb Code     0  startup_stm32f429_439xx.o(.text)
    SPI5_IRQHandler                          0x080001db   Thumb Code     0  startup_stm32f429_439xx.o(.text)
    SPI6_IRQHandler                          0x080001db   Thumb Code     0  startup_stm32f429_439xx.o(.text)
    TAMP_STAMP_IRQHandler                    0x080001db   Thumb Code     0  startup_stm32f429_439xx.o(.text)
    TIM1_BRK_TIM9_IRQHandler                 0x080001db   Thumb Code     0  startup_stm32f429_439xx.o(.text)
    TIM1_CC_IRQHandler                       0x080001db   Thumb Code     0  startup_stm32f429_439xx.o(.text)
    TIM1_TRG_COM_TIM11_IRQHandler            0x080001db   Thumb Code     0  startup_stm32f429_439xx.o(.text)
    TIM1_UP_TIM10_IRQHandler                 0x080001db   Thumb Code     0  startup_stm32f429_439xx.o(.text)
    TIM3_IRQHandler                          0x080001db   Thumb Code     0  startup_stm32f429_439xx.o(.text)
    TIM4_IRQHandler                          0x080001db   Thumb Code     0  startup_stm32f429_439xx.o(.text)
    TIM5_IRQHandler                          0x080001db   Thumb Code     0  startup_stm32f429_439xx.o(.text)
    TIM6_DAC_IRQHandler                      0x080001db   Thumb Code     0  startup_stm32f429_439xx.o(.text)
    TIM7_IRQHandler                          0x080001db   Thumb Code     0  startup_stm32f429_439xx.o(.text)
    TIM8_BRK_TIM12_IRQHandler                0x080001db   Thumb Code     0  startup_stm32f429_439xx.o(.text)
    TIM8_CC_IRQHandler                       0x080001db   Thumb Code     0  startup_stm32f429_439xx.o(.text)
    TIM8_TRG_COM_TIM14_IRQHandler            0x080001db   Thumb Code     0  startup_stm32f429_439xx.o(.text)
    TIM8_UP_TIM13_IRQHandler                 0x080001db   Thumb Code     0  startup_stm32f429_439xx.o(.text)
    UART4_IRQHandler                         0x080001db   Thumb Code     0  startup_stm32f429_439xx.o(.text)
    UART5_IRQHandler                         0x080001db   Thumb Code     0  startup_stm32f429_439xx.o(.text)
    UART7_IRQHandler                         0x080001db   Thumb Code     0  startup_stm32f429_439xx.o(.text)
    UART8_IRQHandler                         0x080001db   Thumb Code     0  startup_stm32f429_439xx.o(.text)
    USART1_IRQHandler                        0x080001db   Thumb Code     0  startup_stm32f429_439xx.o(.text)
    USART2_IRQHandler                        0x080001db   Thumb Code     0  startup_stm32f429_439xx.o(.text)
    USART3_IRQHandler                        0x080001db   Thumb Code     0  startup_stm32f429_439xx.o(.text)
    USART6_IRQHandler                        0x080001db   Thumb Code     0  startup_stm32f429_439xx.o(.text)
    WWDG_IRQHandler                          0x080001db   Thumb Code     0  startup_stm32f429_439xx.o(.text)
    __aeabi_memcpy                           0x080001e5   Thumb Code    36  memcpya.o(.text)
    __aeabi_memcpy4                          0x080001e5   Thumb Code     0  memcpya.o(.text)
    __aeabi_memcpy8                          0x080001e5   Thumb Code     0  memcpya.o(.text)
    __aeabi_memset                           0x08000209   Thumb Code    14  memseta.o(.text)
    __aeabi_memset4                          0x08000209   Thumb Code     0  memseta.o(.text)
    __aeabi_memset8                          0x08000209   Thumb Code     0  memseta.o(.text)
    __aeabi_memclr                           0x08000217   Thumb Code     4  memseta.o(.text)
    __aeabi_memclr4                          0x08000217   Thumb Code     0  memseta.o(.text)
    __aeabi_memclr8                          0x08000217   Thumb Code     0  memseta.o(.text)
    _memset$wrapper                          0x0800021b   Thumb Code    18  memseta.o(.text)
    strstr                                   0x0800022d   Thumb Code    36  strstr.o(.text)
    strlen                                   0x08000251   Thumb Code    14  strlen.o(.text)
    strcpy                                   0x0800025f   Thumb Code    18  strcpy.o(.text)
    __aeabi_uldivmod                         0x08000271   Thumb Code    98  uldiv.o(.text)
    __scatterload                            0x080002d5   Thumb Code    28  init.o(.text)
    __scatterload_rt2                        0x080002d5   Thumb Code     0  init.o(.text)
    __aeabi_llsl                             0x080002f9   Thumb Code    30  llshl.o(.text)
    __semihosting_library_function           0x080002f9   Thumb Code     0  semi.o(.text)
    _ll_shift_l                              0x080002f9   Thumb Code     0  llshl.o(.text)
    __aeabi_llsr                             0x08000317   Thumb Code    32  llushr.o(.text)
    _ll_ushift_r                             0x08000317   Thumb Code     0  llushr.o(.text)
    __I$use$semihosting$fputc                0x08000337   Thumb Code     0  iusesemip.o(.text)
    BusFault_Handler                         0x08000339   Thumb Code     2  stm32fxxx_it.o(.text.BusFault_Handler)
    DebugMon_Handler                         0x0800033d   Thumb Code     2  stm32fxxx_it.o(.text.DebugMon_Handler)
    EXTI1_IRQHandler                         0x08000341   Thumb Code    40  stm32fxxx_it.o(.text.EXTI1_IRQHandler)
    EXTI_ClearITPendingBit                   0x08000369   Thumb Code    12  stm32f4xx_exti.o(.text.EXTI_ClearITPendingBit)
    EXTI_GetITStatus                         0x08000375   Thumb Code    18  stm32f4xx_exti.o(.text.EXTI_GetITStatus)
    EXTI_Init                                0x08000389   Thumb Code   106  stm32f4xx_exti.o(.text.EXTI_Init)
    FMC_GetFlagStatus                        0x080005c9   Thumb Code    44  stm32f4xx_fmc.o(.text.FMC_GetFlagStatus)
    FMC_SDRAMCmdConfig                       0x080005f5   Thumb Code    34  stm32f4xx_fmc.o(.text.FMC_SDRAMCmdConfig)
    FMC_SDRAMInit                            0x08000619   Thumb Code   330  stm32f4xx_fmc.o(.text.FMC_SDRAMInit)
    FMC_SetRefreshCount                      0x08000765   Thumb Code    18  stm32f4xx_fmc.o(.text.FMC_SetRefreshCount)
    GPIO_Init                                0x08000779   Thumb Code   256  stm32f4xx_gpio.o(.text.GPIO_Init)
    GPIO_PinAFConfig                         0x08000879   Thumb Code    40  stm32f4xx_gpio.o(.text.GPIO_PinAFConfig)
    GPIO_ReadInputDataBit                    0x080008a1   Thumb Code    10  stm32f4xx_gpio.o(.text.GPIO_ReadInputDataBit)
    GPIO_ResetBits                           0x080008ad   Thumb Code     4  stm32f4xx_gpio.o(.text.GPIO_ResetBits)
    GPIO_SetBits                             0x080008b1   Thumb Code     4  stm32f4xx_gpio.o(.text.GPIO_SetBits)
    GPIO_WriteBit                            0x080008b5   Thumb Code    10  stm32f4xx_gpio.o(.text.GPIO_WriteBit)
    HCD_GetCurrentFrame                      0x080008c1   Thumb Code     8  usb_hcd.o(.text.HCD_GetCurrentFrame)
    HCD_GetCurrentSpeed                      0x080008c9   Thumb Code    12  usb_hcd.o(.text.HCD_GetCurrentSpeed)
    HCD_GetURB_State                         0x080008d5   Thumb Code     8  usb_hcd.o(.text.HCD_GetURB_State)
    HCD_GetXferCnt                           0x080008dd   Thumb Code    10  usb_hcd.o(.text.HCD_GetXferCnt)
    HCD_Init                                 0x080008e9   Thumb Code   238  usb_hcd.o(.text.HCD_Init)
    HCD_IsDeviceConnected                    0x080009d9   Thumb Code     6  usb_hcd.o(.text.HCD_IsDeviceConnected)
    HCD_ResetPort                            0x080009e1   Thumb Code    10  usb_hcd.o(.text.HCD_ResetPort)
    HCD_SubmitRequest                        0x080009ed   Thumb Code    30  usb_hcd.o(.text.HCD_SubmitRequest)
    HardFault_Handler                        0x08000a0d   Thumb Code     2  stm32fxxx_it.o(.text.HardFault_Handler)
    LCD_Clear                                0x08000a11   Thumb Code   394  stm32f429i_discovery_lcd.o(.text.LCD_Clear)
    LCD_ClearLine                            0x08000b9d   Thumb Code   226  stm32f429i_discovery_lcd.o(.text.LCD_ClearLine)
    LCD_DisplayStringLine                    0x08000c81   Thumb Code   254  stm32f429i_discovery_lcd.o(.text.LCD_DisplayStringLine)
    LCD_GetFont                              0x08000d81   Thumb Code    12  stm32f429i_discovery_lcd.o(.text.LCD_GetFont)
    LCD_Init                                 0x08000d8d   Thumb Code   558  stm32f429i_discovery_lcd.o(.text.LCD_Init)
    LCD_LOG_ClearTextZone                    0x08000fbd   Thumb Code   184  lcd_log.o(.text.LCD_LOG_ClearTextZone)
    LCD_LOG_Init                             0x08001075   Thumb Code    32  lcd_log.o(.text.LCD_LOG_Init)
    LCD_LOG_SetFooter                        0x08001095   Thumb Code   170  lcd_log.o(.text.LCD_LOG_SetFooter)
    LCD_LOG_SetHeader                        0x08001141   Thumb Code   200  lcd_log.o(.text.LCD_LOG_SetHeader)
    LCD_LayerInit                            0x08001209   Thumb Code   180  stm32f429i_discovery_lcd.o(.text.LCD_LayerInit)
    LCD_PowerOn                              0x080012bd   Thumb Code  6506  stm32f429i_discovery_lcd.o(.text.LCD_PowerOn)
    LCD_SPIConfig                            0x08002c29   Thumb Code   182  stm32f429i_discovery_lcd.o(.text.LCD_SPIConfig)
    LCD_SetBackColor                         0x08002ce1   Thumb Code    12  stm32f429i_discovery_lcd.o(.text.LCD_SetBackColor)
    LCD_SetFont                              0x08002ced   Thumb Code    12  stm32f429i_discovery_lcd.o(.text.LCD_SetFont)
    LCD_SetLayer                             0x08002cf9   Thumb Code    20  stm32f429i_discovery_lcd.o(.text.LCD_SetLayer)
    LCD_SetTextColor                         0x08002d0d   Thumb Code    12  stm32f429i_discovery_lcd.o(.text.LCD_SetTextColor)
    LCD_SetTransparency                      0x08002d19   Thumb Code    42  stm32f429i_discovery_lcd.o(.text.LCD_SetTransparency)
    LCD_WriteBMP                             0x08002d45   Thumb Code   622  stm32f429i_discovery_lcd.o(.text.LCD_WriteBMP)
    LTDC_Cmd                                 0x08002fb5   Thumb Code    24  stm32f4xx_ltdc.o(.text.LTDC_Cmd)
    LTDC_DitherCmd                           0x08002fcd   Thumb Code    26  stm32f4xx_ltdc.o(.text.LTDC_DitherCmd)
    LTDC_Init                                0x08002fe9   Thumb Code   170  stm32f4xx_ltdc.o(.text.LTDC_Init)
    LTDC_LayerAlpha                          0x08003095   Thumb Code     4  stm32f4xx_ltdc.o(.text.LTDC_LayerAlpha)
    LTDC_LayerCmd                            0x08003099   Thumb Code    16  stm32f4xx_ltdc.o(.text.LTDC_LayerCmd)
    LTDC_LayerInit                           0x080030a9   Thumb Code   148  stm32f4xx_ltdc.o(.text.LTDC_LayerInit)
    LTDC_LayerPixelFormat                    0x0800313d   Thumb Code    60  stm32f4xx_ltdc.o(.text.LTDC_LayerPixelFormat)
    LTDC_LayerSize                           0x08003189   Thumb Code    88  stm32f4xx_ltdc.o(.text.LTDC_LayerSize)
    LTDC_ReloadConfig                        0x080031e1   Thumb Code    12  stm32f4xx_ltdc.o(.text.LTDC_ReloadConfig)
    MemManage_Handler                        0x080031ed   Thumb Code     2  stm32fxxx_it.o(.text.MemManage_Handler)
    NMI_Handler                              0x080031f1   Thumb Code     2  stm32fxxx_it.o(.text.NMI_Handler)
    NVIC_Init                                0x080031f5   Thumb Code   100  misc.o(.text.NVIC_Init)
    OTG_HS_IRQHandler                        0x08003259   Thumb Code    12  stm32fxxx_it.o(.text.OTG_HS_IRQHandler)
    PendSV_Handler                           0x08003265   Thumb Code     2  stm32fxxx_it.o(.text.PendSV_Handler)
    RCC_AHB1PeriphClockCmd                   0x08003269   Thumb Code    24  stm32f4xx_rcc.o(.text.RCC_AHB1PeriphClockCmd)
    RCC_AHB3PeriphClockCmd                   0x08003281   Thumb Code    24  stm32f4xx_rcc.o(.text.RCC_AHB3PeriphClockCmd)
    RCC_APB1PeriphResetCmd                   0x08003299   Thumb Code    24  stm32f4xx_rcc.o(.text.RCC_APB1PeriphResetCmd)
    RCC_APB2PeriphClockCmd                   0x080032b1   Thumb Code    24  stm32f4xx_rcc.o(.text.RCC_APB2PeriphClockCmd)
    RCC_APB2PeriphResetCmd                   0x080032c9   Thumb Code    24  stm32f4xx_rcc.o(.text.RCC_APB2PeriphResetCmd)
    RCC_GetFlagStatus                        0x080032e1   Thumb Code    38  stm32f4xx_rcc.o(.text.RCC_GetFlagStatus)
    RCC_LTDCCLKDivConfig                     0x08003309   Thumb Code    20  stm32f4xx_rcc.o(.text.RCC_LTDCCLKDivConfig)
    RCC_PLLSAICmd                            0x0800331d   Thumb Code    10  stm32f4xx_rcc.o(.text.RCC_PLLSAICmd)
    RCC_PLLSAIConfig                         0x08003329   Thumb Code    22  stm32f4xx_rcc.o(.text.RCC_PLLSAIConfig)
    SDRAM_GPIOConfig                         0x08003341   Thumb Code   512  stm32f429i_discovery_sdram.o(.text.SDRAM_GPIOConfig)
    SDRAM_Init                               0x08003541   Thumb Code    94  stm32f429i_discovery_sdram.o(.text.SDRAM_Init)
    SDRAM_InitSequence                       0x080035a1   Thumb Code   256  stm32f429i_discovery_sdram.o(.text.SDRAM_InitSequence)
    SPI_Cmd                                  0x080036a1   Thumb Code    20  stm32f4xx_spi.o(.text.SPI_Cmd)
    SPI_I2S_DeInit                           0x080036b5   Thumb Code   238  stm32f4xx_spi.o(.text.SPI_I2S_DeInit)
    SPI_I2S_GetFlagStatus                    0x080037a5   Thumb Code    10  stm32f4xx_spi.o(.text.SPI_I2S_GetFlagStatus)
    SPI_I2S_SendData                         0x080037b1   Thumb Code     4  stm32f4xx_spi.o(.text.SPI_I2S_SendData)
    SPI_Init                                 0x080037b5   Thumb Code    70  stm32f4xx_spi.o(.text.SPI_Init)
    STM_EVAL_LEDInit                         0x080037fd   Thumb Code    70  stm32f429i_discovery.o(.text.STM_EVAL_LEDInit)
    STM_EVAL_LEDToggle                       0x08003845   Thumb Code    32  stm32f429i_discovery.o(.text.STM_EVAL_LEDToggle)
    STM_EVAL_PBGetState                      0x08003865   Thumb Code    22  stm32f429i_discovery.o(.text.STM_EVAL_PBGetState)
    STM_EVAL_PBInit                          0x0800387d   Thumb Code   112  stm32f429i_discovery.o(.text.STM_EVAL_PBInit)
    SVC_Handler                              0x080038ed   Thumb Code     2  stm32fxxx_it.o(.text.SVC_Handler)
    SYSCFG_EXTILineConfig                    0x080038f1   Thumb Code    48  stm32f4xx_syscfg.o(.text.SYSCFG_EXTILineConfig)
    SystemInit                               0x08003921   Thumb Code   282  system_stm32f4xx.o(.text.SystemInit)
    TIM2_IRQHandler                          0x08003a3d   Thumb Code     4  stm32fxxx_it.o(.text.TIM2_IRQHandler)
    USBH_Alloc_Channel                       0x08003a41   Thumb Code   142  usbh_hcs.o(.text.USBH_Alloc_Channel)
    USBH_BulkReceiveData                     0x08003ad1   Thumb Code    48  usbh_ioreq.o(.text.USBH_BulkReceiveData)
    USBH_BulkSendData                        0x08003b01   Thumb Code    48  usbh_ioreq.o(.text.USBH_BulkSendData)
    USBH_ClrFeature                          0x08003b31   Thumb Code    50  usbh_stdreq.o(.text.USBH_ClrFeature)
    USBH_Connected                           0x08003b65   Thumb Code    12  usbh_core.o(.text.USBH_Connected)
    USBH_CtlReceiveData                      0x08003b71   Thumb Code    34  usbh_ioreq.o(.text.USBH_CtlReceiveData)
    USBH_CtlReq                              0x08003b95   Thumb Code    80  usbh_ioreq.o(.text.USBH_CtlReq)
    USBH_CtlSendData                         0x08003be5   Thumb Code    52  usbh_ioreq.o(.text.USBH_CtlSendData)
    USBH_CtlSendSetup                        0x08003c19   Thumb Code    36  usbh_ioreq.o(.text.USBH_CtlSendSetup)
    USBH_DeAllocate_AllChannel               0x08003c3d   Thumb Code    20  usbh_hcs.o(.text.USBH_DeAllocate_AllChannel)
    USBH_Disconnected                        0x08003c51   Thumb Code    12  usbh_core.o(.text.USBH_Disconnected)
    USBH_Free_Channel                        0x08003c5d   Thumb Code    24  usbh_hcs.o(.text.USBH_Free_Channel)
    USBH_Get_CfgDesc                         0x08003c75   Thumb Code   620  usbh_stdreq.o(.text.USBH_Get_CfgDesc)
    USBH_Get_DevDesc                         0x08003ee1   Thumb Code   152  usbh_stdreq.o(.text.USBH_Get_DevDesc)
    USBH_Get_StringDesc                      0x08003f79   Thumb Code   160  usbh_stdreq.o(.text.USBH_Get_StringDesc)
    USBH_HandleControl                       0x08004019   Thumb Code   542  usbh_core.o(.text.USBH_HandleControl)
    USBH_Init                                0x08004239   Thumb Code    90  usbh_core.o(.text.USBH_Init)
    USBH_MSC_HandleBOTXfer                   0x08004481   Thumb Code   678  usbh_msc_bot.o(.text.USBH_MSC_HandleBOTXfer)
    USBH_MSC_Init                            0x08004729   Thumb Code    64  usbh_msc_bot.o(.text.USBH_MSC_Init)
    USBH_MSC_ModeSense6                      0x0800485d   Thumb Code   164  usbh_msc_scsi.o(.text.USBH_MSC_ModeSense6)
    USBH_MSC_Read10                          0x08004901   Thumb Code   258  usbh_msc_scsi.o(.text.USBH_MSC_Read10)
    USBH_MSC_ReadCapacity10                  0x08004a05   Thumb Code   188  usbh_msc_scsi.o(.text.USBH_MSC_ReadCapacity10)
    USBH_MSC_RequestSense                    0x08004ac1   Thumb Code   184  usbh_msc_scsi.o(.text.USBH_MSC_RequestSense)
    USBH_MSC_TestUnitReady                   0x08004b79   Thumb Code   112  usbh_msc_scsi.o(.text.USBH_MSC_TestUnitReady)
    USBH_MSC_Write10                         0x08004be9   Thumb Code   160  usbh_msc_scsi.o(.text.USBH_MSC_Write10)
    USBH_Modify_Channel                      0x08004c89   Thumb Code    68  usbh_hcs.o(.text.USBH_Modify_Channel)
    USBH_OTG_ISR_Handler                     0x08004ccd   Thumb Code  2090  usb_hcd_int.o(.text.USBH_OTG_ISR_Handler)
    USBH_Open_Channel                        0x080054f9   Thumb Code    96  usbh_hcs.o(.text.USBH_Open_Channel)
    USBH_Process                             0x08005559   Thumb Code  1016  usbh_core.o(.text.USBH_Process)
    USBH_SOF                                 0x08005951   Thumb Code     4  usbh_core.o(.text.USBH_SOF)
    USBH_SetAddress                          0x08005955   Thumb Code    24  usbh_stdreq.o(.text.USBH_SetAddress)
    USBH_SetCfg                              0x0800596d   Thumb Code    24  usbh_stdreq.o(.text.USBH_SetCfg)
    USBH_USR_Configuration_DescAvailable     0x08005985   Thumb Code    36  usbh_usr.o(.text.USBH_USR_Configuration_DescAvailable)
    USBH_USR_DeInit                          0x080059e1   Thumb Code    14  usbh_usr.o(.text.USBH_USR_DeInit)
    USBH_USR_DeviceAddressAssigned           0x080059f1   Thumb Code     2  usbh_usr.o(.text.USBH_USR_DeviceAddressAssigned)
    USBH_USR_DeviceAttached                  0x080059f5   Thumb Code    20  usbh_usr.o(.text.USBH_USR_DeviceAttached)
    USBH_USR_DeviceDisconnected              0x08005a1d   Thumb Code    72  usbh_usr.o(.text.USBH_USR_DeviceDisconnected)
    USBH_USR_DeviceNotSupported              0x08005a7d   Thumb Code    44  usbh_usr.o(.text.USBH_USR_DeviceNotSupported)
    USBH_USR_DeviceSpeedDetected             0x08005ac1   Thumb Code    32  usbh_usr.o(.text.USBH_USR_DeviceSpeedDetected)
    USBH_USR_Device_DescAvailable            0x08005afd   Thumb Code    40  usbh_usr.o(.text.USBH_USR_Device_DescAvailable)
    USBH_USR_EnumerationDone                 0x08005b45   Thumb Code    76  usbh_usr.o(.text.USBH_USR_EnumerationDone)
    USBH_USR_Init                            0x08005bf1   Thumb Code   132  usbh_usr.o(.text.USBH_USR_Init)
    USBH_USR_MSC_Application                 0x08005c91   Thumb Code  1388  usbh_usr.o(.text.USBH_USR_MSC_Application)
    USBH_USR_Manufacturer_String             0x08006291   Thumb Code    24  usbh_usr.o(.text.USBH_USR_Manufacturer_String)
    USBH_USR_OverCurrentDetected             0x080062bd   Thumb Code    44  usbh_usr.o(.text.USBH_USR_OverCurrentDetected)
    USBH_USR_Product_String                  0x08006301   Thumb Code    24  usbh_usr.o(.text.USBH_USR_Product_String)
    USBH_USR_ResetDevice                     0x08006329   Thumb Code     2  usbh_usr.o(.text.USBH_USR_ResetDevice)
    USBH_USR_SerialNum_String                0x0800632d   Thumb Code    24  usbh_usr.o(.text.USBH_USR_SerialNum_String)
    USBH_USR_UnrecoveredError                0x08006359   Thumb Code    44  usbh_usr.o(.text.USBH_USR_UnrecoveredError)
    USBH_USR_UserInput                       0x080063a1   Thumb Code    16  usbh_usr.o(.text.USBH_USR_UserInput)
    USB_OTG_BSP_ConfigVBUS                   0x080063b1   Thumb Code   104  usb_bsp.o(.text.USB_OTG_BSP_ConfigVBUS)
    USB_OTG_BSP_DriveVBUS                    0x08006419   Thumb Code    24  usb_bsp.o(.text.USB_OTG_BSP_DriveVBUS)
    USB_OTG_BSP_EnableInterrupt              0x08006431   Thumb Code    22  usb_bsp.o(.text.USB_OTG_BSP_EnableInterrupt)
    USB_OTG_BSP_Init                         0x08006449   Thumb Code   100  usb_bsp.o(.text.USB_OTG_BSP_Init)
    USB_OTG_BSP_TimerIRQ                     0x080064ad   Thumb Code     2  usb_bsp.o(.text.USB_OTG_BSP_TimerIRQ)
    USB_OTG_BSP_mDelay                       0x080064b1   Thumb Code    80  usb_bsp.o(.text.USB_OTG_BSP_mDelay)
    USB_OTG_BSP_uDelay                       0x08006501   Thumb Code    80  usb_bsp.o(.text.USB_OTG_BSP_uDelay)
    USB_OTG_CoreInit                         0x08006551   Thumb Code   320  usb_core.o(.text.USB_OTG_CoreInit)
    USB_OTG_CoreInitHost                     0x08006691   Thumb Code   486  usb_core.o(.text.USB_OTG_CoreInitHost)
    USB_OTG_DisableGlobalInt                 0x08006879   Thumb Code    14  usb_core.o(.text.USB_OTG_DisableGlobalInt)
    USB_OTG_EnableGlobalInt                  0x08006889   Thumb Code    14  usb_core.o(.text.USB_OTG_EnableGlobalInt)
    USB_OTG_HC_DoPing                        0x08006899   Thumb Code    30  usb_core.o(.text.USB_OTG_HC_DoPing)
    USB_OTG_HC_Halt                          0x080068b9   Thumb Code    80  usb_core.o(.text.USB_OTG_HC_Halt)
    USB_OTG_HC_Init                          0x08006909   Thumb Code   278  usb_core.o(.text.USB_OTG_HC_Init)
    USB_OTG_HC_StartXfer                     0x08006a21   Thumb Code   336  usb_core.o(.text.USB_OTG_HC_StartXfer)
    USB_OTG_InitFSLSPClkSel                  0x08006b71   Thumb Code    24  usb_core.o(.text.USB_OTG_InitFSLSPClkSel)
    USB_OTG_IsHostMode                       0x08006b89   Thumb Code    10  usb_core.o(.text.USB_OTG_IsHostMode)
    USB_OTG_ReadCoreItr                      0x08006b95   Thumb Code    10  usb_core.o(.text.USB_OTG_ReadCoreItr)
    USB_OTG_ReadHostAllChannels_intr         0x08006ba1   Thumb Code     6  usb_core.o(.text.USB_OTG_ReadHostAllChannels_intr)
    USB_OTG_ReadPacket                       0x08006ba9   Thumb Code   106  usb_core.o(.text.USB_OTG_ReadPacket)
    USB_OTG_ResetPort                        0x08006c15   Thumb Code    42  usb_core.o(.text.USB_OTG_ResetPort)
    USB_OTG_SelectCore                       0x08006c41   Thumb Code   582  usb_core.o(.text.USB_OTG_SelectCore)
    USB_OTG_SetCurrentMode                   0x08006e89   Thumb Code    48  usb_core.o(.text.USB_OTG_SetCurrentMode)
    USB_OTG_WritePacket                      0x08006eb9   Thumb Code   110  usb_core.o(.text.USB_OTG_WritePacket)
    UsageFault_Handler                       0x08006f29   Thumb Code     2  stm32fxxx_it.o(.text.UsageFault_Handler)
    disk_initialize                          0x0800757d   Thumb Code    38  usbh_msc_fatfs.o(.text.disk_initialize)
    disk_ioctl                               0x080075a5   Thumb Code    82  usbh_msc_fatfs.o(.text.disk_ioctl)
    disk_read                                0x080075f9   Thumb Code   136  usbh_msc_fatfs.o(.text.disk_read)
    disk_status                              0x08007681   Thumb Code    20  usbh_msc_fatfs.o(.text.disk_status)
    disk_write                               0x08007695   Thumb Code   152  usbh_msc_fatfs.o(.text.disk_write)
    f_close                                  0x0800772d   Thumb Code    18  ff.o(.text.f_close)
    f_lseek                                  0x08007741   Thumb Code   398  ff.o(.text.f_lseek)
    f_mount                                  0x080078d1   Thumb Code    48  ff.o(.text.f_mount)
    f_open                                   0x08007901   Thumb Code   440  ff.o(.text.f_open)
    f_opendir                                0x08007ab9   Thumb Code   136  ff.o(.text.f_opendir)
    f_read                                   0x08007b41   Thumb Code   644  ff.o(.text.f_read)
    f_readdir                                0x08007dc5   Thumb Code   174  ff.o(.text.f_readdir)
    f_sync                                   0x08007e75   Thumb Code   174  ff.o(.text.f_sync)
    f_write                                  0x08007f25   Thumb Code   708  ff.o(.text.f_write)
    get_fat                                  0x08008739   Thumb Code   208  ff.o(.text.get_fat)
    get_fattime                              0x08008809   Thumb Code     4  fattime.o(.text.get_fattime)
    main                                     0x0800890d   Thumb Code    88  main.o(.text.main)
    put_fat                                  0x080089f9   Thumb Code   260  ff.o(.text.put_fat)
    __0printf$8                              0x08008c4d   Thumb Code    22  printf8.o(i.__0printf$8)
    __1printf$8                              0x08008c4d   Thumb Code     0  printf8.o(i.__0printf$8)
    __2printf                                0x08008c4d   Thumb Code     0  printf8.o(i.__0printf$8)
    __scatterload_copy                       0x08008c6d   Thumb Code    14  handlers.o(i.__scatterload_copy)
    __scatterload_null                       0x08008c7b   Thumb Code     2  handlers.o(i.__scatterload_null)
    __scatterload_zeroinit                   0x08008c7d   Thumb Code    14  handlers.o(i.__scatterload_zeroinit)
    fputc                                    0x080090ef   Thumb Code    18  fputc.o(i.fputc)
    puts                                     0x08009101   Thumb Code    30  puts.o(i.puts)
    ASCII12x12_Table                         0x08009124   Data        2304  stm32f429i_discovery_lcd.o(.rodata.ASCII12x12_Table)
    ASCII16x24_Table                         0x08009a24   Data        4560  stm32f429i_discovery_lcd.o(.rodata.ASCII16x24_Table)
    ASCII8x12_Table                          0x0800abf4   Data        2304  stm32f429i_discovery_lcd.o(.rodata.ASCII8x12_Table)
    GPIO_CLK                                 0x0800b574   Data           8  stm32f429i_discovery.o(.rodata.GPIO_CLK)
    GPIO_PIN                                 0x0800b57c   Data           4  stm32f429i_discovery.o(.rodata.GPIO_PIN)
    Region$$Table$$Base                      0x0800b7a4   Number         0  anon$$obj.o(Region$$Table)
    Region$$Table$$Limit                     0x0800b7c4   Number         0  anon$$obj.o(Region$$Table)
    __stdout                                 0x20000000   Data           4  stdout.o(.data)
    BUTTON_PORT                              0x20000004   Data           4  stm32f429i_discovery.o(.data.BUTTON_PORT)
    Font12x12                                0x2000000c   Data           8  stm32f429i_discovery_lcd.o(.data.Font12x12)
    Font16x24                                0x20000014   Data           8  stm32f429i_discovery_lcd.o(.data.Font16x24)
    Font8x12                                 0x2000001c   Data           8  stm32f429i_discovery_lcd.o(.data.Font8x12)
    GPIO_PORT                                0x20000024   Data           8  stm32f429i_discovery.o(.data.GPIO_PORT)
    USBH_HCD_INT_cb                          0x20000030   Data          12  usbh_core.o(.data.USBH_HCD_INT_cb)
    USBH_HCD_INT_fops                        0x2000003c   Data           4  usbh_core.o(.data.USBH_HCD_INT_fops)
    USBH_MSC_cb                              0x20000044   Data          16  usbh_msc_core.o(.data.USBH_MSC_cb)
    USR_cb                                   0x20000054   Data          72  usbh_usr.o(.data.USR_cb)
    USBH_USR_ApplicationState                0x200000a0   Data           1  usbh_usr.o(.bss..L_MergedGlobals)
    line_idx                                 0x200000a1   Data           1  usbh_usr.o(.bss..L_MergedGlobals)
    BytesRead                                0x200000a4   Data           4  usbh_usr.o(.bss..L_MergedGlobals)
    LCD_CacheBuffer_yptr_invert              0x200000b8   Data           1  lcd_log.o(.bss..L_MergedGlobals)
    LCD_ScrollActive                         0x200000b9   Data           1  lcd_log.o(.bss..L_MergedGlobals)
    LCD_Lock                                 0x200000ba   Data           1  lcd_log.o(.bss..L_MergedGlobals)
    LCD_Scrolled                             0x200000bb   Data           1  lcd_log.o(.bss..L_MergedGlobals)
    LCD_LineColor                            0x200000bc   Data           2  lcd_log.o(.bss..L_MergedGlobals)
    LCD_CacheBuffer_xptr                     0x200000be   Data           2  lcd_log.o(.bss..L_MergedGlobals)
    LCD_CacheBuffer_yptr_top                 0x200000c0   Data           2  lcd_log.o(.bss..L_MergedGlobals)
    LCD_CacheBuffer_yptr_bottom              0x200000c2   Data           2  lcd_log.o(.bss..L_MergedGlobals)
    LCD_CacheBuffer_yptr_top_bak             0x200000c4   Data           2  lcd_log.o(.bss..L_MergedGlobals)
    LCD_CacheBuffer_yptr_bottom_bak          0x200000c6   Data           2  lcd_log.o(.bss..L_MergedGlobals)
    LCD_ScrollBackStep                       0x200000c8   Data           2  lcd_log.o(.bss..L_MergedGlobals)
    USBH_MSC_BOTXferParam                    0x200000e8   Data          16  usbh_msc_bot.o(.bss..L_MergedGlobals)
    USBH_MSC_CSWData                         0x200000f8   Data          16  usbh_msc_bot.o(.bss..L_MergedGlobals)
    USBH_MSC_CBWData                         0x20000108   Data          32  usbh_msc_bot.o(.bss..L_MergedGlobals)
    MSCErrorCount                            0x20000128   Data           1  usbh_msc_core.o(.bss..L_MergedGlobals)
    Image_Buf                                0x2000012a   Data         512  usbh_usr.o(.bss.Image_Buf)
    MSC_Machine                              0x2000032c   Data         522  usbh_msc_core.o(.bss.MSC_Machine)
    USBH_CfgDesc                             0x20000538   Data         512  usbh_stdreq.o(.bss.USBH_CfgDesc)
    USBH_DataInBuffer                        0x20000738   Data         512  usbh_msc_scsi.o(.bss.USBH_DataInBuffer)
    USBH_MSC_Param                           0x2000093c   Data          16  usbh_msc_scsi.o(.bss.USBH_MSC_Param)
    USB_Host                                 0x20000950   Data         132  main.o(.bss.USB_Host)
    USB_OTG_Core                             0x200009d4   Data        1452  main.o(.bss.USB_OTG_Core)
    fatfs                                    0x20000f80   Data         564  usbh_usr.o(.bss.fatfs)
    file                                     0x200011b4   Data         548  usbh_usr.o(.bss.file)
    __initial_sp                             0x200017d8   Data           0  startup_stm32f429_439xx.o(STACK)



==============================================================================

Memory Map of the image

  Image Entry point : 0x080001ad

  Load Region LR_IROM1 (Base: 0x08000000, Size: 0x0000b868, Max: 0x00200000, ABSOLUTE)

    Execution Region ER_IROM1 (Exec base: 0x08000000, Load base: 0x08000000, Size: 0x0000b7c4, Max: 0x00200000, ABSOLUTE)

    Exec Addr    Load Addr    Size         Type   Attr      Idx    E Section Name        Object

    0x08000000   0x08000000   0x000001ac   Data   RO          943    RESET               startup_stm32f429_439xx.o
    0x080001ac   0x080001ac   0x00000000   Code   RO         1490  * .ARM.Collect$$$$00000000  mc_w.l(entry.o)
    0x080001ac   0x080001ac   0x00000004   Code   RO         1776    .ARM.Collect$$$$00000001  mc_w.l(entry2.o)
    0x080001b0   0x080001b0   0x00000004   Code   RO         1779    .ARM.Collect$$$$00000004  mc_w.l(entry5.o)
    0x080001b4   0x080001b4   0x00000000   Code   RO         1781    .ARM.Collect$$$$00000008  mc_w.l(entry7b.o)
    0x080001b4   0x080001b4   0x00000000   Code   RO         1783    .ARM.Collect$$$$0000000A  mc_w.l(entry8b.o)
    0x080001b4   0x080001b4   0x00000008   Code   RO         1784    .ARM.Collect$$$$0000000B  mc_w.l(entry9a.o)
    0x080001bc   0x080001bc   0x00000000   Code   RO         1786    .ARM.Collect$$$$0000000D  mc_w.l(entry10a.o)
    0x080001bc   0x080001bc   0x00000000   Code   RO         1788    .ARM.Collect$$$$0000000F  mc_w.l(entry11a.o)
    0x080001bc   0x080001bc   0x00000004   Code   RO         1777    .ARM.Collect$$$$00002712  mc_w.l(entry2.o)
    0x080001c0   0x080001c0   0x00000024   Code   RO          944    .text               startup_stm32f429_439xx.o
    0x080001e4   0x080001e4   0x00000024   Code   RO         1497    .text               mc_w.l(memcpya.o)
    0x08000208   0x08000208   0x00000024   Code   RO         1499    .text               mc_w.l(memseta.o)
    0x0800022c   0x0800022c   0x00000024   Code   RO         1501    .text               mc_w.l(strstr.o)
    0x08000250   0x08000250   0x0000000e   Code   RO         1503    .text               mc_w.l(strlen.o)
    0x0800025e   0x0800025e   0x00000012   Code   RO         1505    .text               mc_w.l(strcpy.o)
    0x08000270   0x08000270   0x00000062   Code   RO         1806    .text               mc_w.l(uldiv.o)
    0x080002d2   0x080002d2   0x00000002   PAD
    0x080002d4   0x080002d4   0x00000024   Code   RO         1821    .text               mc_w.l(init.o)
    0x080002f8   0x080002f8   0x00000000   Code   RO         1823    .text               mc_w.l(semi.o)
    0x080002f8   0x080002f8   0x0000001e   Code   RO         1824    .text               mc_w.l(llshl.o)
    0x08000316   0x08000316   0x00000020   Code   RO         1826    .text               mc_w.l(llushr.o)
    0x08000336   0x08000336   0x00000000   Code   RO         1830    .text               mc_w.l(iusesemip.o)
    0x08000336   0x08000336   0x00000002   PAD
    0x08000338   0x08000338   0x00000002   Code   RO           19    .text.BusFault_Handler  stm32fxxx_it.o
    0x0800033a   0x0800033a   0x00000002   PAD
    0x0800033c   0x0800033c   0x00000002   Code   RO           25    .text.DebugMon_Handler  stm32fxxx_it.o
    0x0800033e   0x0800033e   0x00000002   PAD
    0x08000340   0x08000340   0x00000028   Code   RO           29    .text.EXTI1_IRQHandler  stm32fxxx_it.o
    0x08000368   0x08000368   0x0000000c   Code   RO          549    .text.EXTI_ClearITPendingBit  stm32f4xx_exti.o
    0x08000374   0x08000374   0x00000012   Code   RO          547    .text.EXTI_GetITStatus  stm32f4xx_exti.o
    0x08000386   0x08000386   0x00000002   PAD
    0x08000388   0x08000388   0x0000006a   Code   RO          537    .text.EXTI_Init     stm32f4xx_exti.o
    0x080003f2   0x080003f2   0x00000002   PAD
    0x080003f4   0x080003f4   0x000001d4   Code   RO          102    .text.Explore_Disk  usbh_usr.o
    0x080005c8   0x080005c8   0x0000002c   Code   RO          605    .text.FMC_GetFlagStatus  stm32f4xx_fmc.o
    0x080005f4   0x080005f4   0x00000022   Code   RO          593    .text.FMC_SDRAMCmdConfig  stm32f4xx_fmc.o
    0x08000616   0x08000616   0x00000002   PAD
    0x08000618   0x08000618   0x0000014a   Code   RO          589    .text.FMC_SDRAMInit  stm32f4xx_fmc.o
    0x08000762   0x08000762   0x00000002   PAD
    0x08000764   0x08000764   0x00000012   Code   RO          597    .text.FMC_SetRefreshCount  stm32f4xx_fmc.o
    0x08000776   0x08000776   0x00000002   PAD
    0x08000778   0x08000778   0x00000100   Code   RO          624    .text.GPIO_Init     stm32f4xx_gpio.o
    0x08000878   0x08000878   0x00000028   Code   RO          648    .text.GPIO_PinAFConfig  stm32f4xx_gpio.o
    0x080008a0   0x080008a0   0x0000000a   Code   RO          630    .text.GPIO_ReadInputDataBit  stm32f4xx_gpio.o
    0x080008aa   0x080008aa   0x00000002   PAD
    0x080008ac   0x080008ac   0x00000004   Code   RO          640    .text.GPIO_ResetBits  stm32f4xx_gpio.o
    0x080008b0   0x080008b0   0x00000004   Code   RO          638    .text.GPIO_SetBits  stm32f4xx_gpio.o
    0x080008b4   0x080008b4   0x0000000a   Code   RO          642    .text.GPIO_WriteBit  stm32f4xx_gpio.o
    0x080008be   0x080008be   0x00000002   PAD
    0x080008c0   0x080008c0   0x00000008   Code   RO         1461    .text.HCD_GetCurrentFrame  usb_hcd.o
    0x080008c8   0x080008c8   0x0000000c   Code   RO         1455    .text.HCD_GetCurrentSpeed  usb_hcd.o
    0x080008d4   0x080008d4   0x00000008   Code   RO         1463    .text.HCD_GetURB_State  usb_hcd.o
    0x080008dc   0x080008dc   0x0000000a   Code   RO         1465    .text.HCD_GetXferCnt  usb_hcd.o
    0x080008e6   0x080008e6   0x00000002   PAD
    0x080008e8   0x080008e8   0x000000ee   Code   RO         1453    .text.HCD_Init      usb_hcd.o
    0x080009d6   0x080009d6   0x00000002   PAD
    0x080009d8   0x080009d8   0x00000006   Code   RO         1459    .text.HCD_IsDeviceConnected  usb_hcd.o
    0x080009de   0x080009de   0x00000002   PAD
    0x080009e0   0x080009e0   0x0000000a   Code   RO         1457    .text.HCD_ResetPort  usb_hcd.o
    0x080009ea   0x080009ea   0x00000002   PAD
    0x080009ec   0x080009ec   0x0000001e   Code   RO         1471    .text.HCD_SubmitRequest  usb_hcd.o
    0x08000a0a   0x08000a0a   0x00000002   PAD
    0x08000a0c   0x08000a0c   0x00000002   Code   RO           15    .text.HardFault_Handler  stm32fxxx_it.o
    0x08000a0e   0x08000a0e   0x00000002   PAD
    0x08000a10   0x08000a10   0x0000018a   Code   RO          331    .text.LCD_Clear     stm32f429i_discovery_lcd.o
    0x08000b9a   0x08000b9a   0x00000002   PAD
    0x08000b9c   0x08000b9c   0x000000e2   Code   RO          327    .text.LCD_ClearLine  stm32f429i_discovery_lcd.o
    0x08000c7e   0x08000c7e   0x00000002   PAD
    0x08000c80   0x08000c80   0x000000fe   Code   RO          341    .text.LCD_DisplayStringLine  stm32f429i_discovery_lcd.o
    0x08000d7e   0x08000d7e   0x00000002   PAD
    0x08000d80   0x08000d80   0x0000000c   Code   RO          325    .text.LCD_GetFont   stm32f429i_discovery_lcd.o
    0x08000d8c   0x08000d8c   0x0000022e   Code   RO          299    .text.LCD_Init      stm32f429i_discovery_lcd.o
    0x08000fba   0x08000fba   0x00000002   PAD
    0x08000fbc   0x08000fbc   0x000000b8   Code   RO          244    .text.LCD_LOG_ClearTextZone  lcd_log.o
    0x08001074   0x08001074   0x00000020   Code   RO          236    .text.LCD_LOG_Init  lcd_log.o
    0x08001094   0x08001094   0x000000aa   Code   RO          242    .text.LCD_LOG_SetFooter  lcd_log.o
    0x0800113e   0x0800113e   0x00000002   PAD
    0x08001140   0x08001140   0x000000c8   Code   RO          240    .text.LCD_LOG_SetHeader  lcd_log.o
    0x08001208   0x08001208   0x000000b4   Code   RO          309    .text.LCD_LayerInit  stm32f429i_discovery_lcd.o
    0x080012bc   0x080012bc   0x0000196a   Code   RO          307    .text.LCD_PowerOn   stm32f429i_discovery_lcd.o
    0x08002c26   0x08002c26   0x00000002   PAD
    0x08002c28   0x08002c28   0x000000b6   Code   RO          305    .text.LCD_SPIConfig  stm32f429i_discovery_lcd.o
    0x08002cde   0x08002cde   0x00000002   PAD
    0x08002ce0   0x08002ce0   0x0000000c   Code   RO          321    .text.LCD_SetBackColor  stm32f429i_discovery_lcd.o
    0x08002cec   0x08002cec   0x0000000c   Code   RO          311    .text.LCD_SetFont   stm32f429i_discovery_lcd.o
    0x08002cf8   0x08002cf8   0x00000014   Code   RO          313    .text.LCD_SetLayer  stm32f429i_discovery_lcd.o
    0x08002d0c   0x08002d0c   0x0000000c   Code   RO          319    .text.LCD_SetTextColor  stm32f429i_discovery_lcd.o
    0x08002d18   0x08002d18   0x0000002a   Code   RO          323    .text.LCD_SetTransparency  stm32f429i_discovery_lcd.o
    0x08002d42   0x08002d42   0x00000002   PAD
    0x08002d44   0x08002d44   0x0000026e   Code   RO          359    .text.LCD_WriteBMP  stm32f429i_discovery_lcd.o
    0x08002fb2   0x08002fb2   0x00000002   PAD
    0x08002fb4   0x08002fb4   0x00000018   Code   RO          742    .text.LTDC_Cmd      stm32f4xx_ltdc.o
    0x08002fcc   0x08002fcc   0x0000001a   Code   RO          744    .text.LTDC_DitherCmd  stm32f4xx_ltdc.o
    0x08002fe6   0x08002fe6   0x00000002   PAD
    0x08002fe8   0x08002fe8   0x000000aa   Code   RO          738    .text.LTDC_Init     stm32f4xx_ltdc.o
    0x08003092   0x08003092   0x00000002   PAD
    0x08003094   0x08003094   0x00000004   Code   RO          778    .text.LTDC_LayerAlpha  stm32f4xx_ltdc.o
    0x08003098   0x08003098   0x00000010   Code   RO          758    .text.LTDC_LayerCmd  stm32f4xx_ltdc.o
    0x080030a8   0x080030a8   0x00000094   Code   RO          754    .text.LTDC_LayerInit  stm32f4xx_ltdc.o
    0x0800313c   0x0800313c   0x0000004c   Code   RO          784    .text.LTDC_LayerPixelFormat  stm32f4xx_ltdc.o
    0x08003188   0x08003188   0x00000058   Code   RO          782    .text.LTDC_LayerSize  stm32f4xx_ltdc.o
    0x080031e0   0x080031e0   0x0000000c   Code   RO          752    .text.LTDC_ReloadConfig  stm32f4xx_ltdc.o
    0x080031ec   0x080031ec   0x00000002   Code   RO           17    .text.MemManage_Handler  stm32fxxx_it.o
    0x080031ee   0x080031ee   0x00000002   PAD
    0x080031f0   0x080031f0   0x00000002   Code   RO           13    .text.NMI_Handler   stm32fxxx_it.o
    0x080031f2   0x080031f2   0x00000002   PAD
    0x080031f4   0x080031f4   0x00000064   Code   RO          427    .text.NVIC_Init     misc.o
    0x08003258   0x08003258   0x0000000c   Code   RO           33    .text.OTG_HS_IRQHandler  stm32fxxx_it.o
    0x08003264   0x08003264   0x00000002   Code   RO           27    .text.PendSV_Handler  stm32fxxx_it.o
    0x08003266   0x08003266   0x00000002   PAD
    0x08003268   0x08003268   0x00000018   Code   RO          871    .text.RCC_AHB1PeriphClockCmd  stm32f4xx_rcc.o
    0x08003280   0x08003280   0x00000018   Code   RO          875    .text.RCC_AHB3PeriphClockCmd  stm32f4xx_rcc.o
    0x08003298   0x08003298   0x00000018   Code   RO          887    .text.RCC_APB1PeriphResetCmd  stm32f4xx_rcc.o
    0x080032b0   0x080032b0   0x00000018   Code   RO          879    .text.RCC_APB2PeriphClockCmd  stm32f4xx_rcc.o
    0x080032c8   0x080032c8   0x00000018   Code   RO          889    .text.RCC_APB2PeriphResetCmd  stm32f4xx_rcc.o
    0x080032e0   0x080032e0   0x00000026   Code   RO          811    .text.RCC_GetFlagStatus  stm32f4xx_rcc.o
    0x08003306   0x08003306   0x00000002   PAD
    0x08003308   0x08003308   0x00000014   Code   RO          867    .text.RCC_LTDCCLKDivConfig  stm32f4xx_rcc.o
    0x0800331c   0x0800331c   0x0000000a   Code   RO          831    .text.RCC_PLLSAICmd  stm32f4xx_rcc.o
    0x08003326   0x08003326   0x00000002   PAD
    0x08003328   0x08003328   0x00000016   Code   RO          829    .text.RCC_PLLSAIConfig  stm32f4xx_rcc.o
    0x0800333e   0x0800333e   0x00000002   PAD
    0x08003340   0x08003340   0x00000200   Code   RO          409    .text.SDRAM_GPIOConfig  stm32f429i_discovery_sdram.o
    0x08003540   0x08003540   0x0000005e   Code   RO          407    .text.SDRAM_Init    stm32f429i_discovery_sdram.o
    0x0800359e   0x0800359e   0x00000002   PAD
    0x080035a0   0x080035a0   0x00000100   Code   RO          411    .text.SDRAM_InitSequence  stm32f429i_discovery_sdram.o
    0x080036a0   0x080036a0   0x00000014   Code   RO          975    .text.SPI_Cmd       stm32f4xx_spi.o
    0x080036b4   0x080036b4   0x000000ee   Code   RO          965    .text.SPI_I2S_DeInit  stm32f4xx_spi.o
    0x080037a2   0x080037a2   0x00000002   PAD
    0x080037a4   0x080037a4   0x0000000a   Code   RO         1007    .text.SPI_I2S_GetFlagStatus  stm32f4xx_spi.o
    0x080037ae   0x080037ae   0x00000002   PAD
    0x080037b0   0x080037b0   0x00000004   Code   RO          993    .text.SPI_I2S_SendData  stm32f4xx_spi.o
    0x080037b4   0x080037b4   0x00000046   Code   RO          967    .text.SPI_Init      stm32f4xx_spi.o
    0x080037fa   0x080037fa   0x00000002   PAD
    0x080037fc   0x080037fc   0x00000046   Code   RO          258    .text.STM_EVAL_LEDInit  stm32f429i_discovery.o
    0x08003842   0x08003842   0x00000002   PAD
    0x08003844   0x08003844   0x00000020   Code   RO          264    .text.STM_EVAL_LEDToggle  stm32f429i_discovery.o
    0x08003864   0x08003864   0x00000016   Code   RO          268    .text.STM_EVAL_PBGetState  stm32f429i_discovery.o
    0x0800387a   0x0800387a   0x00000002   PAD
    0x0800387c   0x0800387c   0x00000070   Code   RO          266    .text.STM_EVAL_PBInit  stm32f429i_discovery.o
    0x080038ec   0x080038ec   0x00000002   Code   RO           23    .text.SVC_Handler   stm32fxxx_it.o
    0x080038ee   0x080038ee   0x00000002   PAD
    0x080038f0   0x080038f0   0x00000030   Code   RO          926    .text.SYSCFG_EXTILineConfig  stm32f4xx_syscfg.o
    0x08003920   0x08003920   0x0000011a   Code   RO          951    .text.SystemInit    system_stm32f4xx.o
    0x08003a3a   0x08003a3a   0x00000002   PAD
    0x08003a3c   0x08003a3c   0x00000004   Code   RO           31    .text.TIM2_IRQHandler  stm32fxxx_it.o
    0x08003a40   0x08003a40   0x0000008e   Code   RO         1321    .text.USBH_Alloc_Channel  usbh_hcs.o
    0x08003ace   0x08003ace   0x00000002   PAD
    0x08003ad0   0x08003ad0   0x00000030   Code   RO         1345    .text.USBH_BulkReceiveData  usbh_ioreq.o
    0x08003b00   0x08003b00   0x00000030   Code   RO         1343    .text.USBH_BulkSendData  usbh_ioreq.o
    0x08003b30   0x08003b30   0x00000032   Code   RO         1377    .text.USBH_ClrFeature  usbh_stdreq.o
    0x08003b62   0x08003b62   0x00000002   PAD
    0x08003b64   0x08003b64   0x0000000c   Code   RO         1291    .text.USBH_Connected  usbh_core.o
    0x08003b70   0x08003b70   0x00000022   Code   RO         1341    .text.USBH_CtlReceiveData  usbh_ioreq.o
    0x08003b92   0x08003b92   0x00000002   PAD
    0x08003b94   0x08003b94   0x00000050   Code   RO         1335    .text.USBH_CtlReq   usbh_ioreq.o
    0x08003be4   0x08003be4   0x00000034   Code   RO         1339    .text.USBH_CtlSendData  usbh_ioreq.o
    0x08003c18   0x08003c18   0x00000024   Code   RO         1337    .text.USBH_CtlSendSetup  usbh_ioreq.o
    0x08003c3c   0x08003c3c   0x00000014   Code   RO         1325    .text.USBH_DeAllocate_AllChannel  usbh_hcs.o
    0x08003c50   0x08003c50   0x0000000c   Code   RO         1293    .text.USBH_Disconnected  usbh_core.o
    0x08003c5c   0x08003c5c   0x00000018   Code   RO         1323    .text.USBH_Free_Channel  usbh_hcs.o
    0x08003c74   0x08003c74   0x0000026c   Code   RO         1367    .text.USBH_Get_CfgDesc  usbh_stdreq.o
    0x08003ee0   0x08003ee0   0x00000098   Code   RO         1363    .text.USBH_Get_DevDesc  usbh_stdreq.o
    0x08003f78   0x08003f78   0x000000a0   Code   RO         1369    .text.USBH_Get_StringDesc  usbh_stdreq.o
    0x08004018   0x08004018   0x0000021e   Code   RO         1303    .text.USBH_HandleControl  usbh_core.o
    0x08004236   0x08004236   0x00000002   PAD
    0x08004238   0x08004238   0x0000005a   Code   RO         1295    .text.USBH_Init     usbh_core.o
    0x08004292   0x08004292   0x00000002   PAD
    0x08004294   0x08004294   0x00000010   Code   RO         1228    .text.USBH_MSC_ClassRequest  usbh_msc_core.o
    0x080042a4   0x080042a4   0x000001da   Code   RO         1230    .text.USBH_MSC_Handle  usbh_msc_core.o
    0x0800447e   0x0800447e   0x00000002   PAD
    0x08004480   0x08004480   0x000002a6   Code   RO         1209    .text.USBH_MSC_HandleBOTXfer  usbh_msc_bot.o
    0x08004726   0x08004726   0x00000002   PAD
    0x08004728   0x08004728   0x00000040   Code   RO         1207    .text.USBH_MSC_Init  usbh_msc_bot.o
    0x08004768   0x08004768   0x0000003e   Code   RO         1226    .text.USBH_MSC_InterfaceDeInit  usbh_msc_core.o
    0x080047a6   0x080047a6   0x00000002   PAD
    0x080047a8   0x080047a8   0x000000b2   Code   RO         1224    .text.USBH_MSC_InterfaceInit  usbh_msc_core.o
    0x0800485a   0x0800485a   0x00000002   PAD
    0x0800485c   0x0800485c   0x000000a4   Code   RO         1269    .text.USBH_MSC_ModeSense6  usbh_msc_scsi.o
    0x08004900   0x08004900   0x00000102   Code   RO         1275    .text.USBH_MSC_Read10  usbh_msc_scsi.o
    0x08004a02   0x08004a02   0x00000002   PAD
    0x08004a04   0x08004a04   0x000000bc   Code   RO         1267    .text.USBH_MSC_ReadCapacity10  usbh_msc_scsi.o
    0x08004ac0   0x08004ac0   0x000000b8   Code   RO         1271    .text.USBH_MSC_RequestSense  usbh_msc_scsi.o
    0x08004b78   0x08004b78   0x00000070   Code   RO         1265    .text.USBH_MSC_TestUnitReady  usbh_msc_scsi.o
    0x08004be8   0x08004be8   0x000000a0   Code   RO         1273    .text.USBH_MSC_Write10  usbh_msc_scsi.o
    0x08004c88   0x08004c88   0x00000044   Code   RO         1319    .text.USBH_Modify_Channel  usbh_hcs.o
    0x08004ccc   0x08004ccc   0x0000082a   Code   RO         1481    .text.USBH_OTG_ISR_Handler  usb_hcd_int.o
    0x080054f6   0x080054f6   0x00000002   PAD
    0x080054f8   0x080054f8   0x00000060   Code   RO         1317    .text.USBH_Open_Channel  usbh_hcs.o
    0x08005558   0x08005558   0x000003f8   Code   RO         1299    .text.USBH_Process  usbh_core.o
    0x08005950   0x08005950   0x00000004   Code   RO         1289    .text.USBH_SOF      usbh_core.o
    0x08005954   0x08005954   0x00000018   Code   RO         1371    .text.USBH_SetAddress  usbh_stdreq.o
    0x0800596c   0x0800596c   0x00000018   Code   RO         1373    .text.USBH_SetCfg   usbh_stdreq.o
    0x08005984   0x08005984   0x0000005c   Code   RO           84    .text.USBH_USR_Configuration_DescAvailable  usbh_usr.o
    0x080059e0   0x080059e0   0x0000000e   Code   RO           68    .text.USBH_USR_DeInit  usbh_usr.o
    0x080059ee   0x080059ee   0x00000002   PAD
    0x080059f0   0x080059f0   0x00000002   Code   RO           82    .text.USBH_USR_DeviceAddressAssigned  usbh_usr.o
    0x080059f2   0x080059f2   0x00000002   PAD
    0x080059f4   0x080059f4   0x00000028   Code   RO           70    .text.USBH_USR_DeviceAttached  usbh_usr.o
    0x08005a1c   0x08005a1c   0x00000060   Code   RO           74    .text.USBH_USR_DeviceDisconnected  usbh_usr.o
    0x08005a7c   0x08005a7c   0x00000044   Code   RO           98    .text.USBH_USR_DeviceNotSupported  usbh_usr.o
    0x08005ac0   0x08005ac0   0x0000003c   Code   RO           78    .text.USBH_USR_DeviceSpeedDetected  usbh_usr.o
    0x08005afc   0x08005afc   0x00000048   Code   RO           80    .text.USBH_USR_Device_DescAvailable  usbh_usr.o
    0x08005b44   0x08005b44   0x000000ac   Code   RO           92    .text.USBH_USR_EnumerationDone  usbh_usr.o
    0x08005bf0   0x08005bf0   0x000000a0   Code   RO           66    .text.USBH_USR_Init  usbh_usr.o
    0x08005c90   0x08005c90   0x00000600   Code   RO           96    .text.USBH_USR_MSC_Application  usbh_usr.o
    0x08006290   0x08006290   0x0000002c   Code   RO           86    .text.USBH_USR_Manufacturer_String  usbh_usr.o
    0x080062bc   0x080062bc   0x00000044   Code   RO           76    .text.USBH_USR_OverCurrentDetected  usbh_usr.o
    0x08006300   0x08006300   0x00000028   Code   RO           88    .text.USBH_USR_Product_String  usbh_usr.o
    0x08006328   0x08006328   0x00000002   Code   RO           72    .text.USBH_USR_ResetDevice  usbh_usr.o
    0x0800632a   0x0800632a   0x00000002   PAD
    0x0800632c   0x0800632c   0x0000002c   Code   RO           90    .text.USBH_USR_SerialNum_String  usbh_usr.o
    0x08006358   0x08006358   0x00000048   Code   RO          100    .text.USBH_USR_UnrecoveredError  usbh_usr.o
    0x080063a0   0x080063a0   0x00000010   Code   RO           94    .text.USBH_USR_UserInput  usbh_usr.o
    0x080063b0   0x080063b0   0x00000068   Code   RO           48    .text.USB_OTG_BSP_ConfigVBUS  usb_bsp.o
    0x08006418   0x08006418   0x00000018   Code   RO           46    .text.USB_OTG_BSP_DriveVBUS  usb_bsp.o
    0x08006430   0x08006430   0x00000016   Code   RO           44    .text.USB_OTG_BSP_EnableInterrupt  usb_bsp.o
    0x08006446   0x08006446   0x00000002   PAD
    0x08006448   0x08006448   0x00000064   Code   RO           42    .text.USB_OTG_BSP_Init  usb_bsp.o
    0x080064ac   0x080064ac   0x00000002   Code   RO           54    .text.USB_OTG_BSP_TimerIRQ  usb_bsp.o
    0x080064ae   0x080064ae   0x00000002   PAD
    0x080064b0   0x080064b0   0x00000050   Code   RO           50    .text.USB_OTG_BSP_mDelay  usb_bsp.o
    0x08006500   0x08006500   0x00000050   Code   RO           52    .text.USB_OTG_BSP_uDelay  usb_bsp.o
    0x08006550   0x08006550   0x00000140   Code   RO         1397    .text.USB_OTG_CoreInit  usb_core.o
    0x08006690   0x08006690   0x000001e6   Code   RO         1419    .text.USB_OTG_CoreInitHost  usb_core.o
    0x08006876   0x08006876   0x00000002   PAD
    0x08006878   0x08006878   0x0000000e   Code   RO         1401    .text.USB_OTG_DisableGlobalInt  usb_core.o
    0x08006886   0x08006886   0x00000002   PAD
    0x08006888   0x08006888   0x0000000e   Code   RO         1399    .text.USB_OTG_EnableGlobalInt  usb_core.o
    0x08006896   0x08006896   0x00000002   PAD
    0x08006898   0x08006898   0x0000001e   Code   RO         1441    .text.USB_OTG_HC_DoPing  usb_core.o
    0x080068b6   0x080068b6   0x00000002   PAD
    0x080068b8   0x080068b8   0x00000050   Code   RO         1439    .text.USB_OTG_HC_Halt  usb_core.o
    0x08006908   0x08006908   0x00000116   Code   RO         1435    .text.USB_OTG_HC_Init  usb_core.o
    0x08006a1e   0x08006a1e   0x00000002   PAD
    0x08006a20   0x08006a20   0x00000150   Code   RO         1437    .text.USB_OTG_HC_StartXfer  usb_core.o
    0x08006b70   0x08006b70   0x00000018   Code   RO         1421    .text.USB_OTG_InitFSLSPClkSel  usb_core.o
    0x08006b88   0x08006b88   0x0000000a   Code   RO         1413    .text.USB_OTG_IsHostMode  usb_core.o
    0x08006b92   0x08006b92   0x00000002   PAD
    0x08006b94   0x08006b94   0x0000000a   Code   RO         1415    .text.USB_OTG_ReadCoreItr  usb_core.o
    0x08006b9e   0x08006b9e   0x00000002   PAD
    0x08006ba0   0x08006ba0   0x00000006   Code   RO         1433    .text.USB_OTG_ReadHostAllChannels_intr  usb_core.o
    0x08006ba6   0x08006ba6   0x00000002   PAD
    0x08006ba8   0x08006ba8   0x0000006a   Code   RO         1393    .text.USB_OTG_ReadPacket  usb_core.o
    0x08006c12   0x08006c12   0x00000002   PAD
    0x08006c14   0x08006c14   0x0000002a   Code   RO         1423    .text.USB_OTG_ResetPort  usb_core.o
    0x08006c3e   0x08006c3e   0x00000002   PAD
    0x08006c40   0x08006c40   0x00000246   Code   RO         1395    .text.USB_OTG_SelectCore  usb_core.o
    0x08006e86   0x08006e86   0x00000002   PAD
    0x08006e88   0x08006e88   0x00000030   Code   RO         1407    .text.USB_OTG_SetCurrentMode  usb_core.o
    0x08006eb8   0x08006eb8   0x0000006e   Code   RO         1391    .text.USB_OTG_WritePacket  usb_core.o
    0x08006f26   0x08006f26   0x00000002   PAD
    0x08006f28   0x08006f28   0x00000002   Code   RO           21    .text.UsageFault_Handler  stm32fxxx_it.o
    0x08006f2a   0x08006f2a   0x00000002   PAD
    0x08006f2c   0x08006f2c   0x0000006a   Code   RO          222    .text.check_fs      ff.o
    0x08006f96   0x08006f96   0x00000002   PAD
    0x08006f98   0x08006f98   0x000002b6   Code   RO          158    .text.chk_mounted   ff.o
    0x0800724e   0x0800724e   0x00000002   PAD
    0x08007250   0x08007250   0x000000ca   Code   RO          170    .text.create_chain  ff.o
    0x0800731a   0x0800731a   0x00000002   PAD
    0x0800731c   0x0800731c   0x00000134   Code   RO          190    .text.dir_next      ff.o
    0x08007450   0x08007450   0x0000008a   Code   RO          162    .text.dir_register  ff.o
    0x080074da   0x080074da   0x00000002   PAD
    0x080074dc   0x080074dc   0x000000a0   Code   RO          182    .text.dir_sdi       ff.o
    0x0800757c   0x0800757c   0x00000026   Code   RO         1246    .text.disk_initialize  usbh_msc_fatfs.o
    0x080075a2   0x080075a2   0x00000002   PAD
    0x080075a4   0x080075a4   0x00000052   Code   RO         1254    .text.disk_ioctl    usbh_msc_fatfs.o
    0x080075f6   0x080075f6   0x00000002   PAD
    0x080075f8   0x080075f8   0x00000088   Code   RO         1250    .text.disk_read     usbh_msc_fatfs.o
    0x08007680   0x08007680   0x00000014   Code   RO         1248    .text.disk_status   usbh_msc_fatfs.o
    0x08007694   0x08007694   0x00000098   Code   RO         1252    .text.disk_write    usbh_msc_fatfs.o
    0x0800772c   0x0800772c   0x00000012   Code   RO          176    .text.f_close       ff.o
    0x0800773e   0x0800773e   0x00000002   PAD
    0x08007740   0x08007740   0x0000018e   Code   RO          178    .text.f_lseek       ff.o
    0x080078ce   0x080078ce   0x00000002   PAD
    0x080078d0   0x080078d0   0x00000030   Code   RO          154    .text.f_mount       ff.o
    0x08007900   0x08007900   0x000001b8   Code   RO          156    .text.f_open        ff.o
    0x08007ab8   0x08007ab8   0x00000088   Code   RO          180    .text.f_opendir     ff.o
    0x08007b40   0x08007b40   0x00000284   Code   RO          166    .text.f_read        ff.o
    0x08007dc4   0x08007dc4   0x000000ae   Code   RO          184    .text.f_readdir     ff.o
    0x08007e72   0x08007e72   0x00000002   PAD
    0x08007e74   0x08007e74   0x000000ae   Code   RO          172    .text.f_sync        ff.o
    0x08007f22   0x08007f22   0x00000002   PAD
    0x08007f24   0x08007f24   0x000002c4   Code   RO          168    .text.f_write       ff.o
    0x080081e8   0x080081e8   0x00000550   Code   RO          160    .text.follow_path   ff.o
    0x08008738   0x08008738   0x000000d0   Code   RO          148    .text.get_fat       ff.o
    0x08008808   0x08008808   0x00000004   Code   RO          138    .text.get_fattime   fattime.o
    0x0800880c   0x0800880c   0x00000100   Code   RO          188    .text.get_fileinfo  ff.o
    0x0800890c   0x0800890c   0x00000058   Code   RO            2    .text.main          main.o
    0x08008964   0x08008964   0x00000094   Code   RO          150    .text.move_window   ff.o
    0x080089f8   0x080089f8   0x00000104   Code   RO          152    .text.put_fat       ff.o
    0x08008afc   0x08008afc   0x000000dc   Code   RO          174    .text.sync_fs       ff.o
    0x08008bd8   0x08008bd8   0x00000072   Code   RO          204    .text.sync_window   ff.o
    0x08008c4a   0x08008c4a   0x00000002   PAD
    0x08008c4c   0x08008c4c   0x00000020   Code   RO         1716    i.__0printf$8       mc_w.l(printf8.o)
    0x08008c6c   0x08008c6c   0x0000000e   Code   RO         1835    i.__scatterload_copy  mc_w.l(handlers.o)
    0x08008c7a   0x08008c7a   0x00000002   Code   RO         1836    i.__scatterload_null  mc_w.l(handlers.o)
    0x08008c7c   0x08008c7c   0x0000000e   Code   RO         1837    i.__scatterload_zeroinit  mc_w.l(handlers.o)
    0x08008c8a   0x08008c8a   0x00000002   PAD
    0x08008c8c   0x08008c8c   0x00000410   Code   RO         1723    i._printf_core      mc_w.l(printf8.o)
    0x0800909c   0x0800909c   0x00000024   Code   RO         1724    i._printf_post_padding  mc_w.l(printf8.o)
    0x080090c0   0x080090c0   0x0000002e   Code   RO         1725    i._printf_pre_padding  mc_w.l(printf8.o)
    0x080090ee   0x080090ee   0x00000012   Code   RO         1790    i.fputc             mc_w.l(fputc.o)
    0x08009100   0x08009100   0x00000024   Code   RO         1493    i.puts              mc_w.l(puts.o)
    0x08009124   0x08009124   0x00000900   Data   RO          390    .rodata.ASCII12x12_Table  stm32f429i_discovery_lcd.o
    0x08009a24   0x08009a24   0x000011d0   Data   RO          389    .rodata.ASCII16x24_Table  stm32f429i_discovery_lcd.o
    0x0800abf4   0x0800abf4   0x00000900   Data   RO          391    .rodata.ASCII8x12_Table  stm32f429i_discovery_lcd.o
    0x0800b4f4   0x0800b4f4   0x00000080   Data   RO          226    .rodata.ExCvt       ff.o
    0x0800b574   0x0800b574   0x00000008   Data   RO          278    .rodata.GPIO_CLK    stm32f429i_discovery.o
    0x0800b57c   0x0800b57c   0x00000004   Data   RO          277    .rodata.GPIO_PIN    stm32f429i_discovery.o
    0x0800b580   0x0800b580   0x00000020   Data   RO          796    .rodata.cst32       stm32f4xx_ltdc.o
    0x0800b5a0   0x0800b5a0   0x000001ae   Data   RO          124    .rodata.str1.1      usbh_usr.o
    0x0800b74e   0x0800b74e   0x00000004   Data   RO         1308    .rodata.str1.1      usbh_core.o
    0x0800b752   0x0800b752   0x00000002   PAD
    0x0800b754   0x0800b754   0x0000004e   Data   RO          125    .rodata.str1.4      usbh_usr.o
    0x0800b7a2   0x0800b7a2   0x00000002   PAD
    0x0800b7a4   0x0800b7a4   0x00000020   Data   RO         1834    Region$$Table       anon$$obj.o


    Execution Region RW_IRAM1 (Exec base: 0x20000000, Load base: 0x0800b7c8, Size: 0x000017d8, Max: 0x00030000, ABSOLUTE)

    Exec Addr    Load Addr    Size         Type   Attr      Idx    E Section Name        Object

    0x20000000   0x0800b7c8   0x00000004   Data   RW         1794    .data               mc_w.l(stdout.o)
    0x20000004   0x0800b7cc   0x00000004   Data   RW          279    .data.BUTTON_PORT   stm32f429i_discovery.o
    0x20000008   0x0800b7d0   0x00000002   Data   RW          397    .data.CurrentBackColor  stm32f429i_discovery_lcd.o
    0x2000000a   0x0800b7d2   0x00000002   PAD
    0x2000000c   0x0800b7d4   0x00000008   Data   RW          394    .data.Font12x12     stm32f429i_discovery_lcd.o
    0x20000014   0x0800b7dc   0x00000008   Data   RW          393    .data.Font16x24     stm32f429i_discovery_lcd.o
    0x2000001c   0x0800b7e4   0x00000008   Data   RW          395    .data.Font8x12      stm32f429i_discovery_lcd.o
    0x20000024   0x0800b7ec   0x00000008   Data   RW          276    .data.GPIO_PORT     stm32f429i_discovery.o
    0x2000002c   0x0800b7f4   0x00000001   Data   RW         1256    .data.Stat          usbh_msc_fatfs.o
    0x2000002d   0x0800b7f5   0x00000003   PAD
    0x20000030   0x0800b7f8   0x0000000c   Data   RW         1305    .data.USBH_HCD_INT_cb  usbh_core.o
    0x2000003c   0x0800b804   0x00000004   Data   RW         1306    .data.USBH_HCD_INT_fops  usbh_core.o
    0x20000040   0x0800b808   0x00000001   Data   RW         1279    .data.USBH_MSC_Read10.status  usbh_msc_scsi.o
    0x20000041   0x0800b809   0x00000003   PAD
    0x20000044   0x0800b80c   0x00000010   Data   RW         1234    .data.USBH_MSC_cb   usbh_msc_core.o
    0x20000054   0x0800b81c   0x00000048   Data   RW          107    .data.USR_cb        usbh_usr.o
    0x2000009c   0x0800b864   0x00000004   PAD
    0x200000a0        -       0x0000000c   Zero   RW          129    .bss..L_MergedGlobals  usbh_usr.o
    0x200000ac        -       0x0000000c   Zero   RW          227    .bss..L_MergedGlobals  ff.o
    0x200000b8        -       0x00000012   Zero   RW          249    .bss..L_MergedGlobals  lcd_log.o
    0x200000ca   0x0800b864   0x00000002   PAD
    0x200000cc        -       0x0000000c   Zero   RW          398    .bss..L_MergedGlobals  stm32f429i_discovery_lcd.o
    0x200000d8        -       0x00000050   Zero   RW         1215    .bss..L_MergedGlobals  usbh_msc_bot.o
    0x20000128        -       0x00000002   Zero   RW         1237    .bss..L_MergedGlobals  usbh_msc_core.o
    0x2000012a        -       0x00000200   Zero   RW          128    .bss.Image_Buf      usbh_usr.o
    0x2000032a   0x0800b864   0x00000002   PAD
    0x2000032c        -       0x0000020a   Zero   RW         1235    .bss.MSC_Machine    usbh_msc_core.o
    0x20000536   0x0800b864   0x00000002   PAD
    0x20000538        -       0x00000200   Zero   RW         1381    .bss.USBH_CfgDesc   usbh_stdreq.o
    0x20000738        -       0x00000200   Zero   RW         1277    .bss.USBH_DataInBuffer  usbh_msc_scsi.o
    0x20000938        -       0x00000002   Zero   RW         1307    .bss.USBH_HandleControl.timeout  usbh_core.o
    0x2000093a   0x0800b864   0x00000002   PAD
    0x2000093c        -       0x00000010   Zero   RW         1278    .bss.USBH_MSC_Param  usbh_msc_scsi.o
    0x2000094c        -       0x00000001   Zero   RW         1382    .bss.USBH_ParseCfgDesc.prev_itf  usbh_stdreq.o
    0x2000094d        -       0x00000001   Zero   RW          123    .bss.USBH_USR_Init.startup  usbh_usr.o
    0x2000094e   0x0800b864   0x00000002   PAD
    0x20000950        -       0x00000084   Zero   RW            5    .bss.USB_Host       main.o
    0x200009d4        -       0x000005ac   Zero   RW            4    .bss.USB_OTG_Core   main.o
    0x20000f80        -       0x00000234   Zero   RW          126    .bss.fatfs          usbh_usr.o
    0x200011b4        -       0x00000224   Zero   RW          127    .bss.file           usbh_usr.o
    0x200013d8        -       0x00000400   Zero   RW          941    STACK               startup_stm32f429_439xx.o


==============================================================================

Image component sizes


      Code (inc. data)   RO Data    RW Data    ZI Data      Debug   Object Name

         4          0          0          0          0        536   fattime.o
      6914        378        128          0         12      51452   ff.o
       586          0          0          0         18       5941   lcd_log.o
        88          0          0          0       1584       9319   main.o
       100          0          0          0          0       3512   misc.o
        36          8        428          0       1024       1000   startup_stm32f429_439xx.o
       236          0         12         12          0       8361   stm32f429i_discovery.o
      9032          0       9168         26         12      65000   stm32f429i_discovery_lcd.o
       862          0          0          0          0       5273   stm32f429i_discovery_sdram.o
       136          0          0          0          0       3002   stm32f4xx_exti.o
       426          0          0          0          0      12465   stm32f4xx_fmc.o
       324          0          0          0          0       5082   stm32f4xx_gpio.o
       564         16         32          0          0      10320   stm32f4xx_ltdc.o
       210          0          0          0          0      14359   stm32f4xx_rcc.o
       342          0          0          0          0       8979   stm32f4xx_spi.o
        48          0          0          0          0       2415   stm32f4xx_syscfg.o
        72          0          0          0          0       5488   stm32fxxx_it.o
       282          0          0          0          0       3407   system_stm32f4xx.o
       412          0          0          0          0       9573   usb_bsp.o
      2496          8          0          0          0      26337   usb_core.o
       322          0          0          0          0       7092   usb_hcd.o
      2090          0          0          0          0      18541   usb_hcd_int.o
      1676         60          4         16          2      14827   usbh_core.o
       350          0          0          0          0       6539   usbh_hcs.o
       298          0          0          0          0      13005   usbh_ioreq.o
       742         10          0          0         80      13759   usbh_msc_bot.o
       730         14          0         16        524      13043   usbh_msc_core.o
       428          4          0          1          0       4723   usbh_msc_fatfs.o
      1066          0          0          1        528       8782   usbh_msc_scsi.o
      1030          0          0          0        513      15957   usbh_stdreq.o
      3066        654        508         72       1637      12985   usbh_usr.o

    ----------------------------------------------------------------------
     35128       1152      10316        152       5948     381074   Object Totals
         0          0         32          0          0          0   (incl. Generated)
       160          0          4          8         14          0   (incl. Padding)

    ----------------------------------------------------------------------

      Code (inc. data)   RO Data    RW Data    ZI Data      Debug   Library Member Name

         0          0          0          0          0          0   entry.o
         0          0          0          0          0          0   entry10a.o
         0          0          0          0          0          0   entry11a.o
         8          4          0          0          0          0   entry2.o
         4          0          0          0          0          0   entry5.o
         0          0          0          0          0          0   entry7b.o
         0          0          0          0          0          0   entry8b.o
         8          4          0          0          0          0   entry9a.o
        18          0          0          0          0         80   fputc.o
        30          0          0          0          0          0   handlers.o
        36          8          0          0          0         68   init.o
         0          0          0          0          0          0   iusesemip.o
        30          0          0          0          0         68   llshl.o
        32          0          0          0          0         68   llushr.o
        36          0          0          0          0         68   memcpya.o
        36          0          0          0          0        108   memseta.o
      1154         54          0          0          0        352   printf8.o
        36          6          0          0          0         80   puts.o
         0          0          0          0          0          0   semi.o
         0          0          0          4          0          0   stdout.o
        18          0          0          0          0         68   strcpy.o
        14          0          0          0          0         68   strlen.o
        36          0          0          0          0         80   strstr.o
        98          0          0          0          0         92   uldiv.o

    ----------------------------------------------------------------------
      1600         76          0          4          0       1200   Library Totals
         6          0          0          0          0          0   (incl. Padding)

    ----------------------------------------------------------------------

      Code (inc. data)   RO Data    RW Data    ZI Data      Debug   Library Name

      1594         76          0          4          0       1200   mc_w.l

    ----------------------------------------------------------------------
      1600         76          0          4          0       1200   Library Totals

    ----------------------------------------------------------------------

==============================================================================


      Code (inc. data)   RO Data    RW Data    ZI Data      Debug   

     36728       1228      10316        156       5948     381274   Grand Totals
     36728       1228      10316        156       5948     381274   ELF Image Totals
     36728       1228      10316        156          0          0   ROM Totals

==============================================================================

    Total RO  Size (Code + RO Data)                47044 (  45.94kB)
    Total RW  Size (RW Data + ZI Data)              6104 (   5.96kB)
    Total ROM Size (Code + RO Data + RW Data)      47200 (  46.09kB)

==============================================================================

