<html>
<body>
<pre>
<h1>µVision Build Log</h1>
<h2>Tool Versions:</h2>
IDE-Version: ÂµVision V5.37.0.0
Copyright (C) 2022 ARM Ltd and ARM Germany GmbH. All rights reserved.
License Information: chaoran lu, TU Darmstadt, LIC=8VRJ7-ER5U5-FWZ2N-YWVFN-ZXPR8-QHUF9
 
Tool Versions:
Toolchain:       MDK-ARM Plus  Version: 5.37.0.0
Toolchain Path:  D:\Keil_v5\ARM\ARMCLANG\Bin
C Compiler:      ArmClang.exe V6.18
Assembler:       Armasm.exe V6.18
Linker/Locator:  ArmLink.exe V6.18
Library Manager: ArmAr.exe V6.18
Hex Converter:   FromElf.exe V6.18
CPU DLL:         SARMCM3.DLL V5.37.0.0
Dialog DLL:      DCM.DLL V1.17.5.0
Target DLL:      STLink\ST-LINKIII-KEIL_SWO.dll V3.0.9.0
Dialog DLL:      TCM.DLL V1.56.1.0
 
<h2>Project:</h2>
E:\en.stsw-stm32138\STM32F429I-Discovery_FW_V1.0.3\Projects\Peripheral_Examples\ADC_DMA\MDK-ARM\ADC_DMA.uvproj
Project File Date:  08/28/2022

<h2>Output:</h2>
*** Using Compiler 'V6.18', folder: 'D:\Keil_v5\ARM\ARMCLANG\Bin'
Rebuild target 'ADC_DMA'
assembling startup_stm32f429_439xx.s...
compiling stm32f429i_discovery.c...
compiling misc.c...
compiling stm32f429i_discovery_sdram.c...
compiling stm32f429i_discovery_lcd.c...
compiling stm32f4xx_adc.c...
compiling stm32f4xx_dma2d.c...
compiling stm32f4xx_dma.c...
compiling stm32f4xx_gpio.c...
compiling stm32f4xx_fmc.c...
compiling stm32f4xx_ltdc.c...
compiling stm32f4xx_rcc.c...
compiling stm32f4xx_spi.c...
compiling stm32f4xx_exti.c...
compiling stm32f4xx_syscfg.c...
compiling stm32f4xx_i2c.c...
compiling main.c...
compiling stm32f4xx_it.c...
../system_stm32f4xx.c(400): warning: while loop has empty body [-Wempty-body]
    while ((RCC->CFGR & (uint32_t)RCC_CFGR_SWS ) != RCC_CFGR_SWS_PLL);
                                                                     ^
../system_stm32f4xx.c(400): note: put the semicolon on a separate line to silence this warning
1 warning generated.
compiling system_stm32f4xx.c...
linking...
Program Size: Code=13268 RO-data=7324 RW-data=20 ZI-data=1052  
".\ADC_DMA\ADC_DMA.axf" - 0 Error(s), 1 Warning(s).
Build Time Elapsed:  00:00:03
</pre>
</body>
</html>
