Component: Arm Compiler for Embedded 6.18 Tool: armlink [5e4cc100]

==============================================================================

Section Cross References

    startup_stm32f429_439xx.o(RESET) refers to startup_stm32f429_439xx.o(STACK) for __initial_sp
    startup_stm32f429_439xx.o(RESET) refers to startup_stm32f429_439xx.o(.text) for Reset_Handler
    startup_stm32f429_439xx.o(RESET) refers to stm32f4xx_it.o(.text.NMI_Handler) for NMI_Handler
    startup_stm32f429_439xx.o(RESET) refers to stm32f4xx_it.o(.text.HardFault_Handler) for HardFault_Handler
    startup_stm32f429_439xx.o(RESET) refers to stm32f4xx_it.o(.text.MemManage_Handler) for MemManage_Handler
    startup_stm32f429_439xx.o(RESET) refers to stm32f4xx_it.o(.text.BusFault_Handler) for BusFault_Handler
    startup_stm32f429_439xx.o(RESET) refers to stm32f4xx_it.o(.text.UsageFault_Handler) for UsageFault_Handler
    startup_stm32f429_439xx.o(RESET) refers to stm32f4xx_it.o(.text.SVC_Handler) for SVC_Handler
    startup_stm32f429_439xx.o(RESET) refers to stm32f4xx_it.o(.text.DebugMon_Handler) for DebugMon_Handler
    startup_stm32f429_439xx.o(RESET) refers to stm32f4xx_it.o(.text.PendSV_Handler) for PendSV_Handler
    startup_stm32f429_439xx.o(RESET) refers to stm32f4xx_it.o(.text.SysTick_Handler) for SysTick_Handler
    startup_stm32f429_439xx.o(.text) refers to system_stm32f4xx.o(.text.SystemInit) for SystemInit
    startup_stm32f429_439xx.o(.text) refers to entry.o(.ARM.Collect$$$$00000000) for __main
    stm32f429i_discovery.o(.text.STM_EVAL_LEDInit) refers to stm32f429i_discovery.o(.rodata.GPIO_CLK) for GPIO_CLK
    stm32f429i_discovery.o(.text.STM_EVAL_LEDInit) refers to stm32f4xx_rcc.o(.text.RCC_AHB1PeriphClockCmd) for RCC_AHB1PeriphClockCmd
    stm32f429i_discovery.o(.text.STM_EVAL_LEDInit) refers to stm32f429i_discovery.o(.rodata.GPIO_PIN) for GPIO_PIN
    stm32f429i_discovery.o(.text.STM_EVAL_LEDInit) refers to stm32f429i_discovery.o(.data.GPIO_PORT) for GPIO_PORT
    stm32f429i_discovery.o(.text.STM_EVAL_LEDInit) refers to stm32f4xx_gpio.o(.text.GPIO_Init) for GPIO_Init
    stm32f429i_discovery.o(.ARM.exidx.text.STM_EVAL_LEDInit) refers to stm32f429i_discovery.o(.text.STM_EVAL_LEDInit) for [Anonymous Symbol]
    stm32f429i_discovery.o(.text.STM_EVAL_LEDOn) refers to stm32f429i_discovery.o(.rodata.GPIO_PIN) for GPIO_PIN
    stm32f429i_discovery.o(.text.STM_EVAL_LEDOn) refers to stm32f429i_discovery.o(.data.GPIO_PORT) for GPIO_PORT
    stm32f429i_discovery.o(.ARM.exidx.text.STM_EVAL_LEDOn) refers to stm32f429i_discovery.o(.text.STM_EVAL_LEDOn) for [Anonymous Symbol]
    stm32f429i_discovery.o(.text.STM_EVAL_LEDOff) refers to stm32f429i_discovery.o(.rodata.GPIO_PIN) for GPIO_PIN
    stm32f429i_discovery.o(.text.STM_EVAL_LEDOff) refers to stm32f429i_discovery.o(.data.GPIO_PORT) for GPIO_PORT
    stm32f429i_discovery.o(.ARM.exidx.text.STM_EVAL_LEDOff) refers to stm32f429i_discovery.o(.text.STM_EVAL_LEDOff) for [Anonymous Symbol]
    stm32f429i_discovery.o(.text.STM_EVAL_LEDToggle) refers to stm32f429i_discovery.o(.data.GPIO_PORT) for GPIO_PORT
    stm32f429i_discovery.o(.text.STM_EVAL_LEDToggle) refers to stm32f429i_discovery.o(.rodata.GPIO_PIN) for GPIO_PIN
    stm32f429i_discovery.o(.ARM.exidx.text.STM_EVAL_LEDToggle) refers to stm32f429i_discovery.o(.text.STM_EVAL_LEDToggle) for [Anonymous Symbol]
    stm32f429i_discovery.o(.text.STM_EVAL_PBInit) refers to stm32f4xx_rcc.o(.text.RCC_AHB1PeriphClockCmd) for RCC_AHB1PeriphClockCmd
    stm32f429i_discovery.o(.text.STM_EVAL_PBInit) refers to stm32f4xx_rcc.o(.text.RCC_APB2PeriphClockCmd) for RCC_APB2PeriphClockCmd
    stm32f429i_discovery.o(.text.STM_EVAL_PBInit) refers to stm32f429i_discovery.o(.data.BUTTON_PORT) for BUTTON_PORT
    stm32f429i_discovery.o(.text.STM_EVAL_PBInit) refers to stm32f4xx_gpio.o(.text.GPIO_Init) for GPIO_Init
    stm32f429i_discovery.o(.text.STM_EVAL_PBInit) refers to stm32f4xx_syscfg.o(.text.SYSCFG_EXTILineConfig) for SYSCFG_EXTILineConfig
    stm32f429i_discovery.o(.text.STM_EVAL_PBInit) refers to stm32f4xx_exti.o(.text.EXTI_Init) for EXTI_Init
    stm32f429i_discovery.o(.text.STM_EVAL_PBInit) refers to misc.o(.text.NVIC_Init) for NVIC_Init
    stm32f429i_discovery.o(.ARM.exidx.text.STM_EVAL_PBInit) refers to stm32f429i_discovery.o(.text.STM_EVAL_PBInit) for [Anonymous Symbol]
    stm32f429i_discovery.o(.text.STM_EVAL_PBGetState) refers to stm32f429i_discovery.o(.data.BUTTON_PORT) for BUTTON_PORT
    stm32f429i_discovery.o(.text.STM_EVAL_PBGetState) refers to stm32f4xx_gpio.o(.text.GPIO_ReadInputDataBit) for GPIO_ReadInputDataBit
    stm32f429i_discovery.o(.ARM.exidx.text.STM_EVAL_PBGetState) refers to stm32f429i_discovery.o(.text.STM_EVAL_PBGetState) for [Anonymous Symbol]
    stm32f429i_discovery.o(.text.sEE_LowLevel_DeInit) refers to stm32f4xx_i2c.o(.text.I2C_Cmd) for I2C_Cmd
    stm32f429i_discovery.o(.text.sEE_LowLevel_DeInit) refers to stm32f4xx_i2c.o(.text.I2C_DeInit) for I2C_DeInit
[...]
    Removing stm32f429i_discovery_lcd.o(.text.LCD_ClearLine), (226 bytes).
    Removing stm32f429i_discovery_lcd.o(.ARM.exidx.text.LCD_ClearLine), (8 bytes).
    Removing stm32f429i_discovery_lcd.o(.text.LCD_DisplayChar), (206 bytes).
    Removing stm32f429i_discovery_lcd.o(.ARM.exidx.text.LCD_DisplayChar), (8 bytes).
    Removing stm32f429i_discovery_lcd.o(.text.LCD_Clear), (394 bytes).
    Removing stm32f429i_discovery_lcd.o(.ARM.exidx.text.LCD_Clear), (8 bytes).
    Removing stm32f429i_discovery_lcd.o(.text.LCD_SetCursor), (38 bytes).
    Removing stm32f429i_discovery_lcd.o(.ARM.exidx.text.LCD_SetCursor), (8 bytes).
    Removing stm32f429i_discovery_lcd.o(.ARM.exidx.text.LCD_SetColorKeying), (8 bytes).
    Removing stm32f429i_discovery_lcd.o(.text.LCD_ReSetColorKeying), (48 bytes).
    Removing stm32f429i_discovery_lcd.o(.ARM.exidx.text.LCD_ReSetColorKeying), (8 bytes).
    Removing stm32f429i_discovery_lcd.o(.text.LCD_DrawChar), (194 bytes).
    Removing stm32f429i_discovery_lcd.o(.ARM.exidx.text.LCD_DrawChar), (8 bytes).
    Removing stm32f429i_discovery_lcd.o(.text.LCD_DisplayStringLine), (254 bytes).
    Removing stm32f429i_discovery_lcd.o(.ARM.exidx.text.LCD_DisplayStringLine), (8 bytes).
    Removing stm32f429i_discovery_lcd.o(.text.LCD_SetDisplayWindow), (66 bytes).
    Removing stm32f429i_discovery_lcd.o(.ARM.exidx.text.LCD_SetDisplayWindow), (8 bytes).
    Removing stm32f429i_discovery_lcd.o(.text.LCD_WindowModeDisable), (64 bytes).
    Removing stm32f429i_discovery_lcd.o(.ARM.exidx.text.LCD_WindowModeDisable), (8 bytes).
    Removing stm32f429i_discovery_lcd.o(.text.LCD_DrawLine), (132 bytes).
    Removing stm32f429i_discovery_lcd.o(.ARM.exidx.text.LCD_DrawLine), (8 bytes).
    Removing stm32f429i_discovery_lcd.o(.text.LCD_DrawRect), (436 bytes).
    Removing stm32f429i_discovery_lcd.o(.ARM.exidx.text.LCD_DrawRect), (8 bytes).
    Removing stm32f429i_discovery_lcd.o(.text.LCD_DrawCircle), (224 bytes).
    Removing stm32f429i_discovery_lcd.o(.ARM.exidx.text.LCD_DrawCircle), (8 bytes).
    Removing stm32f429i_discovery_lcd.o(.text.LCD_DrawFullEllipse), (734 bytes).
    Removing stm32f429i_discovery_lcd.o(.ARM.exidx.text.LCD_DrawFullEllipse), (8 bytes).
    Removing stm32f429i_discovery_lcd.o(.text.LCD_DrawEllipse), (506 bytes).
    Removing stm32f429i_discovery_lcd.o(.ARM.exidx.text.LCD_DrawEllipse), (8 bytes).
    Removing stm32f429i_discovery_lcd.o(.text.LCD_DrawMonoPict), (300 bytes).
    Removing stm32f429i_discovery_lcd.o(.ARM.exidx.text.LCD_DrawMonoPict), (8 bytes).
    Removing stm32f429i_discovery_lcd.o(.text.LCD_WriteBMP), (622 bytes).
    Removing stm32f429i_discovery_lcd.o(.ARM.exidx.text.LCD_WriteBMP), (8 bytes).
    Removing stm32f429i_discovery_lcd.o(.text.LCD_DrawFullRect), (124 bytes).
    Removing stm32f429i_discovery_lcd.o(.ARM.exidx.text.LCD_DrawFullRect), (8 bytes).
    Removing stm32f429i_discovery_lcd.o(.text.LCD_DrawFullCircle), (580 bytes).
    Removing stm32f429i_discovery_lcd.o(.ARM.exidx.text.LCD_DrawFullCircle), (8 bytes).
    Removing stm32f429i_discovery_lcd.o(.text.LCD_DrawUniLine), (326 bytes).
    Removing stm32f429i_discovery_lcd.o(.ARM.exidx.text.LCD_DrawUniLine), (8 bytes).
    Removing stm32f429i_discovery_lcd.o(.text.LCD_Triangle), (50 bytes).
    Removing stm32f429i_discovery_lcd.o(.ARM.exidx.text.LCD_Triangle), (8 bytes).
    Removing stm32f429i_discovery_lcd.o(.text.LCD_FillTriangle), (196 bytes).
    Removing stm32f429i_discovery_lcd.o(.ARM.exidx.text.LCD_FillTriangle), (8 bytes).
    Removing stm32f429i_discovery_lcd.o(.text.LCD_PolyLine), (34 bytes).
    Removing stm32f429i_discovery_lcd.o(.ARM.exidx.text.LCD_PolyLine), (8 bytes).
    Removing stm32f429i_discovery_lcd.o(.text.LCD_ClosedPolyLine), (62 bytes).
    Removing stm32f429i_discovery_lcd.o(.ARM.exidx.text.LCD_ClosedPolyLine), (8 bytes).
    Removing stm32f429i_discovery_lcd.o(.text.LCD_PolyLineRelative), (64 bytes).
    Removing stm32f429i_discovery_lcd.o(.ARM.exidx.text.LCD_PolyLineRelative), (8 bytes).
    Removing stm32f429i_discovery_lcd.o(.text.LCD_ClosedPolyLineRelative), (84 bytes).
    Removing stm32f429i_discovery_lcd.o(.ARM.exidx.text.LCD_ClosedPolyLineRelative), (8 bytes).
    Removing stm32f429i_discovery_lcd.o(.text.LCD_FillPolyLine), (2358 bytes).
    Removing stm32f429i_discovery_lcd.o(.ARM.exidx.text.LCD_FillPolyLine), (8 bytes).
    Removing stm32f429i_discovery_lcd.o(.text.LCD_WriteCommand), (84 bytes).
    Removing stm32f429i_discovery_lcd.o(.ARM.exidx.text.LCD_WriteCommand), (8 bytes).
    Removing stm32f429i_discovery_lcd.o(.text.LCD_CtrlLinesWrite), (4 bytes).
    Removing stm32f429i_discovery_lcd.o(.ARM.exidx.text.LCD_CtrlLinesWrite), (8 bytes).
    Removing stm32f429i_discovery_lcd.o(.text.LCD_WriteData), (84 bytes).
    Removing stm32f429i_discovery_lcd.o(.ARM.exidx.text.LCD_WriteData), (8 bytes).
    Removing stm32f429i_discovery_lcd.o(.text.LCD_DisplayOn), (80 bytes).
    Removing stm32f429i_discovery_lcd.o(.ARM.exidx.text.LCD_DisplayOn), (8 bytes).
    Removing stm32f429i_discovery_lcd.o(.rodata.ASCII16x24_Table), (4560 bytes).
    Removing stm32f429i_discovery_lcd.o(.rodata.ASCII12x12_Table), (2304 bytes).
    Removing stm32f429i_discovery_lcd.o(.rodata.ASCII8x12_Table), (2304 bytes).
    Removing stm32f429i_discovery_lcd.o(.rodata.ASCII8x8_Table), (1536 bytes).
    Removing stm32f429i_discovery_lcd.o(.data.Font16x24), (8 bytes).
    Removing stm32f429i_discovery_lcd.o(.data.Font12x12), (8 bytes).
    Removing stm32f429i_discovery_lcd.o(.data.Font8x12), (8 bytes).
    Removing stm32f429i_discovery_lcd.o(.data.Font8x8), (8 bytes).
    Removing stm32f429i_discovery_lcd.o(.data.CurrentBackColor), (2 bytes).
    Removing stm32f429i_discovery_sdram.o(.text), (0 bytes).
    Removing stm32f429i_discovery_sdram.o(.ARM.exidx.text.SDRAM_Init), (8 bytes).
    Removing stm32f429i_discovery_sdram.o(.ARM.exidx.text.SDRAM_GPIOConfig), (8 bytes).
    Removing stm32f429i_discovery_sdram.o(.ARM.exidx.text.SDRAM_InitSequence), (8 bytes).
    Removing stm32f429i_discovery_sdram.o(.text.SDRAM_WriteBuffer), (230 bytes).
    Removing stm32f429i_discovery_sdram.o(.ARM.exidx.text.SDRAM_WriteBuffer), (8 bytes).
    Removing stm32f429i_discovery_sdram.o(.text.SDRAM_ReadBuffer), (206 bytes).
    Removing stm32f429i_discovery_sdram.o(.ARM.exidx.text.SDRAM_ReadBuffer), (8 bytes).
    Removing misc.o(.text), (0 bytes).
    Removing misc.o(.text.NVIC_PriorityGroupConfig), (20 bytes).
    Removing misc.o(.ARM.exidx.text.NVIC_PriorityGroupConfig), (8 bytes).
    Removing misc.o(.ARM.exidx.text.NVIC_Init), (8 bytes).
    Removing misc.o(.text.NVIC_SetVectorTable), (24 bytes).
    Removing misc.o(.ARM.exidx.text.NVIC_SetVectorTable), (8 bytes).
    Removing misc.o(.text.NVIC_SystemLPConfig), (24 bytes).
    Removing misc.o(.ARM.exidx.text.NVIC_SystemLPConfig), (8 bytes).
    Removing misc.o(.text.SysTick_CLKSourceConfig), (24 bytes).
    Removing misc.o(.ARM.exidx.text.SysTick_CLKSourceConfig), (8 bytes).
    Removing stm32f4xx_adc.o(.text), (0 bytes).
    Removing stm32f4xx_adc.o(.text.ADC_DeInit), (26 bytes).
    Removing stm32f4xx_adc.o(.ARM.exidx.text.ADC_DeInit), (8 bytes).
    Removing stm32f4xx_adc.o(.text.ADC_Init), (88 bytes).
    Removing stm32f4xx_adc.o(.ARM.exidx.text.ADC_Init), (8 bytes).
    Removing stm32f4xx_adc.o(.text.ADC_StructInit), (18 bytes).
    Removing stm32f4xx_adc.o(.ARM.exidx.text.ADC_StructInit), (8 bytes).
    Removing stm32f4xx_adc.o(.text.ADC_CommonInit), (50 bytes).
    Removing stm32f4xx_adc.o(.ARM.exidx.text.ADC_CommonInit), (8 bytes).
    Removing stm32f4xx_adc.o(.text.ADC_CommonStructInit), (12 bytes).
    Removing stm32f4xx_adc.o(.ARM.exidx.text.ADC_CommonStructInit), (8 bytes).
    Removing stm32f4xx_adc.o(.text.ADC_Cmd), (16 bytes).
    Removing stm32f4xx_adc.o(.ARM.exidx.text.ADC_Cmd), (8 bytes).
    Removing stm32f4xx_adc.o(.text.ADC_AnalogWatchdogCmd), (18 bytes).
    Removing stm32f4xx_adc.o(.ARM.exidx.text.ADC_AnalogWatchdogCmd), (8 bytes).
    Removing stm32f4xx_adc.o(.text.ADC_AnalogWatchdogThresholdsConfig), (6 bytes).
    Removing stm32f4xx_adc.o(.ARM.exidx.text.ADC_AnalogWatchdogThresholdsConfig), (8 bytes).
    Removing stm32f4xx_adc.o(.text.ADC_AnalogWatchdogSingleChannelConfig), (12 bytes).
    Removing stm32f4xx_adc.o(.ARM.exidx.text.ADC_AnalogWatchdogSingleChannelConfig), (8 bytes).
    Removing stm32f4xx_adc.o(.text.ADC_TempSensorVrefintCmd), (26 bytes).
    Removing stm32f4xx_adc.o(.ARM.exidx.text.ADC_TempSensorVrefintCmd), (8 bytes).
    Removing stm32f4xx_adc.o(.text.ADC_VBATCmd), (26 bytes).
    Removing stm32f4xx_adc.o(.ARM.exidx.text.ADC_VBATCmd), (8 bytes).
    Removing stm32f4xx_adc.o(.text.ADC_RegularChannelConfig), (100 bytes).
    Removing stm32f4xx_adc.o(.ARM.exidx.text.ADC_RegularChannelConfig), (8 bytes).
    Removing stm32f4xx_adc.o(.text.ADC_SoftwareStartConv), (10 bytes).
    Removing stm32f4xx_adc.o(.ARM.exidx.text.ADC_SoftwareStartConv), (8 bytes).
    Removing stm32f4xx_adc.o(.text.ADC_GetSoftwareStartConvStatus), (8 bytes).
    Removing stm32f4xx_adc.o(.ARM.exidx.text.ADC_GetSoftwareStartConvStatus), (8 bytes).
    Removing stm32f4xx_adc.o(.text.ADC_EOCOnEachRegularChannelCmd), (18 bytes).
    Removing stm32f4xx_adc.o(.ARM.exidx.text.ADC_EOCOnEachRegularChannelCmd), (8 bytes).
    Removing stm32f4xx_adc.o(.text.ADC_ContinuousModeCmd), (16 bytes).
    Removing stm32f4xx_adc.o(.ARM.exidx.text.ADC_ContinuousModeCmd), (8 bytes).
    Removing stm32f4xx_adc.o(.text.ADC_DiscModeChannelCountConfig), (24 bytes).
    Removing stm32f4xx_adc.o(.ARM.exidx.text.ADC_DiscModeChannelCountConfig), (8 bytes).
    Removing stm32f4xx_adc.o(.text.ADC_DiscModeCmd), (18 bytes).
    Removing stm32f4xx_adc.o(.ARM.exidx.text.ADC_DiscModeCmd), (8 bytes).
    Removing stm32f4xx_adc.o(.text.ADC_GetConversionValue), (6 bytes).
    Removing stm32f4xx_adc.o(.ARM.exidx.text.ADC_GetConversionValue), (8 bytes).
    Removing stm32f4xx_adc.o(.text.ADC_GetMultiModeConversionValue), (12 bytes).
    Removing stm32f4xx_adc.o(.ARM.exidx.text.ADC_GetMultiModeConversionValue), (8 bytes).
    Removing stm32f4xx_adc.o(.text.ADC_DMACmd), (18 bytes).
    Removing stm32f4xx_adc.o(.ARM.exidx.text.ADC_DMACmd), (8 bytes).
    Removing stm32f4xx_adc.o(.text.ADC_DMARequestAfterLastTransferCmd), (18 bytes).
    Removing stm32f4xx_adc.o(.ARM.exidx.text.ADC_DMARequestAfterLastTransferCmd), (8 bytes).
    Removing stm32f4xx_adc.o(.text.ADC_MultiModeDMARequestAfterLastTransferCmd), (26 bytes).
    Removing stm32f4xx_adc.o(.ARM.exidx.text.ADC_MultiModeDMARequestAfterLastTransferCmd), (8 bytes).
    Removing stm32f4xx_adc.o(.text.ADC_InjectedChannelConfig), (80 bytes).
    Removing stm32f4xx_adc.o(.ARM.exidx.text.ADC_InjectedChannelConfig), (8 bytes).
    Removing stm32f4xx_adc.o(.text.ADC_InjectedSequencerLengthConfig), (22 bytes).
    Removing stm32f4xx_adc.o(.ARM.exidx.text.ADC_InjectedSequencerLengthConfig), (8 bytes).
    Removing stm32f4xx_adc.o(.text.ADC_SetInjectedOffset), (22 bytes).
    Removing stm32f4xx_adc.o(.ARM.exidx.text.ADC_SetInjectedOffset), (8 bytes).
    Removing stm32f4xx_adc.o(.text.ADC_ExternalTrigInjectedConvConfig), (12 bytes).
    Removing stm32f4xx_adc.o(.ARM.exidx.text.ADC_ExternalTrigInjectedConvConfig), (8 bytes).
    Removing stm32f4xx_adc.o(.text.ADC_ExternalTrigInjectedConvEdgeConfig), (12 bytes).
    Removing stm32f4xx_adc.o(.ARM.exidx.text.ADC_ExternalTrigInjectedConvEdgeConfig), (8 bytes).
    Removing stm32f4xx_adc.o(.text.ADC_SoftwareStartInjectedConv), (10 bytes).
    Removing stm32f4xx_adc.o(.ARM.exidx.text.ADC_SoftwareStartInjectedConv), (8 bytes).
    Removing stm32f4xx_adc.o(.text.ADC_GetSoftwareStartInjectedConvCmdStatus), (8 bytes).
    Removing stm32f4xx_adc.o(.ARM.exidx.text.ADC_GetSoftwareStartInjectedConvCmdStatus), (8 bytes).
    Removing stm32f4xx_adc.o(.text.ADC_AutoInjectedConvCmd), (18 bytes).
    Removing stm32f4xx_adc.o(.ARM.exidx.text.ADC_AutoInjectedConvCmd), (8 bytes).
    Removing stm32f4xx_adc.o(.text.ADC_InjectedDiscModeCmd), (18 bytes).
    Removing stm32f4xx_adc.o(.ARM.exidx.text.ADC_InjectedDiscModeCmd), (8 bytes).
    Removing stm32f4xx_adc.o(.text.ADC_GetInjectedConversionValue), (26 bytes).
    Removing stm32f4xx_adc.o(.ARM.exidx.text.ADC_GetInjectedConversionValue), (8 bytes).
    Removing stm32f4xx_adc.o(.text.ADC_ITConfig), (24 bytes).
    Removing stm32f4xx_adc.o(.ARM.exidx.text.ADC_ITConfig), (8 bytes).
    Removing stm32f4xx_adc.o(.text.ADC_GetFlagStatus), (10 bytes).
    Removing stm32f4xx_adc.o(.ARM.exidx.text.ADC_GetFlagStatus), (8 bytes).
    Removing stm32f4xx_adc.o(.text.ADC_ClearFlag), (6 bytes).
    Removing stm32f4xx_adc.o(.ARM.exidx.text.ADC_ClearFlag), (8 bytes).
    Removing stm32f4xx_adc.o(.text.ADC_GetITStatus), (24 bytes).
    Removing stm32f4xx_adc.o(.ARM.exidx.text.ADC_GetITStatus), (8 bytes).
    Removing stm32f4xx_adc.o(.text.ADC_ClearITPendingBit), (8 bytes).
    Removing stm32f4xx_adc.o(.ARM.exidx.text.ADC_ClearITPendingBit), (8 bytes).
    Removing stm32f4xx_dma.o(.text), (0 bytes).
    Removing stm32f4xx_dma.o(.text.DMA_DeInit), (626 bytes).
    Removing stm32f4xx_dma.o(.ARM.exidx.text.DMA_DeInit), (8 bytes).
    Removing stm32f4xx_dma.o(.text.DMA_Init), (102 bytes).
    Removing stm32f4xx_dma.o(.ARM.exidx.text.DMA_Init), (8 bytes).
    Removing stm32f4xx_dma.o(.text.DMA_StructInit), (10 bytes).
    Removing stm32f4xx_dma.o(.ARM.exidx.text.DMA_StructInit), (8 bytes).
    Removing stm32f4xx_dma.o(.text.DMA_Cmd), (16 bytes).
    Removing stm32f4xx_dma.o(.ARM.exidx.text.DMA_Cmd), (8 bytes).
    Removing stm32f4xx_dma.o(.text.DMA_PeriphIncOffsetSizeConfig), (18 bytes).
    Removing stm32f4xx_dma.o(.ARM.exidx.text.DMA_PeriphIncOffsetSizeConfig), (8 bytes).
    Removing stm32f4xx_dma.o(.text.DMA_FlowControllerConfig), (16 bytes).
    Removing stm32f4xx_dma.o(.ARM.exidx.text.DMA_FlowControllerConfig), (8 bytes).
    Removing stm32f4xx_dma.o(.text.DMA_SetCurrDataCounter), (4 bytes).
    Removing stm32f4xx_dma.o(.ARM.exidx.text.DMA_SetCurrDataCounter), (8 bytes).
    Removing stm32f4xx_dma.o(.text.DMA_GetCurrDataCounter), (6 bytes).
    Removing stm32f4xx_dma.o(.ARM.exidx.text.DMA_GetCurrDataCounter), (8 bytes).
    Removing stm32f4xx_dma.o(.text.DMA_DoubleBufferModeConfig), (20 bytes).
    Removing stm32f4xx_dma.o(.ARM.exidx.text.DMA_DoubleBufferModeConfig), (8 bytes).
    Removing stm32f4xx_dma.o(.text.DMA_DoubleBufferModeCmd), (18 bytes).
    Removing stm32f4xx_dma.o(.ARM.exidx.text.DMA_DoubleBufferModeCmd), (8 bytes).
    Removing stm32f4xx_dma.o(.text.DMA_MemoryTargetConfig), (12 bytes).
    Removing stm32f4xx_dma.o(.ARM.exidx.text.DMA_MemoryTargetConfig), (8 bytes).
    Removing stm32f4xx_dma.o(.text.DMA_GetCurrentMemoryTarget), (8 bytes).
    Removing stm32f4xx_dma.o(.ARM.exidx.text.DMA_GetCurrentMemoryTarget), (8 bytes).
    Removing stm32f4xx_dma.o(.text.DMA_GetCmdStatus), (8 bytes).
    Removing stm32f4xx_dma.o(.ARM.exidx.text.DMA_GetCmdStatus), (8 bytes).
    Removing stm32f4xx_dma.o(.text.DMA_GetFIFOStatus), (8 bytes).
    Removing stm32f4xx_dma.o(.ARM.exidx.text.DMA_GetFIFOStatus), (8 bytes).
    Removing stm32f4xx_dma.o(.text.DMA_GetFlagStatus), (68 bytes).
    Removing stm32f4xx_dma.o(.ARM.exidx.text.DMA_GetFlagStatus), (8 bytes).
    Removing stm32f4xx_dma.o(.text.DMA_ClearFlag), (62 bytes).
    Removing stm32f4xx_dma.o(.ARM.exidx.text.DMA_ClearFlag), (8 bytes).
    Removing stm32f4xx_dma.o(.text.DMA_ITConfig), (68 bytes).
    Removing stm32f4xx_dma.o(.ARM.exidx.text.DMA_ITConfig), (8 bytes).
    Removing stm32f4xx_dma.o(.text.DMA_GetITStatus), (104 bytes).
    Removing stm32f4xx_dma.o(.ARM.exidx.text.DMA_GetITStatus), (8 bytes).
    Removing stm32f4xx_dma.o(.text.DMA_ClearITPendingBit), (62 bytes).
    Removing stm32f4xx_dma.o(.ARM.exidx.text.DMA_ClearITPendingBit), (8 bytes).
    Removing stm32f4xx_dma2d.o(.text), (0 bytes).
    Removing stm32f4xx_dma2d.o(.text.DMA2D_DeInit), (26 bytes).
    Removing stm32f4xx_dma2d.o(.ARM.exidx.text.DMA2D_DeInit), (8 bytes).
    Removing stm32f4xx_dma2d.o(.text.DMA2D_Init), (244 bytes).
    Removing stm32f4xx_dma2d.o(.ARM.exidx.text.DMA2D_Init), (8 bytes).
    Removing stm32f4xx_dma2d.o(.text.DMA2D_StructInit), (10 bytes).
    Removing stm32f4xx_dma2d.o(.ARM.exidx.text.DMA2D_StructInit), (8 bytes).
    Removing stm32f4xx_dma2d.o(.text.DMA2D_StartTransfer), (18 bytes).
    Removing stm32f4xx_dma2d.o(.ARM.exidx.text.DMA2D_StartTransfer), (8 bytes).
    Removing stm32f4xx_dma2d.o(.text.DMA2D_AbortTransfer), (18 bytes).
    Removing stm32f4xx_dma2d.o(.ARM.exidx.text.DMA2D_AbortTransfer), (8 bytes).
    Removing stm32f4xx_dma2d.o(.text.DMA2D_Suspend), (24 bytes).
    Removing stm32f4xx_dma2d.o(.ARM.exidx.text.DMA2D_Suspend), (8 bytes).
    Removing stm32f4xx_dma2d.o(.text.DMA2D_FGConfig), (110 bytes).
    Removing stm32f4xx_dma2d.o(.ARM.exidx.text.DMA2D_FGConfig), (8 bytes).
    Removing stm32f4xx_dma2d.o(.text.DMA2D_FG_StructInit), (10 bytes).
    Removing stm32f4xx_dma2d.o(.ARM.exidx.text.DMA2D_FG_StructInit), (8 bytes).
    Removing stm32f4xx_dma2d.o(.text.DMA2D_BGConfig), (110 bytes).
    Removing stm32f4xx_dma2d.o(.ARM.exidx.text.DMA2D_BGConfig), (8 bytes).
    Removing stm32f4xx_dma2d.o(.text.DMA2D_BG_StructInit), (10 bytes).
    Removing stm32f4xx_dma2d.o(.ARM.exidx.text.DMA2D_BG_StructInit), (8 bytes).
    Removing stm32f4xx_dma2d.o(.text.DMA2D_FGStart), (24 bytes).
    Removing stm32f4xx_dma2d.o(.ARM.exidx.text.DMA2D_FGStart), (8 bytes).
    Removing stm32f4xx_dma2d.o(.text.DMA2D_BGStart), (24 bytes).
    Removing stm32f4xx_dma2d.o(.ARM.exidx.text.DMA2D_BGStart), (8 bytes).
    Removing stm32f4xx_dma2d.o(.text.DMA2D_DeadTimeConfig), (44 bytes).
    Removing stm32f4xx_dma2d.o(.ARM.exidx.text.DMA2D_DeadTimeConfig), (8 bytes).
    Removing stm32f4xx_dma2d.o(.text.DMA2D_LineWatermarkConfig), (12 bytes).
    Removing stm32f4xx_dma2d.o(.ARM.exidx.text.DMA2D_LineWatermarkConfig), (8 bytes).
    Removing stm32f4xx_dma2d.o(.text.DMA2D_ITConfig), (24 bytes).
    Removing stm32f4xx_dma2d.o(.ARM.exidx.text.DMA2D_ITConfig), (8 bytes).
    Removing stm32f4xx_dma2d.o(.text.DMA2D_GetFlagStatus), (18 bytes).
    Removing stm32f4xx_dma2d.o(.ARM.exidx.text.DMA2D_GetFlagStatus), (8 bytes).
    Removing stm32f4xx_dma2d.o(.text.DMA2D_ClearFlag), (12 bytes).
    Removing stm32f4xx_dma2d.o(.ARM.exidx.text.DMA2D_ClearFlag), (8 bytes).
    Removing stm32f4xx_dma2d.o(.text.DMA2D_GetITStatus), (32 bytes).
    Removing stm32f4xx_dma2d.o(.ARM.exidx.text.DMA2D_GetITStatus), (8 bytes).
    Removing stm32f4xx_dma2d.o(.text.DMA2D_ClearITPendingBit), (14 bytes).
    Removing stm32f4xx_dma2d.o(.ARM.exidx.text.DMA2D_ClearITPendingBit), (8 bytes).
    Removing stm32f4xx_exti.o(.text), (0 bytes).
    Removing stm32f4xx_exti.o(.text.EXTI_DeInit), (30 bytes).
    Removing stm32f4xx_exti.o(.ARM.exidx.text.EXTI_DeInit), (8 bytes).
    Removing stm32f4xx_exti.o(.ARM.exidx.text.EXTI_Init), (8 bytes).
    Removing stm32f4xx_exti.o(.text.EXTI_StructInit), (14 bytes).
    Removing stm32f4xx_exti.o(.ARM.exidx.text.EXTI_StructInit), (8 bytes).
    Removing stm32f4xx_exti.o(.text.EXTI_GenerateSWInterrupt), (16 bytes).
    Removing stm32f4xx_exti.o(.ARM.exidx.text.EXTI_GenerateSWInterrupt), (8 bytes).
    Removing stm32f4xx_exti.o(.text.EXTI_GetFlagStatus), (18 bytes).
    Removing stm32f4xx_exti.o(.ARM.exidx.text.EXTI_GetFlagStatus), (8 bytes).
    Removing stm32f4xx_exti.o(.text.EXTI_ClearFlag), (12 bytes).
    Removing stm32f4xx_exti.o(.ARM.exidx.text.EXTI_ClearFlag), (8 bytes).
    Removing stm32f4xx_exti.o(.text.EXTI_GetITStatus), (18 bytes).
    Removing stm32f4xx_exti.o(.ARM.exidx.text.EXTI_GetITStatus), (8 bytes).
    Removing stm32f4xx_exti.o(.text.EXTI_ClearITPendingBit), (12 bytes).
    Removing stm32f4xx_exti.o(.ARM.exidx.text.EXTI_ClearITPendingBit), (8 bytes).
    Removing stm32f4xx_fmc.o(.text), (0 bytes).
    Removing stm32f4xx_fmc.o(.text.FMC_NORSRAMDeInit), (50 bytes).
    Removing stm32f4xx_fmc.o(.ARM.exidx.text.FMC_NORSRAMDeInit), (8 bytes).
    Removing stm32f4xx_fmc.o(.text.FMC_NORSRAMInit), (292 bytes).
    Removing stm32f4xx_fmc.o(.ARM.exidx.text.FMC_NORSRAMInit), (8 bytes).
    Removing stm32f4xx_fmc.o(.text.FMC_NORSRAMStructInit), (56 bytes).
    Removing stm32f4xx_fmc.o(.ARM.exidx.text.FMC_NORSRAMStructInit), (8 bytes).
    Removing stm32f4xx_fmc.o(.text.FMC_NORSRAMCmd), (36 bytes).
    Removing stm32f4xx_fmc.o(.ARM.exidx.text.FMC_NORSRAMCmd), (8 bytes).
    Removing stm32f4xx_fmc.o(.text.FMC_NANDDeInit), (58 bytes).
    Removing stm32f4xx_fmc.o(.ARM.exidx.text.FMC_NANDDeInit), (8 bytes).
    Removing stm32f4xx_fmc.o(.text.FMC_NANDInit), (176 bytes).
    Removing stm32f4xx_fmc.o(.ARM.exidx.text.FMC_NANDInit), (8 bytes).
    Removing stm32f4xx_fmc.o(.text.FMC_NANDStructInit), (42 bytes).
    Removing stm32f4xx_fmc.o(.ARM.exidx.text.FMC_NANDStructInit), (8 bytes).
    Removing stm32f4xx_fmc.o(.text.FMC_NANDCmd), (72 bytes).
    Removing stm32f4xx_fmc.o(.ARM.exidx.text.FMC_NANDCmd), (8 bytes).
    Removing stm32f4xx_fmc.o(.text.FMC_NANDECCCmd), (72 bytes).
    Removing stm32f4xx_fmc.o(.ARM.exidx.text.FMC_NANDECCCmd), (8 bytes).
    Removing stm32f4xx_fmc.o(.text.FMC_GetECC), (22 bytes).
    Removing stm32f4xx_fmc.o(.ARM.exidx.text.FMC_GetECC), (8 bytes).
    Removing stm32f4xx_fmc.o(.text.FMC_PCCARDDeInit), (26 bytes).
    Removing stm32f4xx_fmc.o(.ARM.exidx.text.FMC_PCCARDDeInit), (8 bytes).
    Removing stm32f4xx_fmc.o(.text.FMC_PCCARDInit), (134 bytes).
    Removing stm32f4xx_fmc.o(.ARM.exidx.text.FMC_PCCARDInit), (8 bytes).
    Removing stm32f4xx_fmc.o(.text.FMC_PCCARDStructInit), (42 bytes).
    Removing stm32f4xx_fmc.o(.ARM.exidx.text.FMC_PCCARDStructInit), (8 bytes).
    Removing stm32f4xx_fmc.o(.text.FMC_PCCARDCmd), (32 bytes).
    Removing stm32f4xx_fmc.o(.ARM.exidx.text.FMC_PCCARDCmd), (8 bytes).
    Removing stm32f4xx_fmc.o(.text.FMC_SDRAMDeInit), (36 bytes).
    Removing stm32f4xx_fmc.o(.ARM.exidx.text.FMC_SDRAMDeInit), (8 bytes).
    Removing stm32f4xx_fmc.o(.ARM.exidx.text.FMC_SDRAMInit), (8 bytes).
    Removing stm32f4xx_fmc.o(.text.FMC_SDRAMStructInit), (52 bytes).
    Removing stm32f4xx_fmc.o(.ARM.exidx.text.FMC_SDRAMStructInit), (8 bytes).
    Removing stm32f4xx_fmc.o(.ARM.exidx.text.FMC_SDRAMCmdConfig), (8 bytes).
    Removing stm32f4xx_fmc.o(.text.FMC_GetModeStatus), (22 bytes).
    Removing stm32f4xx_fmc.o(.ARM.exidx.text.FMC_GetModeStatus), (8 bytes).
    Removing stm32f4xx_fmc.o(.ARM.exidx.text.FMC_SetRefreshCount), (8 bytes).
    Removing stm32f4xx_fmc.o(.text.FMC_SetAutoRefresh_Number), (18 bytes).
    Removing stm32f4xx_fmc.o(.ARM.exidx.text.FMC_SetAutoRefresh_Number), (8 bytes).
    Removing stm32f4xx_fmc.o(.text.FMC_SDRAMWriteProtectionConfig), (36 bytes).
    Removing stm32f4xx_fmc.o(.ARM.exidx.text.FMC_SDRAMWriteProtectionConfig), (8 bytes).
    Removing stm32f4xx_fmc.o(.text.FMC_ITConfig), (144 bytes).
    Removing stm32f4xx_fmc.o(.ARM.exidx.text.FMC_ITConfig), (8 bytes).
    Removing stm32f4xx_fmc.o(.ARM.exidx.text.FMC_GetFlagStatus), (8 bytes).
    Removing stm32f4xx_fmc.o(.text.FMC_ClearFlag), (46 bytes).
    Removing stm32f4xx_fmc.o(.ARM.exidx.text.FMC_ClearFlag), (8 bytes).
    Removing stm32f4xx_fmc.o(.text.FMC_GetITStatus), (90 bytes).
    Removing stm32f4xx_fmc.o(.ARM.exidx.text.FMC_GetITStatus), (8 bytes).
    Removing stm32f4xx_fmc.o(.text.FMC_ClearITPendingBit), (84 bytes).
    Removing stm32f4xx_fmc.o(.ARM.exidx.text.FMC_ClearITPendingBit), (8 bytes).
    Removing stm32f4xx_fmc.o(.rodata.FMC_DefaultTimingStruct), (28 bytes).
    Removing stm32f4xx_gpio.o(.text), (0 bytes).
    Removing stm32f4xx_gpio.o(.text.GPIO_DeInit), (92 bytes).
    Removing stm32f4xx_gpio.o(.ARM.exidx.text.GPIO_DeInit), (8 bytes).
    Removing stm32f4xx_gpio.o(.ARM.exidx.text.GPIO_Init), (8 bytes).
    Removing stm32f4xx_gpio.o(.text.GPIO_StructInit), (12 bytes).
    Removing stm32f4xx_gpio.o(.ARM.exidx.text.GPIO_StructInit), (8 bytes).
    Removing stm32f4xx_gpio.o(.text.GPIO_PinLockConfig), (36 bytes).
    Removing stm32f4xx_gpio.o(.ARM.exidx.text.GPIO_PinLockConfig), (8 bytes).
    Removing stm32f4xx_gpio.o(.ARM.exidx.text.GPIO_ReadInputDataBit), (8 bytes).
    Removing stm32f4xx_gpio.o(.text.GPIO_ReadInputData), (6 bytes).
    Removing stm32f4xx_gpio.o(.ARM.exidx.text.GPIO_ReadInputData), (8 bytes).
    Removing stm32f4xx_gpio.o(.text.GPIO_ReadOutputDataBit), (10 bytes).
    Removing stm32f4xx_gpio.o(.ARM.exidx.text.GPIO_ReadOutputDataBit), (8 bytes).
    Removing stm32f4xx_gpio.o(.text.GPIO_ReadOutputData), (6 bytes).
    Removing stm32f4xx_gpio.o(.ARM.exidx.text.GPIO_ReadOutputData), (8 bytes).
    Removing stm32f4xx_gpio.o(.ARM.exidx.text.GPIO_SetBits), (8 bytes).
    Removing stm32f4xx_gpio.o(.ARM.exidx.text.GPIO_ResetBits), (8 bytes).
    Removing stm32f4xx_gpio.o(.ARM.exidx.text.GPIO_WriteBit), (8 bytes).
    Removing stm32f4xx_gpio.o(.text.GPIO_Write), (4 bytes).
    Removing stm32f4xx_gpio.o(.ARM.exidx.text.GPIO_Write), (8 bytes).
    Removing stm32f4xx_gpio.o(.text.GPIO_ToggleBits), (8 bytes).
    Removing stm32f4xx_gpio.o(.ARM.exidx.text.GPIO_ToggleBits), (8 bytes).
    Removing stm32f4xx_gpio.o(.ARM.exidx.text.GPIO_PinAFConfig), (8 bytes).
    Removing stm32f4xx_ltdc.o(.text), (0 bytes).
    Removing stm32f4xx_ltdc.o(.text.LTDC_DeInit), (26 bytes).
    Removing stm32f4xx_ltdc.o(.ARM.exidx.text.LTDC_DeInit), (8 bytes).
    Removing stm32f4xx_ltdc.o(.ARM.exidx.text.LTDC_Init), (8 bytes).
    Removing stm32f4xx_ltdc.o(.text.LTDC_StructInit), (10 bytes).
    Removing stm32f4xx_ltdc.o(.ARM.exidx.text.LTDC_StructInit), (8 bytes).
    Removing stm32f4xx_ltdc.o(.ARM.exidx.text.LTDC_Cmd), (8 bytes).
    Removing stm32f4xx_ltdc.o(.ARM.exidx.text.LTDC_DitherCmd), (8 bytes).
    Removing stm32f4xx_ltdc.o(.text.LTDC_GetRGBWidth), (48 bytes).
    Removing stm32f4xx_ltdc.o(.ARM.exidx.text.LTDC_GetRGBWidth), (8 bytes).
    Removing stm32f4xx_ltdc.o(.text.LTDC_RGBStructInit), (10 bytes).
    Removing stm32f4xx_ltdc.o(.ARM.exidx.text.LTDC_RGBStructInit), (8 bytes).
    Removing stm32f4xx_ltdc.o(.text.LTDC_LIPConfig), (12 bytes).
    Removing stm32f4xx_ltdc.o(.ARM.exidx.text.LTDC_LIPConfig), (8 bytes).
    Removing stm32f4xx_ltdc.o(.ARM.exidx.text.LTDC_ReloadConfig), (8 bytes).
    Removing stm32f4xx_ltdc.o(.ARM.exidx.text.LTDC_LayerInit), (8 bytes).
    Removing stm32f4xx_ltdc.o(.text.LTDC_LayerStructInit), (44 bytes).
    Removing stm32f4xx_ltdc.o(.ARM.exidx.text.LTDC_LayerStructInit), (8 bytes).
    Removing stm32f4xx_ltdc.o(.ARM.exidx.text.LTDC_LayerCmd), (8 bytes).
    Removing stm32f4xx_ltdc.o(.text.LTDC_GetPosStatus), (28 bytes).
    Removing stm32f4xx_ltdc.o(.ARM.exidx.text.LTDC_GetPosStatus), (8 bytes).
    Removing stm32f4xx_ltdc.o(.text.LTDC_PosStructInit), (8 bytes).
    Removing stm32f4xx_ltdc.o(.ARM.exidx.text.LTDC_PosStructInit), (8 bytes).
    Removing stm32f4xx_ltdc.o(.text.LTDC_GetCDStatus), (18 bytes).
    Removing stm32f4xx_ltdc.o(.ARM.exidx.text.LTDC_GetCDStatus), (8 bytes).
    Removing stm32f4xx_ltdc.o(.ARM.exidx.text.LTDC_ColorKeyingConfig), (8 bytes).
    Removing stm32f4xx_ltdc.o(.text.LTDC_ColorKeyingStructInit), (10 bytes).
    Removing stm32f4xx_ltdc.o(.ARM.exidx.text.LTDC_ColorKeyingStructInit), (8 bytes).
    Removing stm32f4xx_ltdc.o(.text.LTDC_CLUTCmd), (28 bytes).
    Removing stm32f4xx_ltdc.o(.ARM.exidx.text.LTDC_CLUTCmd), (8 bytes).
    Removing stm32f4xx_ltdc.o(.text.LTDC_CLUTInit), (24 bytes).
    Removing stm32f4xx_ltdc.o(.ARM.exidx.text.LTDC_CLUTInit), (8 bytes).
    Removing stm32f4xx_ltdc.o(.text.LTDC_CLUTStructInit), (12 bytes).
    Removing stm32f4xx_ltdc.o(.ARM.exidx.text.LTDC_CLUTStructInit), (8 bytes).
    Removing stm32f4xx_ltdc.o(.text.LTDC_LayerPosition), (116 bytes).
    Removing stm32f4xx_ltdc.o(.ARM.exidx.text.LTDC_LayerPosition), (8 bytes).
    Removing stm32f4xx_ltdc.o(.text.LTDC_LayerAlpha), (4 bytes).
    Removing stm32f4xx_ltdc.o(.ARM.exidx.text.LTDC_LayerAlpha), (8 bytes).
    Removing stm32f4xx_ltdc.o(.text.LTDC_LayerAddress), (4 bytes).
    Removing stm32f4xx_ltdc.o(.ARM.exidx.text.LTDC_LayerAddress), (8 bytes).
    Removing stm32f4xx_ltdc.o(.text.LTDC_LayerSize), (88 bytes).
    Removing stm32f4xx_ltdc.o(.ARM.exidx.text.LTDC_LayerSize), (8 bytes).
    Removing stm32f4xx_ltdc.o(.text.LTDC_LayerPixelFormat), (76 bytes).
    Removing stm32f4xx_ltdc.o(.ARM.exidx.text.LTDC_LayerPixelFormat), (8 bytes).
    Removing stm32f4xx_ltdc.o(.text.LTDC_ITConfig), (24 bytes).
    Removing stm32f4xx_ltdc.o(.ARM.exidx.text.LTDC_ITConfig), (8 bytes).
    Removing stm32f4xx_ltdc.o(.text.LTDC_GetFlagStatus), (18 bytes).
    Removing stm32f4xx_ltdc.o(.ARM.exidx.text.LTDC_GetFlagStatus), (8 bytes).
    Removing stm32f4xx_ltdc.o(.text.LTDC_ClearFlag), (12 bytes).
    Removing stm32f4xx_ltdc.o(.ARM.exidx.text.LTDC_ClearFlag), (8 bytes).
    Removing stm32f4xx_ltdc.o(.text.LTDC_GetITStatus), (28 bytes).
    Removing stm32f4xx_ltdc.o(.ARM.exidx.text.LTDC_GetITStatus), (8 bytes).
    Removing stm32f4xx_ltdc.o(.text.LTDC_ClearITPendingBit), (12 bytes).
    Removing stm32f4xx_ltdc.o(.ARM.exidx.text.LTDC_ClearITPendingBit), (8 bytes).
    Removing stm32f4xx_ltdc.o(.rodata.cst32), (32 bytes).
    Removing stm32f4xx_rcc.o(.text), (0 bytes).
    Removing stm32f4xx_rcc.o(.text.RCC_DeInit), (80 bytes).
    Removing stm32f4xx_rcc.o(.ARM.exidx.text.RCC_DeInit), (8 bytes).
    Removing stm32f4xx_rcc.o(.text.RCC_HSEConfig), (16 bytes).
    Removing stm32f4xx_rcc.o(.ARM.exidx.text.RCC_HSEConfig), (8 bytes).
    Removing stm32f4xx_rcc.o(.text.RCC_WaitForHSEStartUp), (114 bytes).
    Removing stm32f4xx_rcc.o(.ARM.exidx.text.RCC_WaitForHSEStartUp), (8 bytes).
    Removing stm32f4xx_rcc.o(.ARM.exidx.text.RCC_GetFlagStatus), (8 bytes).
    Removing stm32f4xx_rcc.o(.text.RCC_AdjustHSICalibrationValue), (22 bytes).
    Removing stm32f4xx_rcc.o(.ARM.exidx.text.RCC_AdjustHSICalibrationValue), (8 bytes).
    Removing stm32f4xx_rcc.o(.text.RCC_HSICmd), (10 bytes).
    Removing stm32f4xx_rcc.o(.ARM.exidx.text.RCC_HSICmd), (8 bytes).
    Removing stm32f4xx_rcc.o(.text.RCC_LSEConfig), (38 bytes).
    Removing stm32f4xx_rcc.o(.ARM.exidx.text.RCC_LSEConfig), (8 bytes).
    Removing stm32f4xx_rcc.o(.text.RCC_LSICmd), (12 bytes).
    Removing stm32f4xx_rcc.o(.ARM.exidx.text.RCC_LSICmd), (8 bytes).
    Removing stm32f4xx_rcc.o(.text.RCC_PLLConfig), (46 bytes).
    Removing stm32f4xx_rcc.o(.ARM.exidx.text.RCC_PLLConfig), (8 bytes).
    Removing stm32f4xx_rcc.o(.text.RCC_PLLCmd), (10 bytes).
    Removing stm32f4xx_rcc.o(.ARM.exidx.text.RCC_PLLCmd), (8 bytes).
    Removing stm32f4xx_rcc.o(.text.RCC_PLLI2SConfig), (22 bytes).
    Removing stm32f4xx_rcc.o(.ARM.exidx.text.RCC_PLLI2SConfig), (8 bytes).
    Removing stm32f4xx_rcc.o(.text.RCC_PLLI2SCmd), (10 bytes).
    Removing stm32f4xx_rcc.o(.ARM.exidx.text.RCC_PLLI2SCmd), (8 bytes).
    Removing stm32f4xx_rcc.o(.ARM.exidx.text.RCC_PLLSAIConfig), (8 bytes).
    Removing stm32f4xx_rcc.o(.ARM.exidx.text.RCC_PLLSAICmd), (8 bytes).
    Removing stm32f4xx_rcc.o(.text.RCC_ClockSecuritySystemCmd), (10 bytes).
    Removing stm32f4xx_rcc.o(.ARM.exidx.text.RCC_ClockSecuritySystemCmd), (8 bytes).
    Removing stm32f4xx_rcc.o(.text.RCC_MCO1Config), (22 bytes).
    Removing stm32f4xx_rcc.o(.ARM.exidx.text.RCC_MCO1Config), (8 bytes).
    Removing stm32f4xx_rcc.o(.text.RCC_MCO2Config), (22 bytes).
    Removing stm32f4xx_rcc.o(.ARM.exidx.text.RCC_MCO2Config), (8 bytes).
    Removing stm32f4xx_rcc.o(.text.RCC_SYSCLKConfig), (20 bytes).
    Removing stm32f4xx_rcc.o(.ARM.exidx.text.RCC_SYSCLKConfig), (8 bytes).
    Removing stm32f4xx_rcc.o(.text.RCC_GetSYSCLKSource), (16 bytes).
    Removing stm32f4xx_rcc.o(.ARM.exidx.text.RCC_GetSYSCLKSource), (8 bytes).
    Removing stm32f4xx_rcc.o(.text.RCC_HCLKConfig), (20 bytes).
    Removing stm32f4xx_rcc.o(.ARM.exidx.text.RCC_HCLKConfig), (8 bytes).
    Removing stm32f4xx_rcc.o(.text.RCC_PCLK1Config), (20 bytes).
    Removing stm32f4xx_rcc.o(.ARM.exidx.text.RCC_PCLK1Config), (8 bytes).
    Removing stm32f4xx_rcc.o(.text.RCC_PCLK2Config), (22 bytes).
    Removing stm32f4xx_rcc.o(.ARM.exidx.text.RCC_PCLK2Config), (8 bytes).
    Removing stm32f4xx_rcc.o(.text.RCC_GetClocksFreq), (152 bytes).
    Removing stm32f4xx_rcc.o(.ARM.exidx.text.RCC_GetClocksFreq), (8 bytes).
    Removing stm32f4xx_rcc.o(.text.RCC_RTCCLKConfig), (50 bytes).
    Removing stm32f4xx_rcc.o(.ARM.exidx.text.RCC_RTCCLKConfig), (8 bytes).
    Removing stm32f4xx_rcc.o(.text.RCC_RTCCLKCmd), (12 bytes).
    Removing stm32f4xx_rcc.o(.ARM.exidx.text.RCC_RTCCLKCmd), (8 bytes).
    Removing stm32f4xx_rcc.o(.text.RCC_BackupResetCmd), (12 bytes).
    Removing stm32f4xx_rcc.o(.ARM.exidx.text.RCC_BackupResetCmd), (8 bytes).
    Removing stm32f4xx_rcc.o(.text.RCC_I2SCLKConfig), (12 bytes).
    Removing stm32f4xx_rcc.o(.ARM.exidx.text.RCC_I2SCLKConfig), (8 bytes).
    Removing stm32f4xx_rcc.o(.text.RCC_SAIBlockACLKConfig), (20 bytes).
    Removing stm32f4xx_rcc.o(.ARM.exidx.text.RCC_SAIBlockACLKConfig), (8 bytes).
    Removing stm32f4xx_rcc.o(.text.RCC_SAIBlockBCLKConfig), (20 bytes).
    Removing stm32f4xx_rcc.o(.ARM.exidx.text.RCC_SAIBlockBCLKConfig), (8 bytes).
    Removing stm32f4xx_rcc.o(.text.RCC_SAIPLLI2SClkDivConfig), (22 bytes).
    Removing stm32f4xx_rcc.o(.ARM.exidx.text.RCC_SAIPLLI2SClkDivConfig), (8 bytes).
    Removing stm32f4xx_rcc.o(.text.RCC_SAIPLLSAIClkDivConfig), (28 bytes).
    Removing stm32f4xx_rcc.o(.ARM.exidx.text.RCC_SAIPLLSAIClkDivConfig), (8 bytes).
    Removing stm32f4xx_rcc.o(.ARM.exidx.text.RCC_LTDCCLKDivConfig), (8 bytes).
    Removing stm32f4xx_rcc.o(.text.RCC_TIMCLKPresConfig), (12 bytes).
    Removing stm32f4xx_rcc.o(.ARM.exidx.text.RCC_TIMCLKPresConfig), (8 bytes).
    Removing stm32f4xx_rcc.o(.ARM.exidx.text.RCC_AHB1PeriphClockCmd), (8 bytes).
    Removing stm32f4xx_rcc.o(.text.RCC_AHB2PeriphClockCmd), (24 bytes).
    Removing stm32f4xx_rcc.o(.ARM.exidx.text.RCC_AHB2PeriphClockCmd), (8 bytes).
    Removing stm32f4xx_rcc.o(.ARM.exidx.text.RCC_AHB3PeriphClockCmd), (8 bytes).
    Removing stm32f4xx_rcc.o(.text.RCC_APB1PeriphClockCmd), (24 bytes).
    Removing stm32f4xx_rcc.o(.ARM.exidx.text.RCC_APB1PeriphClockCmd), (8 bytes).
    Removing stm32f4xx_rcc.o(.ARM.exidx.text.RCC_APB2PeriphClockCmd), (8 bytes).
    Removing stm32f4xx_rcc.o(.text.RCC_AHB1PeriphResetCmd), (24 bytes).
    Removing stm32f4xx_rcc.o(.ARM.exidx.text.RCC_AHB1PeriphResetCmd), (8 bytes).
    Removing stm32f4xx_rcc.o(.text.RCC_AHB2PeriphResetCmd), (24 bytes).
    Removing stm32f4xx_rcc.o(.ARM.exidx.text.RCC_AHB2PeriphResetCmd), (8 bytes).
    Removing stm32f4xx_rcc.o(.text.RCC_AHB3PeriphResetCmd), (24 bytes).
    Removing stm32f4xx_rcc.o(.ARM.exidx.text.RCC_AHB3PeriphResetCmd), (8 bytes).
    Removing stm32f4xx_rcc.o(.ARM.exidx.text.RCC_APB1PeriphResetCmd), (8 bytes).
    Removing stm32f4xx_rcc.o(.ARM.exidx.text.RCC_APB2PeriphResetCmd), (8 bytes).
    Removing stm32f4xx_rcc.o(.text.RCC_AHB1PeriphClockLPModeCmd), (24 bytes).
    Removing stm32f4xx_rcc.o(.ARM.exidx.text.RCC_AHB1PeriphClockLPModeCmd), (8 bytes).
    Removing stm32f4xx_rcc.o(.text.RCC_AHB2PeriphClockLPModeCmd), (24 bytes).
    Removing stm32f4xx_rcc.o(.ARM.exidx.text.RCC_AHB2PeriphClockLPModeCmd), (8 bytes).
    Removing stm32f4xx_rcc.o(.text.RCC_AHB3PeriphClockLPModeCmd), (24 bytes).
    Removing stm32f4xx_rcc.o(.ARM.exidx.text.RCC_AHB3PeriphClockLPModeCmd), (8 bytes).
    Removing stm32f4xx_rcc.o(.text.RCC_APB1PeriphClockLPModeCmd), (24 bytes).
    Removing stm32f4xx_rcc.o(.ARM.exidx.text.RCC_APB1PeriphClockLPModeCmd), (8 bytes).
    Removing stm32f4xx_rcc.o(.text.RCC_APB2PeriphClockLPModeCmd), (24 bytes).
    Removing stm32f4xx_rcc.o(.ARM.exidx.text.RCC_APB2PeriphClockLPModeCmd), (8 bytes).
    Removing stm32f4xx_rcc.o(.text.RCC_LSEModeConfig), (24 bytes).
    Removing stm32f4xx_rcc.o(.ARM.exidx.text.RCC_LSEModeConfig), (8 bytes).
    Removing stm32f4xx_rcc.o(.text.RCC_ITConfig), (24 bytes).
    Removing stm32f4xx_rcc.o(.ARM.exidx.text.RCC_ITConfig), (8 bytes).
    Removing stm32f4xx_rcc.o(.text.RCC_ClearFlag), (18 bytes).
    Removing stm32f4xx_rcc.o(.ARM.exidx.text.RCC_ClearFlag), (8 bytes).
    Removing stm32f4xx_rcc.o(.text.RCC_GetITStatus), (18 bytes).
    Removing stm32f4xx_rcc.o(.ARM.exidx.text.RCC_GetITStatus), (8 bytes).
    Removing stm32f4xx_rcc.o(.text.RCC_ClearITPendingBit), (12 bytes).
    Removing stm32f4xx_rcc.o(.ARM.exidx.text.RCC_ClearITPendingBit), (8 bytes).
    Removing stm32f4xx_rcc.o(.rodata.APBAHBPrescTable), (16 bytes).
    Removing stm32f4xx_spi.o(.text), (0 bytes).
    Removing stm32f4xx_spi.o(.ARM.exidx.text.SPI_I2S_DeInit), (8 bytes).
    Removing stm32f4xx_spi.o(.ARM.exidx.text.SPI_Init), (8 bytes).
    Removing stm32f4xx_spi.o(.text.I2S_Init), (216 bytes).
    Removing stm32f4xx_spi.o(.ARM.exidx.text.I2S_Init), (8 bytes).
    Removing stm32f4xx_spi.o(.text.SPI_StructInit), (16 bytes).
    Removing stm32f4xx_spi.o(.ARM.exidx.text.SPI_StructInit), (8 bytes).
    Removing stm32f4xx_spi.o(.text.I2S_StructInit), (14 bytes).
    Removing stm32f4xx_spi.o(.ARM.exidx.text.I2S_StructInit), (8 bytes).
    Removing stm32f4xx_spi.o(.ARM.exidx.text.SPI_Cmd), (8 bytes).
    Removing stm32f4xx_spi.o(.text.I2S_Cmd), (20 bytes).
    Removing stm32f4xx_spi.o(.ARM.exidx.text.I2S_Cmd), (8 bytes).
    Removing stm32f4xx_spi.o(.text.SPI_DataSizeConfig), (16 bytes).
    Removing stm32f4xx_spi.o(.ARM.exidx.text.SPI_DataSizeConfig), (8 bytes).
    Removing stm32f4xx_spi.o(.text.SPI_BiDirectionalLineConfig), (24 bytes).
    Removing stm32f4xx_spi.o(.ARM.exidx.text.SPI_BiDirectionalLineConfig), (8 bytes).
    Removing stm32f4xx_spi.o(.text.SPI_NSSInternalSoftwareConfig), (24 bytes).
    Removing stm32f4xx_spi.o(.ARM.exidx.text.SPI_NSSInternalSoftwareConfig), (8 bytes).
    Removing stm32f4xx_spi.o(.text.SPI_SSOutputCmd), (20 bytes).
    Removing stm32f4xx_spi.o(.ARM.exidx.text.SPI_SSOutputCmd), (8 bytes).
    Removing stm32f4xx_spi.o(.text.SPI_TIModeCmd), (20 bytes).
    Removing stm32f4xx_spi.o(.ARM.exidx.text.SPI_TIModeCmd), (8 bytes).
    Removing stm32f4xx_spi.o(.text.I2S_FullDuplexConfig), (72 bytes).
    Removing stm32f4xx_spi.o(.ARM.exidx.text.I2S_FullDuplexConfig), (8 bytes).
    Removing stm32f4xx_spi.o(.text.SPI_I2S_ReceiveData), (4 bytes).
    Removing stm32f4xx_spi.o(.ARM.exidx.text.SPI_I2S_ReceiveData), (8 bytes).
    Removing stm32f4xx_spi.o(.ARM.exidx.text.SPI_I2S_SendData), (8 bytes).
    Removing stm32f4xx_spi.o(.text.SPI_CalculateCRC), (20 bytes).
    Removing stm32f4xx_spi.o(.ARM.exidx.text.SPI_CalculateCRC), (8 bytes).
    Removing stm32f4xx_spi.o(.text.SPI_TransmitCRC), (10 bytes).
    Removing stm32f4xx_spi.o(.ARM.exidx.text.SPI_TransmitCRC), (8 bytes).
    Removing stm32f4xx_spi.o(.text.SPI_GetCRC), (12 bytes).
    Removing stm32f4xx_spi.o(.ARM.exidx.text.SPI_GetCRC), (8 bytes).
    Removing stm32f4xx_spi.o(.text.SPI_GetCRCPolynomial), (4 bytes).
    Removing stm32f4xx_spi.o(.ARM.exidx.text.SPI_GetCRCPolynomial), (8 bytes).
    Removing stm32f4xx_spi.o(.text.SPI_I2S_DMACmd), (16 bytes).
    Removing stm32f4xx_spi.o(.ARM.exidx.text.SPI_I2S_DMACmd), (8 bytes).
    Removing stm32f4xx_spi.o(.text.SPI_I2S_ITConfig), (24 bytes).
    Removing stm32f4xx_spi.o(.ARM.exidx.text.SPI_I2S_ITConfig), (8 bytes).
    Removing stm32f4xx_spi.o(.ARM.exidx.text.SPI_I2S_GetFlagStatus), (8 bytes).
    Removing stm32f4xx_spi.o(.text.SPI_I2S_ClearFlag), (6 bytes).
    Removing stm32f4xx_spi.o(.ARM.exidx.text.SPI_I2S_ClearFlag), (8 bytes).
    Removing stm32f4xx_spi.o(.text.SPI_I2S_GetITStatus), (24 bytes).
    Removing stm32f4xx_spi.o(.ARM.exidx.text.SPI_I2S_GetITStatus), (8 bytes).
    Removing stm32f4xx_spi.o(.text.SPI_I2S_ClearITPendingBit), (16 bytes).
    Removing stm32f4xx_spi.o(.ARM.exidx.text.SPI_I2S_ClearITPendingBit), (8 bytes).
    Removing stm32f4xx_syscfg.o(.text), (0 bytes).
    Removing stm32f4xx_syscfg.o(.text.SYSCFG_DeInit), (26 bytes).
    Removing stm32f4xx_syscfg.o(.ARM.exidx.text.SYSCFG_DeInit), (8 bytes).
    Removing stm32f4xx_syscfg.o(.text.SYSCFG_MemoryRemapConfig), (12 bytes).
    Removing stm32f4xx_syscfg.o(.ARM.exidx.text.SYSCFG_MemoryRemapConfig), (8 bytes).
    Removing stm32f4xx_syscfg.o(.text.SYSCFG_MemorySwappingBank), (10 bytes).
    Removing stm32f4xx_syscfg.o(.ARM.exidx.text.SYSCFG_MemorySwappingBank), (8 bytes).
    Removing stm32f4xx_syscfg.o(.ARM.exidx.text.SYSCFG_EXTILineConfig), (8 bytes).
    Removing stm32f4xx_syscfg.o(.text.SYSCFG_ETH_MediaInterfaceConfig), (10 bytes).
    Removing stm32f4xx_syscfg.o(.ARM.exidx.text.SYSCFG_ETH_MediaInterfaceConfig), (8 bytes).
    Removing stm32f4xx_syscfg.o(.text.SYSCFG_CompensationCellCmd), (12 bytes).
    Removing stm32f4xx_syscfg.o(.ARM.exidx.text.SYSCFG_CompensationCellCmd), (8 bytes).
    Removing stm32f4xx_syscfg.o(.text.SYSCFG_GetCompensationCellStatus), (16 bytes).
    Removing stm32f4xx_syscfg.o(.ARM.exidx.text.SYSCFG_GetCompensationCellStatus), (8 bytes).
    Removing stm32f4xx_i2c.o(.text), (0 bytes).
    Removing stm32f4xx_i2c.o(.text.I2C_DeInit), (80 bytes).
    Removing stm32f4xx_i2c.o(.ARM.exidx.text.I2C_DeInit), (8 bytes).
    Removing stm32f4xx_i2c.o(.text.I2C_Init), (204 bytes).
    Removing stm32f4xx_i2c.o(.ARM.exidx.text.I2C_Init), (8 bytes).
    Removing stm32f4xx_i2c.o(.text.I2C_StructInit), (24 bytes).
    Removing stm32f4xx_i2c.o(.ARM.exidx.text.I2C_StructInit), (8 bytes).
    Removing stm32f4xx_i2c.o(.text.I2C_Cmd), (18 bytes).
    Removing stm32f4xx_i2c.o(.ARM.exidx.text.I2C_Cmd), (8 bytes).
    Removing stm32f4xx_i2c.o(.text.I2C_AnalogFilterCmd), (20 bytes).
    Removing stm32f4xx_i2c.o(.ARM.exidx.text.I2C_AnalogFilterCmd), (8 bytes).
    Removing stm32f4xx_i2c.o(.text.I2C_DigitalFilterConfig), (10 bytes).
    Removing stm32f4xx_i2c.o(.ARM.exidx.text.I2C_DigitalFilterConfig), (8 bytes).
    Removing stm32f4xx_i2c.o(.text.I2C_GenerateSTART), (20 bytes).
    Removing stm32f4xx_i2c.o(.ARM.exidx.text.I2C_GenerateSTART), (8 bytes).
    Removing stm32f4xx_i2c.o(.text.I2C_GenerateSTOP), (20 bytes).
    Removing stm32f4xx_i2c.o(.ARM.exidx.text.I2C_GenerateSTOP), (8 bytes).
    Removing stm32f4xx_i2c.o(.text.I2C_Send7bitAddress), (16 bytes).
    Removing stm32f4xx_i2c.o(.ARM.exidx.text.I2C_Send7bitAddress), (8 bytes).
    Removing stm32f4xx_i2c.o(.text.I2C_AcknowledgeConfig), (20 bytes).
    Removing stm32f4xx_i2c.o(.ARM.exidx.text.I2C_AcknowledgeConfig), (8 bytes).
    Removing stm32f4xx_i2c.o(.text.I2C_OwnAddress2Config), (12 bytes).
    Removing stm32f4xx_i2c.o(.ARM.exidx.text.I2C_OwnAddress2Config), (8 bytes).
    Removing stm32f4xx_i2c.o(.text.I2C_DualAddressCmd), (18 bytes).
    Removing stm32f4xx_i2c.o(.ARM.exidx.text.I2C_DualAddressCmd), (8 bytes).
    Removing stm32f4xx_i2c.o(.text.I2C_GeneralCallCmd), (20 bytes).
    Removing stm32f4xx_i2c.o(.ARM.exidx.text.I2C_GeneralCallCmd), (8 bytes).
    Removing stm32f4xx_i2c.o(.text.I2C_SoftwareResetCmd), (20 bytes).
    Removing stm32f4xx_i2c.o(.ARM.exidx.text.I2C_SoftwareResetCmd), (8 bytes).
    Removing stm32f4xx_i2c.o(.text.I2C_StretchClockCmd), (20 bytes).
    Removing stm32f4xx_i2c.o(.ARM.exidx.text.I2C_StretchClockCmd), (8 bytes).
    Removing stm32f4xx_i2c.o(.text.I2C_FastModeDutyCycleConfig), (24 bytes).
    Removing stm32f4xx_i2c.o(.ARM.exidx.text.I2C_FastModeDutyCycleConfig), (8 bytes).
    Removing stm32f4xx_i2c.o(.text.I2C_NACKPositionConfig), (24 bytes).
    Removing stm32f4xx_i2c.o(.ARM.exidx.text.I2C_NACKPositionConfig), (8 bytes).
    Removing stm32f4xx_i2c.o(.text.I2C_SMBusAlertConfig), (24 bytes).
    Removing stm32f4xx_i2c.o(.ARM.exidx.text.I2C_SMBusAlertConfig), (8 bytes).
    Removing stm32f4xx_i2c.o(.text.I2C_ARPCmd), (20 bytes).
    Removing stm32f4xx_i2c.o(.ARM.exidx.text.I2C_ARPCmd), (8 bytes).
    Removing stm32f4xx_i2c.o(.text.I2C_SendData), (4 bytes).
    Removing stm32f4xx_i2c.o(.ARM.exidx.text.I2C_SendData), (8 bytes).
    Removing stm32f4xx_i2c.o(.text.I2C_ReceiveData), (6 bytes).
    Removing stm32f4xx_i2c.o(.ARM.exidx.text.I2C_ReceiveData), (8 bytes).
    Removing stm32f4xx_i2c.o(.text.I2C_TransmitPEC), (20 bytes).
    Removing stm32f4xx_i2c.o(.ARM.exidx.text.I2C_TransmitPEC), (8 bytes).
    Removing stm32f4xx_i2c.o(.text.I2C_PECPositionConfig), (24 bytes).
    Removing stm32f4xx_i2c.o(.ARM.exidx.text.I2C_PECPositionConfig), (8 bytes).
    Removing stm32f4xx_i2c.o(.text.I2C_CalculatePEC), (20 bytes).
    Removing stm32f4xx_i2c.o(.ARM.exidx.text.I2C_CalculatePEC), (8 bytes).
    Removing stm32f4xx_i2c.o(.text.I2C_GetPEC), (6 bytes).
    Removing stm32f4xx_i2c.o(.ARM.exidx.text.I2C_GetPEC), (8 bytes).
    Removing stm32f4xx_i2c.o(.text.I2C_DMACmd), (20 bytes).
    Removing stm32f4xx_i2c.o(.ARM.exidx.text.I2C_DMACmd), (8 bytes).
    Removing stm32f4xx_i2c.o(.text.I2C_DMALastTransferCmd), (20 bytes).
    Removing stm32f4xx_i2c.o(.ARM.exidx.text.I2C_DMALastTransferCmd), (8 bytes).
    Removing stm32f4xx_i2c.o(.text.I2C_ReadRegister), (22 bytes).
    Removing stm32f4xx_i2c.o(.ARM.exidx.text.I2C_ReadRegister), (8 bytes).
    Removing stm32f4xx_i2c.o(.text.I2C_ITConfig), (16 bytes).
    Removing stm32f4xx_i2c.o(.ARM.exidx.text.I2C_ITConfig), (8 bytes).
    Removing stm32f4xx_i2c.o(.text.I2C_CheckEvent), (22 bytes).
    Removing stm32f4xx_i2c.o(.ARM.exidx.text.I2C_CheckEvent), (8 bytes).
    Removing stm32f4xx_i2c.o(.text.I2C_GetLastEvent), (12 bytes).
    Removing stm32f4xx_i2c.o(.ARM.exidx.text.I2C_GetLastEvent), (8 bytes).
    Removing stm32f4xx_i2c.o(.text.I2C_GetFlagStatus), (48 bytes).
    Removing stm32f4xx_i2c.o(.ARM.exidx.text.I2C_GetFlagStatus), (8 bytes).
    Removing stm32f4xx_i2c.o(.text.I2C_ClearFlag), (6 bytes).
    Removing stm32f4xx_i2c.o(.ARM.exidx.text.I2C_ClearFlag), (8 bytes).
    Removing stm32f4xx_i2c.o(.text.I2C_GetITStatus), (28 bytes).
    Removing stm32f4xx_i2c.o(.ARM.exidx.text.I2C_GetITStatus), (8 bytes).
    Removing stm32f4xx_i2c.o(.text.I2C_ClearITPendingBit), (6 bytes).
    Removing stm32f4xx_i2c.o(.ARM.exidx.text.I2C_ClearITPendingBit), (8 bytes).
    Removing main.o(.text), (0 bytes).
    Removing main.o(.ARM.exidx.text.main), (8 bytes).
    Removing main.o(.bss.LTDC_colorkeying_InitStruct), (12 bytes).
    Removing main.o(.ARM.use_no_argv), (4 bytes).
    Removing stm32f4xx_it.o(.text), (0 bytes).
    Removing stm32f4xx_it.o(.ARM.exidx.text.NMI_Handler), (8 bytes).
    Removing stm32f4xx_it.o(.ARM.exidx.text.HardFault_Handler), (8 bytes).
    Removing stm32f4xx_it.o(.ARM.exidx.text.MemManage_Handler), (8 bytes).
    Removing stm32f4xx_it.o(.ARM.exidx.text.BusFault_Handler), (8 bytes).
    Removing stm32f4xx_it.o(.ARM.exidx.text.UsageFault_Handler), (8 bytes).
    Removing stm32f4xx_it.o(.ARM.exidx.text.SVC_Handler), (8 bytes).
    Removing stm32f4xx_it.o(.ARM.exidx.text.DebugMon_Handler), (8 bytes).
    Removing stm32f4xx_it.o(.ARM.exidx.text.PendSV_Handler), (8 bytes).
    Removing stm32f4xx_it.o(.ARM.exidx.text.SysTick_Handler), (8 bytes).
    Removing system_stm32f4xx.o(.text), (0 bytes).
    Removing system_stm32f4xx.o(.ARM.exidx.text.SystemInit), (8 bytes).
    Removing system_stm32f4xx.o(.text.SystemCoreClockUpdate), (124 bytes).
    Removing system_stm32f4xx.o(.ARM.exidx.text.SystemCoreClockUpdate), (8 bytes).
    Removing system_stm32f4xx.o(.data.SystemCoreClock), (4 bytes).
    Removing system_stm32f4xx.o(.rodata.AHBPrescTable), (16 bytes).
    Removing fdiv.o(.text), (124 bytes).
    Removing fflti.o(.text), (18 bytes).
    Removing ffixi.o(.text), (50 bytes).
    Removing fepilogue.o(.text), (110 bytes).

700 unused section(s) (total 34261 bytes) removed from the image.

==============================================================================

Image Symbol Table

    Local Symbols

    Symbol Name                              Value     Ov Type        Size  Object(Section)

    ../../../../Libraries/CMSIS/Device/ST/STM32F4xx/Source/Templates/arm/startup_stm32f429_439xx.s 0x00000000   Number         0  startup_stm32f429_439xx.o ABSOLUTE
    ../clib/microlib/init/entry.s            0x00000000   Number         0  entry.o ABSOLUTE
    ../clib/microlib/init/entry.s            0x00000000   Number         0  entry2.o ABSOLUTE
    ../clib/microlib/init/entry.s            0x00000000   Number         0  entry5.o ABSOLUTE
    ../clib/microlib/init/entry.s            0x00000000   Number         0  entry7a.o ABSOLUTE
    ../clib/microlib/init/entry.s            0x00000000   Number         0  entry7b.o ABSOLUTE
    ../clib/microlib/init/entry.s            0x00000000   Number         0  entry8a.o ABSOLUTE
    ../clib/microlib/init/entry.s            0x00000000   Number         0  entry8b.o ABSOLUTE
    ../clib/microlib/init/entry.s            0x00000000   Number         0  entry9a.o ABSOLUTE
    ../clib/microlib/init/entry.s            0x00000000   Number         0  entry9b.o ABSOLUTE
    ../clib/microlib/init/entry.s            0x00000000   Number         0  entry10a.o ABSOLUTE
    ../clib/microlib/init/entry.s            0x00000000   Number         0  entry10b.o ABSOLUTE
    ../clib/microlib/init/entry.s            0x00000000   Number         0  entry11a.o ABSOLUTE
    ../clib/microlib/init/entry.s            0x00000000   Number         0  entry11b.o ABSOLUTE
    ../clib/microlib/string/memset.c         0x00000000   Number         0  memseta.o ABSOLUTE
    ../clib/microlib/stubs.s                 0x00000000   Number         0  iusefp.o ABSOLUTE
    ../fplib/microlib/fpdiv.c                0x00000000   Number         0  fdiv.o ABSOLUTE
    ../fplib/microlib/fpepilogue.c           0x00000000   Number         0  fepilogue.o ABSOLUTE
    ../fplib/microlib/fpfix.c                0x00000000   Number         0  ffixi.o ABSOLUTE
    ../fplib/microlib/fpflt.c                0x00000000   Number         0  fflti.o ABSOLUTE
    dc.s                                     0x00000000   Number         0  dc.o ABSOLUTE
    handlers.s                               0x00000000   Number         0  handlers.o ABSOLUTE
    init.s                                   0x00000000   Number         0  init.o ABSOLUTE
    main.c                                   0x00000000   Number         0  main.o ABSOLUTE
    misc.c                                   0x00000000   Number         0  misc.o ABSOLUTE
    stm32f429i_discovery.c                   0x00000000   Number         0  stm32f429i_discovery.o ABSOLUTE
    stm32f429i_discovery_lcd.c               0x00000000   Number         0  stm32f429i_discovery_lcd.o ABSOLUTE
    stm32f429i_discovery_sdram.c             0x00000000   Number         0  stm32f429i_discovery_sdram.o ABSOLUTE
    stm32f4xx_adc.c                          0x00000000   Number         0  stm32f4xx_adc.o ABSOLUTE
    stm32f4xx_dma.c                          0x00000000   Number         0  stm32f4xx_dma.o ABSOLUTE
    stm32f4xx_dma2d.c                        0x00000000   Number         0  stm32f4xx_dma2d.o ABSOLUTE
    stm32f4xx_exti.c                         0x00000000   Number         0  stm32f4xx_exti.o ABSOLUTE
    stm32f4xx_fmc.c                          0x00000000   Number         0  stm32f4xx_fmc.o ABSOLUTE
    stm32f4xx_gpio.c                         0x00000000   Number         0  stm32f4xx_gpio.o ABSOLUTE
    stm32f4xx_i2c.c                          0x00000000   Number         0  stm32f4xx_i2c.o ABSOLUTE
    stm32f4xx_it.c                           0x00000000   Number         0  stm32f4xx_it.o ABSOLUTE
    stm32f4xx_ltdc.c                         0x00000000   Number         0  stm32f4xx_ltdc.o ABSOLUTE
    stm32f4xx_rcc.c                          0x00000000   Number         0  stm32f4xx_rcc.o ABSOLUTE
    stm32f4xx_spi.c                          0x00000000   Number         0  stm32f4xx_spi.o ABSOLUTE
    stm32f4xx_syscfg.c                       0x00000000   Number         0  stm32f4xx_syscfg.o ABSOLUTE
    system_stm32f4xx.c                       0x00000000   Number         0  system_stm32f4xx.o ABSOLUTE
    RESET                                    0x08000000   Section      428  startup_stm32f429_439xx.o(RESET)
    .ARM.Collect$$$$00000000                 0x080001ac   Section        0  entry.o(.ARM.Collect$$$$00000000)
    .ARM.Collect$$$$00000001                 0x080001ac   Section        4  entry2.o(.ARM.Collect$$$$00000001)
    .ARM.Collect$$$$00000004                 0x080001b0   Section        4  entry5.o(.ARM.Collect$$$$00000004)
    .ARM.Collect$$$$00000008                 0x080001b4   Section        0  entry7b.o(.ARM.Collect$$$$00000008)
    .ARM.Collect$$$$0000000A                 0x080001b4   Section        0  entry8b.o(.ARM.Collect$$$$0000000A)
    .ARM.Collect$$$$0000000B                 0x080001b4   Section        8  entry9a.o(.ARM.Collect$$$$0000000B)
    __lit__00000000                          0x080001bc   Data           4  entry2.o(.ARM.Collect$$$$00002712)
    .ARM.Collect$$$$0000000D                 0x080001bc   Section        0  entry10a.o(.ARM.Collect$$$$0000000D)
    .ARM.Collect$$$$0000000F                 0x080001bc   Section        0  entry11a.o(.ARM.Collect$$$$0000000F)
    .ARM.Collect$$$$00002712                 0x080001bc   Section        4  entry2.o(.ARM.Collect$$$$00002712)
    .text                                    0x080001c0   Section       36  startup_stm32f429_439xx.o(.text)
    .text                                    0x080001e4   Section       36  init.o(.text)
    [Anonymous Symbol]                       0x08000208   Section        0  stm32f4xx_it.o(.text.BusFault_Handler)
    [Anonymous Symbol]                       0x0800020c   Section        0  stm32f4xx_it.o(.text.DebugMon_Handler)
    [Anonymous Symbol]                       0x08000210   Section        0  stm32f4xx_exti.o(.text.EXTI_Init)
    [Anonymous Symbol]                       0x0800027c   Section        0  stm32f4xx_fmc.o(.text.FMC_GetFlagStatus)
    [Anonymous Symbol]                       0x080002a8   Section        0  stm32f4xx_fmc.o(.text.FMC_SDRAMCmdConfig)
    [Anonymous Symbol]                       0x080002cc   Section        0  stm32f4xx_fmc.o(.text.FMC_SDRAMInit)
    [Anonymous Symbol]                       0x08000418   Section        0  stm32f4xx_fmc.o(.text.FMC_SetRefreshCount)
    [Anonymous Symbol]                       0x0800042c   Section        0  stm32f4xx_gpio.o(.text.GPIO_Init)
    [Anonymous Symbol]                       0x0800052c   Section        0  stm32f4xx_gpio.o(.text.GPIO_PinAFConfig)
    [Anonymous Symbol]                       0x08000554   Section        0  stm32f4xx_gpio.o(.text.GPIO_ReadInputDataBit)
    [Anonymous Symbol]                       0x08000560   Section        0  stm32f4xx_gpio.o(.text.GPIO_ResetBits)
    [Anonymous Symbol]                       0x08000564   Section        0  stm32f4xx_gpio.o(.text.GPIO_SetBits)
    [Anonymous Symbol]                       0x08000568   Section        0  stm32f4xx_gpio.o(.text.GPIO_WriteBit)
    [Anonymous Symbol]                       0x08000574   Section        0  stm32f4xx_it.o(.text.HardFault_Handler)
    [Anonymous Symbol]                       0x08000578   Section        0  stm32f429i_discovery_lcd.o(.text.LCD_ChipSelect)
    [Anonymous Symbol]                       0x08000590   Section        0  stm32f429i_discovery_lcd.o(.text.LCD_CtrlLinesConfig)
    [Anonymous Symbol]                       0x080005d8   Section        0  stm32f429i_discovery_lcd.o(.text.LCD_PowerOn)
    [Anonymous Symbol]                       0x08001f44   Section        0  stm32f429i_discovery_lcd.o(.text.LCD_SPIConfig)
    [Anonymous Symbol]                       0x08001ffc   Section        0  stm32f429i_discovery_lcd.o(.text.LCD_SetColorKeying)
    [Anonymous Symbol]                       0x0800203c   Section        0  stm32f4xx_ltdc.o(.text.LTDC_Cmd)
    [Anonymous Symbol]                       0x08002054   Section        0  stm32f4xx_ltdc.o(.text.LTDC_ColorKeyingConfig)
    [Anonymous Symbol]                       0x08002094   Section        0  stm32f4xx_ltdc.o(.text.LTDC_DitherCmd)
    [Anonymous Symbol]                       0x080020b0   Section        0  stm32f4xx_ltdc.o(.text.LTDC_Init)
    [Anonymous Symbol]                       0x0800215c   Section        0  stm32f4xx_ltdc.o(.text.LTDC_LayerCmd)
    [Anonymous Symbol]                       0x0800216c   Section        0  stm32f4xx_ltdc.o(.text.LTDC_LayerInit)
    [Anonymous Symbol]                       0x08002200   Section        0  stm32f4xx_ltdc.o(.text.LTDC_ReloadConfig)
    [Anonymous Symbol]                       0x0800220c   Section        0  stm32f4xx_it.o(.text.MemManage_Handler)
    [Anonymous Symbol]                       0x08002210   Section        0  stm32f4xx_it.o(.text.NMI_Handler)
    [Anonymous Symbol]                       0x08002214   Section        0  misc.o(.text.NVIC_Init)
    [Anonymous Symbol]                       0x08002278   Section        0  stm32f4xx_it.o(.text.PendSV_Handler)
    [Anonymous Symbol]                       0x0800227c   Section        0  stm32f4xx_rcc.o(.text.RCC_AHB1PeriphClockCmd)
    [Anonymous Symbol]                       0x08002294   Section        0  stm32f4xx_rcc.o(.text.RCC_AHB3PeriphClockCmd)
    [Anonymous Symbol]                       0x080022ac   Section        0  stm32f4xx_rcc.o(.text.RCC_APB1PeriphResetCmd)
    [Anonymous Symbol]                       0x080022c4   Section        0  stm32f4xx_rcc.o(.text.RCC_APB2PeriphClockCmd)
    [Anonymous Symbol]                       0x080022dc   Section        0  stm32f4xx_rcc.o(.text.RCC_APB2PeriphResetCmd)
    [Anonymous Symbol]                       0x080022f4   Section        0  stm32f4xx_rcc.o(.text.RCC_GetFlagStatus)
    [Anonymous Symbol]                       0x0800231c   Section        0  stm32f4xx_rcc.o(.text.RCC_LTDCCLKDivConfig)
    [Anonymous Symbol]                       0x08002330   Section        0  stm32f4xx_rcc.o(.text.RCC_PLLSAICmd)
    [Anonymous Symbol]                       0x0800233c   Section        0  stm32f4xx_rcc.o(.text.RCC_PLLSAIConfig)
    [Anonymous Symbol]                       0x08002354   Section        0  stm32f429i_discovery_sdram.o(.text.SDRAM_GPIOConfig)
    [Anonymous Symbol]                       0x08002554   Section        0  stm32f429i_discovery_sdram.o(.text.SDRAM_Init)
    [Anonymous Symbol]                       0x080025b4   Section        0  stm32f429i_discovery_sdram.o(.text.SDRAM_InitSequence)
    [Anonymous Symbol]                       0x080026b4   Section        0  stm32f4xx_spi.o(.text.SPI_Cmd)
    [Anonymous Symbol]                       0x080026c8   Section        0  stm32f4xx_spi.o(.text.SPI_I2S_DeInit)
    [Anonymous Symbol]                       0x080027b8   Section        0  stm32f4xx_spi.o(.text.SPI_I2S_GetFlagStatus)
    [Anonymous Symbol]                       0x080027c4   Section        0  stm32f4xx_spi.o(.text.SPI_I2S_SendData)
    [Anonymous Symbol]                       0x080027c8   Section        0  stm32f4xx_spi.o(.text.SPI_Init)
    [Anonymous Symbol]                       0x08002810   Section        0  stm32f429i_discovery.o(.text.STM_EVAL_PBGetState)
    [Anonymous Symbol]                       0x08002828   Section        0  stm32f429i_discovery.o(.text.STM_EVAL_PBInit)
    [Anonymous Symbol]                       0x08002898   Section        0  stm32f4xx_it.o(.text.SVC_Handler)
    [Anonymous Symbol]                       0x0800289c   Section        0  stm32f4xx_syscfg.o(.text.SYSCFG_EXTILineConfig)
    [Anonymous Symbol]                       0x080028cc   Section        0  stm32f4xx_it.o(.text.SysTick_Handler)
    [Anonymous Symbol]                       0x080028d0   Section        0  system_stm32f4xx.o(.text.SystemInit)
    [Anonymous Symbol]                       0x08002a3c   Section        0  stm32f4xx_it.o(.text.UsageFault_Handler)
    [Anonymous Symbol]                       0x08002a40   Section        0  main.o(.text.main)
    i.__scatterload_copy                     0x08002d08   Section       14  handlers.o(i.__scatterload_copy)
    i.__scatterload_null                     0x08002d16   Section        2  handlers.o(i.__scatterload_null)
    i.__scatterload_zeroinit                 0x08002d18   Section       14  handlers.o(i.__scatterload_zeroinit)
    .L_MergedGlobals                         0x20000008   Data          12  stm32f429i_discovery_lcd.o(.bss..L_MergedGlobals)
    CurrentFrameBuffer                       0x20000008   Data           1  stm32f429i_discovery_lcd.o(.bss..L_MergedGlobals)
    [Anonymous Symbol]                       0x20000008   Section        0  stm32f429i_discovery_lcd.o(.bss..L_MergedGlobals)
    CurrentLayer                             0x2000000c   Data           1  stm32f429i_discovery_lcd.o(.bss..L_MergedGlobals)
    CurrentTextColor                         0x2000000e   Data           2  stm32f429i_discovery_lcd.o(.bss..L_MergedGlobals)
    LCD_Currentfonts                         0x20000010   Data           4  stm32f429i_discovery_lcd.o(.bss..L_MergedGlobals)
    STACK                                    0x20000018   Section     1024  startup_stm32f429_439xx.o(STACK)

    Global Symbols

    Symbol Name                              Value     Ov Type        Size  Object(Section)

    BuildAttributes$$THM_ISAv4$E$P$D$K$B$S$7EM$PE$A:L22UL41UL21$X:L11$S22US41US21$IEEE1$IW$~IW$USESV6$~STKCKD$USESV7$~SHL$OTIME$ROPI$EBA8$MICROLIB$REQ8$PRES8$EABIv2 0x00000000   Number         0  anon$$obj.o ABSOLUTE
    __cpp_initialize__aeabi_                  - Undefined Weak Reference
    __cxa_finalize                            - Undefined Weak Reference
    __decompress                              - Undefined Weak Reference
    _clock_init                               - Undefined Weak Reference
    _microlib_exit                            - Undefined Weak Reference
    __Vectors_Size                           0x000001ac   Number         0  startup_stm32f429_439xx.o ABSOLUTE
    __Vectors                                0x08000000   Data           4  startup_stm32f429_439xx.o(RESET)
    __Vectors_End                            0x080001ac   Data           0  startup_stm32f429_439xx.o(RESET)
    __main                                   0x080001ad   Thumb Code     0  entry.o(.ARM.Collect$$$$00000000)
    _main_stk                                0x080001ad   Thumb Code     0  entry2.o(.ARM.Collect$$$$00000001)
    _main_scatterload                        0x080001b1   Thumb Code     0  entry5.o(.ARM.Collect$$$$00000004)
    __main_after_scatterload                 0x080001b5   Thumb Code     0  entry5.o(.ARM.Collect$$$$00000004)
    _main_clock                              0x080001b5   Thumb Code     0  entry7b.o(.ARM.Collect$$$$00000008)
    _main_cpp_init                           0x080001b5   Thumb Code     0  entry8b.o(.ARM.Collect$$$$0000000A)
    _main_init                               0x080001b5   Thumb Code     0  entry9a.o(.ARM.Collect$$$$0000000B)
    __rt_final_cpp                           0x080001bd   Thumb Code     0  entry10a.o(.ARM.Collect$$$$0000000D)
    __rt_final_exit                          0x080001bd   Thumb Code     0  entry11a.o(.ARM.Collect$$$$0000000F)
    Reset_Handler                            0x080001c1   Thumb Code     8  startup_stm32f429_439xx.o(.text)
    ADC_IRQHandler                           0x080001db   Thumb Code     0  startup_stm32f429_439xx.o(.text)
    CAN1_RX0_IRQHandler                      0x080001db   Thumb Code     0  startup_stm32f429_439xx.o(.text)
    CAN1_RX1_IRQHandler                      0x080001db   Thumb Code     0  startup_stm32f429_439xx.o(.text)
    CAN1_SCE_IRQHandler                      0x080001db   Thumb Code     0  startup_stm32f429_439xx.o(.text)
    CAN1_TX_IRQHandler                       0x080001db   Thumb Code     0  startup_stm32f429_439xx.o(.text)
    CAN2_RX0_IRQHandler                      0x080001db   Thumb Code     0  startup_stm32f429_439xx.o(.text)
    CAN2_RX1_IRQHandler                      0x080001db   Thumb Code     0  startup_stm32f429_439xx.o(.text)
    CAN2_SCE_IRQHandler                      0x080001db   Thumb Code     0  startup_stm32f429_439xx.o(.text)
    CAN2_TX_IRQHandler                       0x080001db   Thumb Code     0  startup_stm32f429_439xx.o(.text)
    CRYP_IRQHandler                          0x080001db   Thumb Code     0  startup_stm32f429_439xx.o(.text)
    DCMI_IRQHandler                          0x080001db   Thumb Code     0  startup_stm32f429_439xx.o(.text)
    DMA1_Stream0_IRQHandler                  0x080001db   Thumb Code     0  startup_stm32f429_439xx.o(.text)
    DMA1_Stream1_IRQHandler                  0x080001db   Thumb Code     0  startup_stm32f429_439xx.o(.text)
    DMA1_Stream2_IRQHandler                  0x080001db   Thumb Code     0  startup_stm32f429_439xx.o(.text)
    DMA1_Stream3_IRQHandler                  0x080001db   Thumb Code     0  startup_stm32f429_439xx.o(.text)
    DMA1_Stream4_IRQHandler                  0x080001db   Thumb Code     0  startup_stm32f429_439xx.o(.text)
    DMA1_Stream5_IRQHandler                  0x080001db   Thumb Code     0  startup_stm32f429_439xx.o(.text)
    DMA1_Stream6_IRQHandler                  0x080001db   Thumb Code     0  startup_stm32f429_439xx.o(.text)
    DMA1_Stream7_IRQHandler                  0x080001db   Thumb Code     0  startup_stm32f429_439xx.o(.text)
    DMA2D_IRQHandler                         0x080001db   Thumb Code     0  startup_stm32f429_439xx.o(.text)
    DMA2_Stream0_IRQHandler                  0x080001db   Thumb Code     0  startup_stm32f429_439xx.o(.text)
    DMA2_Stream1_IRQHandler                  0x080001db   Thumb Code     0  startup_stm32f429_439xx.o(.text)
    DMA2_Stream2_IRQHandler                  0x080001db   Thumb Code     0  startup_stm32f429_439xx.o(.text)
    DMA2_Stream3_IRQHandler                  0x080001db   Thumb Code     0  startup_stm32f429_439xx.o(.text)
    DMA2_Stream4_IRQHandler                  0x080001db   Thumb Code     0  startup_stm32f429_439xx.o(.text)
    DMA2_Stream5_IRQHandler                  0x080001db   Thumb Code     0  startup_stm32f429_439xx.o(.text)
    DMA2_Stream6_IRQHandler                  0x080001db   Thumb Code     0  startup_stm32f429_439xx.o(.text)
    DMA2_Stream7_IRQHandler                  0x080001db   Thumb Code     0  startup_stm32f429_439xx.o(.text)
    ETH_IRQHandler                           0x080001db   Thumb Code     0  startup_stm32f429_439xx.o(.text)
    ETH_WKUP_IRQHandler                      0x080001db   Thumb Code     0  startup_stm32f429_439xx.o(.text)
    EXTI0_IRQHandler                         0x080001db   Thumb Code     0  startup_stm32f429_439xx.o(.text)
    EXTI15_10_IRQHandler                     0x080001db   Thumb Code     0  startup_stm32f429_439xx.o(.text)
    EXTI1_IRQHandler                         0x080001db   Thumb Code     0  startup_stm32f429_439xx.o(.text)
    EXTI2_IRQHandler                         0x080001db   Thumb Code     0  startup_stm32f429_439xx.o(.text)
    EXTI3_IRQHandler                         0x080001db   Thumb Code     0  startup_stm32f429_439xx.o(.text)
    EXTI4_IRQHandler                         0x080001db   Thumb Code     0  startup_stm32f429_439xx.o(.text)
    EXTI9_5_IRQHandler                       0x080001db   Thumb Code     0  startup_stm32f429_439xx.o(.text)
    FLASH_IRQHandler                         0x080001db   Thumb Code     0  startup_stm32f429_439xx.o(.text)
    FMC_IRQHandler                           0x080001db   Thumb Code     0  startup_stm32f429_439xx.o(.text)
    FPU_IRQHandler                           0x080001db   Thumb Code     0  startup_stm32f429_439xx.o(.text)
    HASH_RNG_IRQHandler                      0x080001db   Thumb Code     0  startup_stm32f429_439xx.o(.text)
    I2C1_ER_IRQHandler                       0x080001db   Thumb Code     0  startup_stm32f429_439xx.o(.text)
    I2C1_EV_IRQHandler                       0x080001db   Thumb Code     0  startup_stm32f429_439xx.o(.text)
    I2C2_ER_IRQHandler                       0x080001db   Thumb Code     0  startup_stm32f429_439xx.o(.text)
    I2C2_EV_IRQHandler                       0x080001db   Thumb Code     0  startup_stm32f429_439xx.o(.text)
    I2C3_ER_IRQHandler                       0x080001db   Thumb Code     0  startup_stm32f429_439xx.o(.text)
    I2C3_EV_IRQHandler                       0x080001db   Thumb Code     0  startup_stm32f429_439xx.o(.text)
    LTDC_ER_IRQHandler                       0x080001db   Thumb Code     0  startup_stm32f429_439xx.o(.text)
    LTDC_IRQHandler                          0x080001db   Thumb Code     0  startup_stm32f429_439xx.o(.text)
    OTG_FS_IRQHandler                        0x080001db   Thumb Code     0  startup_stm32f429_439xx.o(.text)
    OTG_FS_WKUP_IRQHandler                   0x080001db   Thumb Code     0  startup_stm32f429_439xx.o(.text)
    OTG_HS_EP1_IN_IRQHandler                 0x080001db   Thumb Code     0  startup_stm32f429_439xx.o(.text)
    OTG_HS_EP1_OUT_IRQHandler                0x080001db   Thumb Code     0  startup_stm32f429_439xx.o(.text)
    OTG_HS_IRQHandler                        0x080001db   Thumb Code     0  startup_stm32f429_439xx.o(.text)
    OTG_HS_WKUP_IRQHandler                   0x080001db   Thumb Code     0  startup_stm32f429_439xx.o(.text)
    PVD_IRQHandler                           0x080001db   Thumb Code     0  startup_stm32f429_439xx.o(.text)
    RCC_IRQHandler                           0x080001db   Thumb Code     0  startup_stm32f429_439xx.o(.text)
    RTC_Alarm_IRQHandler                     0x080001db   Thumb Code     0  startup_stm32f429_439xx.o(.text)
    RTC_WKUP_IRQHandler                      0x080001db   Thumb Code     0  startup_stm32f429_439xx.o(.text)
    SAI1_IRQHandler                          0x080001db   Thumb Code     0  startup_stm32f429_439xx.o(.text)
    SDIO_IRQHandler                          0x080001db   Thumb Code     0  startup_stm32f429_439xx.o(.text)
    SPI1_IRQHandler                          0x080001db   Thumb Code     0  startup_stm32f429_439xx.o(.text)
    SPI2_IRQHandler                          0x080001db   Thumb Code     0  startup_stm32f429_439xx.o(.text)
    SPI3_IRQHandler                          0x080001db   Thumb Code     0  startup_stm32f429_439xx.o(.text)
    SPI4_IRQHandler                          0x080001db   Thumb Code     0  startup_stm32f429_439xx.o(.text)
    SPI5_IRQHandler                          0x080001db   Thumb Code     0  startup_stm32f429_439xx.o(.text)
    SPI6_IRQHandler                          0x080001db   Thumb Code     0  startup_stm32f429_439xx.o(.text)
    TAMP_STAMP_IRQHandler                    0x080001db   Thumb Code     0  startup_stm32f429_439xx.o(.text)
    TIM1_BRK_TIM9_IRQHandler                 0x080001db   Thumb Code     0  startup_stm32f429_439xx.o(.text)
    TIM1_CC_IRQHandler                       0x080001db   Thumb Code     0  startup_stm32f429_439xx.o(.text)
    TIM1_TRG_COM_TIM11_IRQHandler            0x080001db   Thumb Code     0  startup_stm32f429_439xx.o(.text)
    TIM1_UP_TIM10_IRQHandler                 0x080001db   Thumb Code     0  startup_stm32f429_439xx.o(.text)
    TIM2_IRQHandler                          0x080001db   Thumb Code     0  startup_stm32f429_439xx.o(.text)
    TIM3_IRQHandler                          0x080001db   Thumb Code     0  startup_stm32f429_439xx.o(.text)
    TIM4_IRQHandler                          0x080001db   Thumb Code     0  startup_stm32f429_439xx.o(.text)
    TIM5_IRQHandler                          0x080001db   Thumb Code     0  startup_stm32f429_439xx.o(.text)
    TIM6_DAC_IRQHandler                      0x080001db   Thumb Code     0  startup_stm32f429_439xx.o(.text)
    TIM7_IRQHandler                          0x080001db   Thumb Code     0  startup_stm32f429_439xx.o(.text)
    TIM8_BRK_TIM12_IRQHandler                0x080001db   Thumb Code     0  startup_stm32f429_439xx.o(.text)
    TIM8_CC_IRQHandler                       0x080001db   Thumb Code     0  startup_stm32f429_439xx.o(.text)
    TIM8_TRG_COM_TIM14_IRQHandler            0x080001db   Thumb Code     0  startup_stm32f429_439xx.o(.text)
    TIM8_UP_TIM13_IRQHandler                 0x080001db   Thumb Code     0  startup_stm32f429_439xx.o(.text)
    UART4_IRQHandler                         0x080001db   Thumb Code     0  startup_stm32f429_439xx.o(.text)
    UART5_IRQHandler                         0x080001db   Thumb Code     0  startup_stm32f429_439xx.o(.text)
    UART7_IRQHandler                         0x080001db   Thumb Code     0  startup_stm32f429_439xx.o(.text)
    UART8_IRQHandler                         0x080001db   Thumb Code     0  startup_stm32f429_439xx.o(.text)
    USART1_IRQHandler                        0x080001db   Thumb Code     0  startup_stm32f429_439xx.o(.text)
    USART2_IRQHandler                        0x080001db   Thumb Code     0  startup_stm32f429_439xx.o(.text)
    USART3_IRQHandler                        0x080001db   Thumb Code     0  startup_stm32f429_439xx.o(.text)
    USART6_IRQHandler                        0x080001db   Thumb Code     0  startup_stm32f429_439xx.o(.text)
    WWDG_IRQHandler                          0x080001db   Thumb Code     0  startup_stm32f429_439xx.o(.text)
    __scatterload                            0x080001e5   Thumb Code    28  init.o(.text)
    __scatterload_rt2                        0x080001e5   Thumb Code     0  init.o(.text)
    BusFault_Handler                         0x08000209   Thumb Code     2  stm32f4xx_it.o(.text.BusFault_Handler)
    DebugMon_Handler                         0x0800020d   Thumb Code     2  stm32f4xx_it.o(.text.DebugMon_Handler)
    EXTI_Init                                0x08000211   Thumb Code   106  stm32f4xx_exti.o(.text.EXTI_Init)
    FMC_GetFlagStatus                        0x0800027d   Thumb Code    44  stm32f4xx_fmc.o(.text.FMC_GetFlagStatus)
    FMC_SDRAMCmdConfig                       0x080002a9   Thumb Code    34  stm32f4xx_fmc.o(.text.FMC_SDRAMCmdConfig)
    FMC_SDRAMInit                            0x080002cd   Thumb Code   330  stm32f4xx_fmc.o(.text.FMC_SDRAMInit)
    FMC_SetRefreshCount                      0x08000419   Thumb Code    18  stm32f4xx_fmc.o(.text.FMC_SetRefreshCount)
    GPIO_Init                                0x0800042d   Thumb Code   256  stm32f4xx_gpio.o(.text.GPIO_Init)
    GPIO_PinAFConfig                         0x0800052d   Thumb Code    40  stm32f4xx_gpio.o(.text.GPIO_PinAFConfig)
    GPIO_ReadInputDataBit                    0x08000555   Thumb Code    10  stm32f4xx_gpio.o(.text.GPIO_ReadInputDataBit)
    GPIO_ResetBits                           0x08000561   Thumb Code     4  stm32f4xx_gpio.o(.text.GPIO_ResetBits)
    GPIO_SetBits                             0x08000565   Thumb Code     4  stm32f4xx_gpio.o(.text.GPIO_SetBits)
    GPIO_WriteBit                            0x08000569   Thumb Code    10  stm32f4xx_gpio.o(.text.GPIO_WriteBit)
    HardFault_Handler                        0x08000575   Thumb Code     2  stm32f4xx_it.o(.text.HardFault_Handler)
    LCD_ChipSelect                           0x08000579   Thumb Code    24  stm32f429i_discovery_lcd.o(.text.LCD_ChipSelect)
    LCD_CtrlLinesConfig                      0x08000591   Thumb Code    70  stm32f429i_discovery_lcd.o(.text.LCD_CtrlLinesConfig)
    LCD_PowerOn                              0x080005d9   Thumb Code  6506  stm32f429i_discovery_lcd.o(.text.LCD_PowerOn)
    LCD_SPIConfig                            0x08001f45   Thumb Code   182  stm32f429i_discovery_lcd.o(.text.LCD_SPIConfig)
    LCD_SetColorKeying                       0x08001ffd   Thumb Code    64  stm32f429i_discovery_lcd.o(.text.LCD_SetColorKeying)
    LTDC_Cmd                                 0x0800203d   Thumb Code    24  stm32f4xx_ltdc.o(.text.LTDC_Cmd)
    LTDC_ColorKeyingConfig                   0x08002055   Thumb Code    64  stm32f4xx_ltdc.o(.text.LTDC_ColorKeyingConfig)
    LTDC_DitherCmd                           0x08002095   Thumb Code    26  stm32f4xx_ltdc.o(.text.LTDC_DitherCmd)
    LTDC_Init                                0x080020b1   Thumb Code   170  stm32f4xx_ltdc.o(.text.LTDC_Init)
    LTDC_LayerCmd                            0x0800215d   Thumb Code    16  stm32f4xx_ltdc.o(.text.LTDC_LayerCmd)
    LTDC_LayerInit                           0x0800216d   Thumb Code   148  stm32f4xx_ltdc.o(.text.LTDC_LayerInit)
    LTDC_ReloadConfig                        0x08002201   Thumb Code    12  stm32f4xx_ltdc.o(.text.LTDC_ReloadConfig)
    MemManage_Handler                        0x0800220d   Thumb Code     2  stm32f4xx_it.o(.text.MemManage_Handler)
    NMI_Handler                              0x08002211   Thumb Code     2  stm32f4xx_it.o(.text.NMI_Handler)
    NVIC_Init                                0x08002215   Thumb Code   100  misc.o(.text.NVIC_Init)
    PendSV_Handler                           0x08002279   Thumb Code     2  stm32f4xx_it.o(.text.PendSV_Handler)
    RCC_AHB1PeriphClockCmd                   0x0800227d   Thumb Code    24  stm32f4xx_rcc.o(.text.RCC_AHB1PeriphClockCmd)
    RCC_AHB3PeriphClockCmd                   0x08002295   Thumb Code    24  stm32f4xx_rcc.o(.text.RCC_AHB3PeriphClockCmd)
    RCC_APB1PeriphResetCmd                   0x080022ad   Thumb Code    24  stm32f4xx_rcc.o(.text.RCC_APB1PeriphResetCmd)
    RCC_APB2PeriphClockCmd                   0x080022c5   Thumb Code    24  stm32f4xx_rcc.o(.text.RCC_APB2PeriphClockCmd)
    RCC_APB2PeriphResetCmd                   0x080022dd   Thumb Code    24  stm32f4xx_rcc.o(.text.RCC_APB2PeriphResetCmd)
    RCC_GetFlagStatus                        0x080022f5   Thumb Code    38  stm32f4xx_rcc.o(.text.RCC_GetFlagStatus)
    RCC_LTDCCLKDivConfig                     0x0800231d   Thumb Code    20  stm32f4xx_rcc.o(.text.RCC_LTDCCLKDivConfig)
    RCC_PLLSAICmd                            0x08002331   Thumb Code    10  stm32f4xx_rcc.o(.text.RCC_PLLSAICmd)
    RCC_PLLSAIConfig                         0x0800233d   Thumb Code    22  stm32f4xx_rcc.o(.text.RCC_PLLSAIConfig)
    SDRAM_GPIOConfig                         0x08002355   Thumb Code   512  stm32f429i_discovery_sdram.o(.text.SDRAM_GPIOConfig)
    SDRAM_Init                               0x08002555   Thumb Code    94  stm32f429i_discovery_sdram.o(.text.SDRAM_Init)
    SDRAM_InitSequence                       0x080025b5   Thumb Code   256  stm32f429i_discovery_sdram.o(.text.SDRAM_InitSequence)
    SPI_Cmd                                  0x080026b5   Thumb Code    20  stm32f4xx_spi.o(.text.SPI_Cmd)
    SPI_I2S_DeInit                           0x080026c9   Thumb Code   238  stm32f4xx_spi.o(.text.SPI_I2S_DeInit)
    SPI_I2S_GetFlagStatus                    0x080027b9   Thumb Code    10  stm32f4xx_spi.o(.text.SPI_I2S_GetFlagStatus)
    SPI_I2S_SendData                         0x080027c5   Thumb Code     4  stm32f4xx_spi.o(.text.SPI_I2S_SendData)
    SPI_Init                                 0x080027c9   Thumb Code    70  stm32f4xx_spi.o(.text.SPI_Init)
    STM_EVAL_PBGetState                      0x08002811   Thumb Code    22  stm32f429i_discovery.o(.text.STM_EVAL_PBGetState)
    STM_EVAL_PBInit                          0x08002829   Thumb Code   112  stm32f429i_discovery.o(.text.STM_EVAL_PBInit)
    SVC_Handler                              0x08002899   Thumb Code     2  stm32f4xx_it.o(.text.SVC_Handler)
    SYSCFG_EXTILineConfig                    0x0800289d   Thumb Code    48  stm32f4xx_syscfg.o(.text.SYSCFG_EXTILineConfig)
    SysTick_Handler                          0x080028cd   Thumb Code     2  stm32f4xx_it.o(.text.SysTick_Handler)
    SystemInit                               0x080028d1   Thumb Code   362  system_stm32f4xx.o(.text.SystemInit)
    UsageFault_Handler                       0x08002a3d   Thumb Code     2  stm32f4xx_it.o(.text.UsageFault_Handler)
    main                                     0x08002a41   Thumb Code   692  main.o(.text.main)
    __scatterload_copy                       0x08002d09   Thumb Code    14  handlers.o(i.__scatterload_copy)
    __scatterload_null                       0x08002d17   Thumb Code     2  handlers.o(i.__scatterload_null)
    __scatterload_zeroinit                   0x08002d19   Thumb Code    14  handlers.o(i.__scatterload_zeroinit)
    RGB565_240x320                           0x08002d28   Data       153600  main.o(.rodata.RGB565_240x320)
    Region$$Table$$Base                      0x08028528   Number         0  anon$$obj.o(Region$$Table)
    Region$$Table$$Limit                     0x08028548   Number         0  anon$$obj.o(Region$$Table)
    BUTTON_PORT                              0x20000000   Data           4  stm32f429i_discovery.o(.data.BUTTON_PORT)
    ubPressedButton                          0x20000014   Data           1  main.o(.bss.ubPressedButton)
    __initial_sp                             0x20000418   Data           0  startup_stm32f429_439xx.o(STACK)



==============================================================================

Memory Map of the image

  Image Entry point : 0x080001ad

  Load Region LR_IROM1 (Base: 0x08000000, Size: 0x00028550, Max: 0x00200000, ABSOLUTE)

    Execution Region ER_IROM1 (Exec base: 0x08000000, Load base: 0x08000000, Size: 0x00028548, Max: 0x00200000, ABSOLUTE)

    Exec Addr    Load Addr    Size         Type   Attr      Idx    E Section Name        Object

    0x08000000   0x08000000   0x000001ac   Data   RO            3    RESET               startup_stm32f429_439xx.o
    0x080001ac   0x080001ac   0x00000000   Code   RO          887  * .ARM.Collect$$$$00000000  mc_w.l(entry.o)
    0x080001ac   0x080001ac   0x00000004   Code   RO          898    .ARM.Collect$$$$00000001  mc_w.l(entry2.o)
    0x080001b0   0x080001b0   0x00000004   Code   RO          901    .ARM.Collect$$$$00000004  mc_w.l(entry5.o)
    0x080001b4   0x080001b4   0x00000000   Code   RO          903    .ARM.Collect$$$$00000008  mc_w.l(entry7b.o)
    0x080001b4   0x080001b4   0x00000000   Code   RO          905    .ARM.Collect$$$$0000000A  mc_w.l(entry8b.o)
    0x080001b4   0x080001b4   0x00000008   Code   RO          906    .ARM.Collect$$$$0000000B  mc_w.l(entry9a.o)
    0x080001bc   0x080001bc   0x00000000   Code   RO          908    .ARM.Collect$$$$0000000D  mc_w.l(entry10a.o)
    0x080001bc   0x080001bc   0x00000000   Code   RO          910    .ARM.Collect$$$$0000000F  mc_w.l(entry11a.o)
    0x080001bc   0x080001bc   0x00000004   Code   RO          899    .ARM.Collect$$$$00002712  mc_w.l(entry2.o)
    0x080001c0   0x080001c0   0x00000024   Code   RO            4    .text               startup_stm32f429_439xx.o
    0x080001e4   0x080001e4   0x00000024   Code   RO          915    .text               mc_w.l(init.o)
    0x08000208   0x08000208   0x00000002   Code   RO          855    .text.BusFault_Handler  stm32f4xx_it.o
    0x0800020a   0x0800020a   0x00000002   PAD
    0x0800020c   0x0800020c   0x00000002   Code   RO          861    .text.DebugMon_Handler  stm32f4xx_it.o
    0x0800020e   0x0800020e   0x00000002   PAD
    0x08000210   0x08000210   0x0000006a   Code   RO          374    .text.EXTI_Init     stm32f4xx_exti.o
    0x0800027a   0x0800027a   0x00000002   PAD
    0x0800027c   0x0800027c   0x0000002c   Code   RO          442    .text.FMC_GetFlagStatus  stm32f4xx_fmc.o
    0x080002a8   0x080002a8   0x00000022   Code   RO          430    .text.FMC_SDRAMCmdConfig  stm32f4xx_fmc.o
    0x080002ca   0x080002ca   0x00000002   PAD
    0x080002cc   0x080002cc   0x0000014a   Code   RO          426    .text.FMC_SDRAMInit  stm32f4xx_fmc.o
    0x08000416   0x08000416   0x00000002   PAD
    0x08000418   0x08000418   0x00000012   Code   RO          434    .text.FMC_SetRefreshCount  stm32f4xx_fmc.o
    0x0800042a   0x0800042a   0x00000002   PAD
    0x0800042c   0x0800042c   0x00000100   Code   RO          461    .text.GPIO_Init     stm32f4xx_gpio.o
    0x0800052c   0x0800052c   0x00000028   Code   RO          485    .text.GPIO_PinAFConfig  stm32f4xx_gpio.o
    0x08000554   0x08000554   0x0000000a   Code   RO          467    .text.GPIO_ReadInputDataBit  stm32f4xx_gpio.o
    0x0800055e   0x0800055e   0x00000002   PAD
    0x08000560   0x08000560   0x00000004   Code   RO          477    .text.GPIO_ResetBits  stm32f4xx_gpio.o
    0x08000564   0x08000564   0x00000004   Code   RO          475    .text.GPIO_SetBits  stm32f4xx_gpio.o
    0x08000568   0x08000568   0x0000000a   Code   RO          479    .text.GPIO_WriteBit  stm32f4xx_gpio.o
    0x08000572   0x08000572   0x00000002   PAD
    0x08000574   0x08000574   0x00000002   Code   RO          851    .text.HardFault_Handler  stm32f4xx_it.o
    0x08000576   0x08000576   0x00000002   PAD
    0x08000578   0x08000578   0x00000018   Code   RO           56    .text.LCD_ChipSelect  stm32f429i_discovery_lcd.o
    0x08000590   0x08000590   0x00000046   Code   RO           54    .text.LCD_CtrlLinesConfig  stm32f429i_discovery_lcd.o
    0x080005d6   0x080005d6   0x00000002   PAD
    0x080005d8   0x080005d8   0x0000196a   Code   RO           60    .text.LCD_PowerOn   stm32f429i_discovery_lcd.o
    0x08001f42   0x08001f42   0x00000002   PAD
    0x08001f44   0x08001f44   0x000000b6   Code   RO           58    .text.LCD_SPIConfig  stm32f429i_discovery_lcd.o
    0x08001ffa   0x08001ffa   0x00000002   PAD
    0x08001ffc   0x08001ffc   0x00000040   Code   RO           88    .text.LCD_SetColorKeying  stm32f429i_discovery_lcd.o
    0x0800203c   0x0800203c   0x00000018   Code   RO          501    .text.LTDC_Cmd      stm32f4xx_ltdc.o
    0x08002054   0x08002054   0x00000040   Code   RO          525    .text.LTDC_ColorKeyingConfig  stm32f4xx_ltdc.o
    0x08002094   0x08002094   0x0000001a   Code   RO          503    .text.LTDC_DitherCmd  stm32f4xx_ltdc.o
    0x080020ae   0x080020ae   0x00000002   PAD
    0x080020b0   0x080020b0   0x000000aa   Code   RO          497    .text.LTDC_Init     stm32f4xx_ltdc.o
    0x0800215a   0x0800215a   0x00000002   PAD
    0x0800215c   0x0800215c   0x00000010   Code   RO          517    .text.LTDC_LayerCmd  stm32f4xx_ltdc.o
    0x0800216c   0x0800216c   0x00000094   Code   RO          513    .text.LTDC_LayerInit  stm32f4xx_ltdc.o
    0x08002200   0x08002200   0x0000000c   Code   RO          511    .text.LTDC_ReloadConfig  stm32f4xx_ltdc.o
    0x0800220c   0x0800220c   0x00000002   Code   RO          853    .text.MemManage_Handler  stm32f4xx_it.o
    0x0800220e   0x0800220e   0x00000002   PAD
    0x08002210   0x08002210   0x00000002   Code   RO          849    .text.NMI_Handler   stm32f4xx_it.o
    0x08002212   0x08002212   0x00000002   PAD
    0x08002214   0x08002214   0x00000064   Code   RO          180    .text.NVIC_Init     misc.o
    0x08002278   0x08002278   0x00000002   Code   RO          863    .text.PendSV_Handler  stm32f4xx_it.o
    0x0800227a   0x0800227a   0x00000002   PAD
    0x0800227c   0x0800227c   0x00000018   Code   RO          630    .text.RCC_AHB1PeriphClockCmd  stm32f4xx_rcc.o
    0x08002294   0x08002294   0x00000018   Code   RO          634    .text.RCC_AHB3PeriphClockCmd  stm32f4xx_rcc.o
    0x080022ac   0x080022ac   0x00000018   Code   RO          646    .text.RCC_APB1PeriphResetCmd  stm32f4xx_rcc.o
    0x080022c4   0x080022c4   0x00000018   Code   RO          638    .text.RCC_APB2PeriphClockCmd  stm32f4xx_rcc.o
    0x080022dc   0x080022dc   0x00000018   Code   RO          648    .text.RCC_APB2PeriphResetCmd  stm32f4xx_rcc.o
    0x080022f4   0x080022f4   0x00000026   Code   RO          570    .text.RCC_GetFlagStatus  stm32f4xx_rcc.o
    0x0800231a   0x0800231a   0x00000002   PAD
    0x0800231c   0x0800231c   0x00000014   Code   RO          626    .text.RCC_LTDCCLKDivConfig  stm32f4xx_rcc.o
    0x08002330   0x08002330   0x0000000a   Code   RO          590    .text.RCC_PLLSAICmd  stm32f4xx_rcc.o
    0x0800233a   0x0800233a   0x00000002   PAD
    0x0800233c   0x0800233c   0x00000016   Code   RO          588    .text.RCC_PLLSAIConfig  stm32f4xx_rcc.o
    0x08002352   0x08002352   0x00000002   PAD
    0x08002354   0x08002354   0x00000200   Code   RO          162    .text.SDRAM_GPIOConfig  stm32f429i_discovery_sdram.o
    0x08002554   0x08002554   0x0000005e   Code   RO          160    .text.SDRAM_Init    stm32f429i_discovery_sdram.o
    0x080025b2   0x080025b2   0x00000002   PAD
    0x080025b4   0x080025b4   0x00000100   Code   RO          164    .text.SDRAM_InitSequence  stm32f429i_discovery_sdram.o
    0x080026b4   0x080026b4   0x00000014   Code   RO          689    .text.SPI_Cmd       stm32f4xx_spi.o
    0x080026c8   0x080026c8   0x000000ee   Code   RO          679    .text.SPI_I2S_DeInit  stm32f4xx_spi.o
    0x080027b6   0x080027b6   0x00000002   PAD
    0x080027b8   0x080027b8   0x0000000a   Code   RO          721    .text.SPI_I2S_GetFlagStatus  stm32f4xx_spi.o
    0x080027c2   0x080027c2   0x00000002   PAD
    0x080027c4   0x080027c4   0x00000004   Code   RO          707    .text.SPI_I2S_SendData  stm32f4xx_spi.o
    0x080027c8   0x080027c8   0x00000046   Code   RO          681    .text.SPI_Init      stm32f4xx_spi.o
    0x0800280e   0x0800280e   0x00000002   PAD
    0x08002810   0x08002810   0x00000016   Code   RO           21    .text.STM_EVAL_PBGetState  stm32f429i_discovery.o
    0x08002826   0x08002826   0x00000002   PAD
    0x08002828   0x08002828   0x00000070   Code   RO           19    .text.STM_EVAL_PBInit  stm32f429i_discovery.o
    0x08002898   0x08002898   0x00000002   Code   RO          859    .text.SVC_Handler   stm32f4xx_it.o
    0x0800289a   0x0800289a   0x00000002   PAD
    0x0800289c   0x0800289c   0x00000030   Code   RO          743    .text.SYSCFG_EXTILineConfig  stm32f4xx_syscfg.o
    0x080028cc   0x080028cc   0x00000002   Code   RO          865    .text.SysTick_Handler  stm32f4xx_it.o
    0x080028ce   0x080028ce   0x00000002   PAD
    0x080028d0   0x080028d0   0x0000016a   Code   RO          874    .text.SystemInit    system_stm32f4xx.o
    0x08002a3a   0x08002a3a   0x00000002   PAD
    0x08002a3c   0x08002a3c   0x00000002   Code   RO          857    .text.UsageFault_Handler  stm32f4xx_it.o
    0x08002a3e   0x08002a3e   0x00000002   PAD
    0x08002a40   0x08002a40   0x000002c8   Code   RO          837    .text.main          main.o
    0x08002d08   0x08002d08   0x0000000e   Code   RO          919    i.__scatterload_copy  mc_w.l(handlers.o)
    0x08002d16   0x08002d16   0x00000002   Code   RO          920    i.__scatterload_null  mc_w.l(handlers.o)
    0x08002d18   0x08002d18   0x0000000e   Code   RO          921    i.__scatterload_zeroinit  mc_w.l(handlers.o)
    0x08002d26   0x08002d26   0x00000002   PAD
    0x08002d28   0x08002d28   0x00025800   Data   RO          839    .rodata.RGB565_240x320  main.o
    0x08028528   0x08028528   0x00000020   Data   RO          918    Region$$Table       anon$$obj.o


    Execution Region RW_IRAM1 (Exec base: 0x20000000, Load base: 0x08028548, Size: 0x00000418, Max: 0x00030000, ABSOLUTE)

    Exec Addr    Load Addr    Size         Type   Attr      Idx    E Section Name        Object

    0x20000000   0x08028548   0x00000004   Data   RW           32    .data.BUTTON_PORT   stm32f429i_discovery.o
    0x20000004   0x0802854c   0x00000004   PAD
    0x20000008        -       0x0000000c   Zero   RW          151    .bss..L_MergedGlobals  stm32f429i_discovery_lcd.o
    0x20000014        -       0x00000001   Zero   RW          840    .bss.ubPressedButton  main.o
    0x20000015   0x0802854c   0x00000003   PAD
    0x20000018        -       0x00000400   Zero   RW            1    STACK               startup_stm32f429_439xx.o


==============================================================================

Image component sizes


      Code (inc. data)   RO Data    RW Data    ZI Data      Debug   Object Name

       712         20     153600          0          1       4369   main.o
       100          0          0          0          0       3510   misc.o
        36          8        428          0       1024        992   startup_stm32f429_439xx.o
       134          0          0          4          0       8350   stm32f429i_discovery.o
      6846          0          0          0         12      64958   stm32f429i_discovery_lcd.o
       862          0          0          0          0       5262   stm32f429i_discovery_sdram.o
       106          0          0          0          0       2991   stm32f4xx_exti.o
       426          0          0          0          0      12454   stm32f4xx_fmc.o
       324          0          0          0          0       5071   stm32f4xx_gpio.o
        18          0          0          0          0       1045   stm32f4xx_it.o
       460          0          0          0          0      10309   stm32f4xx_ltdc.o
       210          0          0          0          0      14348   stm32f4xx_rcc.o
       342          0          0          0          0       8968   stm32f4xx_spi.o
        48          0          0          0          0       2404   stm32f4xx_syscfg.o
       362          0          0          0          0       3465   system_stm32f4xx.o

    ----------------------------------------------------------------------
     11044         28     154060          4       1044     148496   Object Totals
         0          0         32          0          0          0   (incl. Generated)
        58          0          0          0          7          0   (incl. Padding)

    ----------------------------------------------------------------------

      Code (inc. data)   RO Data    RW Data    ZI Data      Debug   Library Member Name

         0          0          0          0          0          0   entry.o
         0          0          0          0          0          0   entry10a.o
         0          0          0          0          0          0   entry11a.o
         8          4          0          0          0          0   entry2.o
         4          0          0          0          0          0   entry5.o
         0          0          0          0          0          0   entry7b.o
         0          0          0          0          0          0   entry8b.o
         8          4          0          0          0          0   entry9a.o
        30          0          0          0          0          0   handlers.o
        36          8          0          0          0         68   init.o

    ----------------------------------------------------------------------
        88         16          0          0          0         68   Library Totals
         2          0          0          0          0          0   (incl. Padding)

    ----------------------------------------------------------------------

      Code (inc. data)   RO Data    RW Data    ZI Data      Debug   Library Name

        86         16          0          0          0         68   mc_w.l

    ----------------------------------------------------------------------
        88         16          0          0          0         68   Library Totals

    ----------------------------------------------------------------------

==============================================================================


      Code (inc. data)   RO Data    RW Data    ZI Data      Debug   

     11132         44     154060          4       1044     148456   Grand Totals
     11132         44     154060          4       1044     148456   ELF Image Totals
     11132         44     154060          4          0          0   ROM Totals

==============================================================================

    Total RO  Size (Code + RO Data)               165192 ( 161.32kB)
    Total RW  Size (RW Data + ZI Data)              1048 (   1.02kB)
    Total ROM Size (Code + RO Data + RW Data)     165196 ( 161.32kB)

==============================================================================

