Component: Arm Compiler for Embedded 6.18 Tool: armlink [5e4cc100]

==============================================================================

Section Cross References

    startup_stm32f429_439xx.o(RESET) refers to startup_stm32f429_439xx.o(STACK) for __initial_sp
    startup_stm32f429_439xx.o(RESET) refers to startup_stm32f429_439xx.o(.text) for Reset_Handler
    startup_stm32f429_439xx.o(RESET) refers to stm32f4xx_it.o(.text.NMI_Handler) for NMI_Handler
    startup_stm32f429_439xx.o(RESET) refers to stm32f4xx_it.o(.text.HardFault_Handler) for HardFault_Handler
    startup_stm32f429_439xx.o(RESET) refers to stm32f4xx_it.o(.text.MemManage_Handler) for MemManage_Handler
    startup_stm32f429_439xx.o(RESET) refers to stm32f4xx_it.o(.text.BusFault_Handler) for BusFault_Handler
    startup_stm32f429_439xx.o(RESET) refers to stm32f4xx_it.o(.text.UsageFault_Handler) for UsageFault_Handler
    startup_stm32f429_439xx.o(RESET) refers to stm32f4xx_it.o(.text.SVC_Handler) for SVC_Handler
    startup_stm32f429_439xx.o(RESET) refers to stm32f4xx_it.o(.text.DebugMon_Handler) for DebugMon_Handler
    startup_stm32f429_439xx.o(RESET) refers to stm32f4xx_it.o(.text.PendSV_Handler) for PendSV_Handler
    startup_stm32f429_439xx.o(RESET) refers to stm32f4xx_it.o(.text.SysTick_Handler) for SysTick_Handler
    startup_stm32f429_439xx.o(RESET) refers to stm32f4xx_it.o(.text.EXTI0_IRQHandler) for EXTI0_IRQHandler
    startup_stm32f429_439xx.o(RESET) refers to stm32f429i_discovery_i2c_ee.o(.text.DMA1_Stream2_IRQHandler) for DMA1_Stream2_IRQHandler
    startup_stm32f429_439xx.o(RESET) refers to stm32f429i_discovery_i2c_ee.o(.text.DMA1_Stream4_IRQHandler) for DMA1_Stream4_IRQHandler
    startup_stm32f429_439xx.o(RESET) refers to stm32f4xx_it.o(.text.TIM2_IRQHandler) for TIM2_IRQHandler
    startup_stm32f429_439xx.o(.text) refers to system_stm32f4xx.o(.text.SystemInit) for SystemInit
    startup_stm32f429_439xx.o(.text) refers to entry.o(.ARM.Collect$$$$00000000) for __main
    stm32f429i_discovery.o(.text.STM_EVAL_LEDInit) refers to stm32f429i_discovery.o(.rodata.GPIO_CLK) for GPIO_CLK
    stm32f429i_discovery.o(.text.STM_EVAL_LEDInit) refers to stm32f4xx_rcc.o(.text.RCC_AHB1PeriphClockCmd) for RCC_AHB1PeriphClockCmd
    stm32f429i_discovery.o(.text.STM_EVAL_LEDInit) refers to stm32f429i_discovery.o(.rodata.GPIO_PIN) for GPIO_PIN
    stm32f429i_discovery.o(.text.STM_EVAL_LEDInit) refers to stm32f429i_discovery.o(.data.GPIO_PORT) for GPIO_PORT
    stm32f429i_discovery.o(.text.STM_EVAL_LEDInit) refers to stm32f4xx_gpio.o(.text.GPIO_Init) for GPIO_Init
    stm32f429i_discovery.o(.ARM.exidx.text.STM_EVAL_LEDInit) refers to stm32f429i_discovery.o(.text.STM_EVAL_LEDInit) for [Anonymous Symbol]
    stm32f429i_discovery.o(.text.STM_EVAL_LEDOn) refers to stm32f429i_discovery.o(.rodata.GPIO_PIN) for GPIO_PIN
    stm32f429i_discovery.o(.text.STM_EVAL_LEDOn) refers to stm32f429i_discovery.o(.data.GPIO_PORT) for GPIO_PORT
    stm32f429i_discovery.o(.ARM.exidx.text.STM_EVAL_LEDOn) refers to stm32f429i_discovery.o(.text.STM_EVAL_LEDOn) for [Anonymous Symbol]
    stm32f429i_discovery.o(.text.STM_EVAL_LEDOff) refers to stm32f429i_discovery.o(.rodata.GPIO_PIN) for GPIO_PIN
    stm32f429i_discovery.o(.text.STM_EVAL_LEDOff) refers to stm32f429i_discovery.o(.data.GPIO_PORT) for GPIO_PORT
    stm32f429i_discovery.o(.ARM.exidx.text.STM_EVAL_LEDOff) refers to stm32f429i_discovery.o(.text.STM_EVAL_LEDOff) for [Anonymous Symbol]
    stm32f429i_discovery.o(.text.STM_EVAL_LEDToggle) refers to stm32f429i_discovery.o(.data.GPIO_PORT) for GPIO_PORT
    stm32f429i_discovery.o(.text.STM_EVAL_LEDToggle) refers to stm32f429i_discovery.o(.rodata.GPIO_PIN) for GPIO_PIN
    stm32f429i_discovery.o(.ARM.exidx.text.STM_EVAL_LEDToggle) refers to stm32f429i_discovery.o(.text.STM_EVAL_LEDToggle) for [Anonymous Symbol]
    stm32f429i_discovery.o(.text.STM_EVAL_PBInit) refers to stm32f4xx_rcc.o(.text.RCC_AHB1PeriphClockCmd) for RCC_AHB1PeriphClockCmd
    stm32f429i_discovery.o(.text.STM_EVAL_PBInit) refers to stm32f4xx_rcc.o(.text.RCC_APB2PeriphClockCmd) for RCC_APB2PeriphClockCmd
    stm32f429i_discovery.o(.text.STM_EVAL_PBInit) refers to stm32f429i_discovery.o(.data.BUTTON_PORT) for BUTTON_PORT
    stm32f429i_discovery.o(.text.STM_EVAL_PBInit) refers to stm32f4xx_gpio.o(.text.GPIO_Init) for GPIO_Init
    stm32f429i_discovery.o(.text.STM_EVAL_PBInit) refers to stm32f4xx_syscfg.o(.text.SYSCFG_EXTILineConfig) for SYSCFG_EXTILineConfig
    stm32f429i_discovery.o(.text.STM_EVAL_PBInit) refers to stm32f4xx_exti.o(.text.EXTI_Init) for EXTI_Init
    stm32f429i_discovery.o(.text.STM_EVAL_PBInit) refers to misc.o(.text.NVIC_Init) for NVIC_Init
    stm32f429i_discovery.o(.ARM.exidx.text.STM_EVAL_PBInit) refers to stm32f429i_discovery.o(.text.STM_EVAL_PBInit) for [Anonymous Symbol]
    stm32f429i_discovery.o(.text.STM_EVAL_PBGetState) refers to stm32f429i_discovery.o(.data.BUTTON_PORT) for BUTTON_PORT
[...]
    Removing stm32f4xx_usart.o(.ARM.exidx.text.USART_ClearITPendingBit), (8 bytes).
    Removing stm32f4xx_wwdg.o(.text), (0 bytes).
    Removing stm32f4xx_wwdg.o(.text.WWDG_DeInit), (26 bytes).
    Removing stm32f4xx_wwdg.o(.ARM.exidx.text.WWDG_DeInit), (8 bytes).
    Removing stm32f4xx_wwdg.o(.text.WWDG_SetPrescaler), (20 bytes).
    Removing stm32f4xx_wwdg.o(.ARM.exidx.text.WWDG_SetPrescaler), (8 bytes).
    Removing stm32f4xx_wwdg.o(.text.WWDG_SetWindowValue), (40 bytes).
    Removing stm32f4xx_wwdg.o(.ARM.exidx.text.WWDG_SetWindowValue), (8 bytes).
    Removing stm32f4xx_wwdg.o(.text.WWDG_EnableIT), (14 bytes).
    Removing stm32f4xx_wwdg.o(.ARM.exidx.text.WWDG_EnableIT), (8 bytes).
    Removing stm32f4xx_wwdg.o(.text.WWDG_SetCounter), (16 bytes).
    Removing stm32f4xx_wwdg.o(.ARM.exidx.text.WWDG_SetCounter), (8 bytes).
    Removing stm32f4xx_wwdg.o(.text.WWDG_Enable), (16 bytes).
    Removing stm32f4xx_wwdg.o(.ARM.exidx.text.WWDG_Enable), (8 bytes).
    Removing stm32f4xx_wwdg.o(.text.WWDG_GetFlagStatus), (18 bytes).
    Removing stm32f4xx_wwdg.o(.ARM.exidx.text.WWDG_GetFlagStatus), (8 bytes).
    Removing stm32f4xx_wwdg.o(.text.WWDG_ClearFlag), (14 bytes).
    Removing stm32f4xx_wwdg.o(.ARM.exidx.text.WWDG_ClearFlag), (8 bytes).
    Removing stm32f4xx_dma2d.o(.text), (0 bytes).
    Removing stm32f4xx_dma2d.o(.text.DMA2D_DeInit), (26 bytes).
    Removing stm32f4xx_dma2d.o(.ARM.exidx.text.DMA2D_DeInit), (8 bytes).
    Removing stm32f4xx_dma2d.o(.text.DMA2D_Init), (244 bytes).
    Removing stm32f4xx_dma2d.o(.ARM.exidx.text.DMA2D_Init), (8 bytes).
    Removing stm32f4xx_dma2d.o(.text.DMA2D_StructInit), (10 bytes).
    Removing stm32f4xx_dma2d.o(.ARM.exidx.text.DMA2D_StructInit), (8 bytes).
    Removing stm32f4xx_dma2d.o(.text.DMA2D_StartTransfer), (18 bytes).
    Removing stm32f4xx_dma2d.o(.ARM.exidx.text.DMA2D_StartTransfer), (8 bytes).
    Removing stm32f4xx_dma2d.o(.text.DMA2D_AbortTransfer), (18 bytes).
    Removing stm32f4xx_dma2d.o(.ARM.exidx.text.DMA2D_AbortTransfer), (8 bytes).
    Removing stm32f4xx_dma2d.o(.text.DMA2D_Suspend), (24 bytes).
    Removing stm32f4xx_dma2d.o(.ARM.exidx.text.DMA2D_Suspend), (8 bytes).
    Removing stm32f4xx_dma2d.o(.text.DMA2D_FGConfig), (110 bytes).
    Removing stm32f4xx_dma2d.o(.ARM.exidx.text.DMA2D_FGConfig), (8 bytes).
    Removing stm32f4xx_dma2d.o(.text.DMA2D_FG_StructInit), (10 bytes).
    Removing stm32f4xx_dma2d.o(.ARM.exidx.text.DMA2D_FG_StructInit), (8 bytes).
    Removing stm32f4xx_dma2d.o(.text.DMA2D_BGConfig), (110 bytes).
    Removing stm32f4xx_dma2d.o(.ARM.exidx.text.DMA2D_BGConfig), (8 bytes).
    Removing stm32f4xx_dma2d.o(.text.DMA2D_BG_StructInit), (10 bytes).
    Removing stm32f4xx_dma2d.o(.ARM.exidx.text.DMA2D_BG_StructInit), (8 bytes).
    Removing stm32f4xx_dma2d.o(.text.DMA2D_FGStart), (24 bytes).
    Removing stm32f4xx_dma2d.o(.ARM.exidx.text.DMA2D_FGStart), (8 bytes).
    Removing stm32f4xx_dma2d.o(.text.DMA2D_BGStart), (24 bytes).
    Removing stm32f4xx_dma2d.o(.ARM.exidx.text.DMA2D_BGStart), (8 bytes).
    Removing stm32f4xx_dma2d.o(.text.DMA2D_DeadTimeConfig), (44 bytes).
    Removing stm32f4xx_dma2d.o(.ARM.exidx.text.DMA2D_DeadTimeConfig), (8 bytes).
    Removing stm32f4xx_dma2d.o(.text.DMA2D_LineWatermarkConfig), (12 bytes).
    Removing stm32f4xx_dma2d.o(.ARM.exidx.text.DMA2D_LineWatermarkConfig), (8 bytes).
    Removing stm32f4xx_dma2d.o(.text.DMA2D_ITConfig), (24 bytes).
    Removing stm32f4xx_dma2d.o(.ARM.exidx.text.DMA2D_ITConfig), (8 bytes).
    Removing stm32f4xx_dma2d.o(.text.DMA2D_GetFlagStatus), (18 bytes).
    Removing stm32f4xx_dma2d.o(.ARM.exidx.text.DMA2D_GetFlagStatus), (8 bytes).
    Removing stm32f4xx_dma2d.o(.text.DMA2D_ClearFlag), (12 bytes).
    Removing stm32f4xx_dma2d.o(.ARM.exidx.text.DMA2D_ClearFlag), (8 bytes).
    Removing stm32f4xx_dma2d.o(.text.DMA2D_GetITStatus), (32 bytes).
    Removing stm32f4xx_dma2d.o(.ARM.exidx.text.DMA2D_GetITStatus), (8 bytes).
    Removing stm32f4xx_dma2d.o(.text.DMA2D_ClearITPendingBit), (14 bytes).
    Removing stm32f4xx_dma2d.o(.ARM.exidx.text.DMA2D_ClearITPendingBit), (8 bytes).
    Removing stm32f4xx_fmc.o(.text), (0 bytes).
    Removing stm32f4xx_fmc.o(.text.FMC_NORSRAMDeInit), (50 bytes).
    Removing stm32f4xx_fmc.o(.ARM.exidx.text.FMC_NORSRAMDeInit), (8 bytes).
    Removing stm32f4xx_fmc.o(.text.FMC_NORSRAMInit), (292 bytes).
    Removing stm32f4xx_fmc.o(.ARM.exidx.text.FMC_NORSRAMInit), (8 bytes).
    Removing stm32f4xx_fmc.o(.text.FMC_NORSRAMStructInit), (56 bytes).
    Removing stm32f4xx_fmc.o(.ARM.exidx.text.FMC_NORSRAMStructInit), (8 bytes).
    Removing stm32f4xx_fmc.o(.text.FMC_NORSRAMCmd), (36 bytes).
    Removing stm32f4xx_fmc.o(.ARM.exidx.text.FMC_NORSRAMCmd), (8 bytes).
    Removing stm32f4xx_fmc.o(.text.FMC_NANDDeInit), (58 bytes).
    Removing stm32f4xx_fmc.o(.ARM.exidx.text.FMC_NANDDeInit), (8 bytes).
    Removing stm32f4xx_fmc.o(.text.FMC_NANDInit), (176 bytes).
    Removing stm32f4xx_fmc.o(.ARM.exidx.text.FMC_NANDInit), (8 bytes).
    Removing stm32f4xx_fmc.o(.text.FMC_NANDStructInit), (42 bytes).
    Removing stm32f4xx_fmc.o(.ARM.exidx.text.FMC_NANDStructInit), (8 bytes).
    Removing stm32f4xx_fmc.o(.text.FMC_NANDCmd), (72 bytes).
    Removing stm32f4xx_fmc.o(.ARM.exidx.text.FMC_NANDCmd), (8 bytes).
    Removing stm32f4xx_fmc.o(.text.FMC_NANDECCCmd), (72 bytes).
    Removing stm32f4xx_fmc.o(.ARM.exidx.text.FMC_NANDECCCmd), (8 bytes).
    Removing stm32f4xx_fmc.o(.text.FMC_GetECC), (22 bytes).
    Removing stm32f4xx_fmc.o(.ARM.exidx.text.FMC_GetECC), (8 bytes).
    Removing stm32f4xx_fmc.o(.text.FMC_PCCARDDeInit), (26 bytes).
    Removing stm32f4xx_fmc.o(.ARM.exidx.text.FMC_PCCARDDeInit), (8 bytes).
    Removing stm32f4xx_fmc.o(.text.FMC_PCCARDInit), (134 bytes).
    Removing stm32f4xx_fmc.o(.ARM.exidx.text.FMC_PCCARDInit), (8 bytes).
    Removing stm32f4xx_fmc.o(.text.FMC_PCCARDStructInit), (42 bytes).
    Removing stm32f4xx_fmc.o(.ARM.exidx.text.FMC_PCCARDStructInit), (8 bytes).
    Removing stm32f4xx_fmc.o(.text.FMC_PCCARDCmd), (32 bytes).
    Removing stm32f4xx_fmc.o(.ARM.exidx.text.FMC_PCCARDCmd), (8 bytes).
    Removing stm32f4xx_fmc.o(.text.FMC_SDRAMDeInit), (36 bytes).
    Removing stm32f4xx_fmc.o(.ARM.exidx.text.FMC_SDRAMDeInit), (8 bytes).
    Removing stm32f4xx_fmc.o(.ARM.exidx.text.FMC_SDRAMInit), (8 bytes).
    Removing stm32f4xx_fmc.o(.text.FMC_SDRAMStructInit), (52 bytes).
    Removing stm32f4xx_fmc.o(.ARM.exidx.text.FMC_SDRAMStructInit), (8 bytes).
    Removing stm32f4xx_fmc.o(.ARM.exidx.text.FMC_SDRAMCmdConfig), (8 bytes).
    Removing stm32f4xx_fmc.o(.text.FMC_GetModeStatus), (22 bytes).
    Removing stm32f4xx_fmc.o(.ARM.exidx.text.FMC_GetModeStatus), (8 bytes).
    Removing stm32f4xx_fmc.o(.ARM.exidx.text.FMC_SetRefreshCount), (8 bytes).
    Removing stm32f4xx_fmc.o(.text.FMC_SetAutoRefresh_Number), (18 bytes).
    Removing stm32f4xx_fmc.o(.ARM.exidx.text.FMC_SetAutoRefresh_Number), (8 bytes).
    Removing stm32f4xx_fmc.o(.text.FMC_SDRAMWriteProtectionConfig), (36 bytes).
    Removing stm32f4xx_fmc.o(.ARM.exidx.text.FMC_SDRAMWriteProtectionConfig), (8 bytes).
    Removing stm32f4xx_fmc.o(.text.FMC_ITConfig), (144 bytes).
    Removing stm32f4xx_fmc.o(.ARM.exidx.text.FMC_ITConfig), (8 bytes).
    Removing stm32f4xx_fmc.o(.ARM.exidx.text.FMC_GetFlagStatus), (8 bytes).
    Removing stm32f4xx_fmc.o(.text.FMC_ClearFlag), (46 bytes).
    Removing stm32f4xx_fmc.o(.ARM.exidx.text.FMC_ClearFlag), (8 bytes).
    Removing stm32f4xx_fmc.o(.text.FMC_GetITStatus), (90 bytes).
    Removing stm32f4xx_fmc.o(.ARM.exidx.text.FMC_GetITStatus), (8 bytes).
    Removing stm32f4xx_fmc.o(.text.FMC_ClearITPendingBit), (84 bytes).
    Removing stm32f4xx_fmc.o(.ARM.exidx.text.FMC_ClearITPendingBit), (8 bytes).
    Removing stm32f4xx_fmc.o(.rodata.FMC_DefaultTimingStruct), (28 bytes).
    Removing stm32f4xx_ltdc.o(.text), (0 bytes).
    Removing stm32f4xx_ltdc.o(.text.LTDC_DeInit), (26 bytes).
    Removing stm32f4xx_ltdc.o(.ARM.exidx.text.LTDC_DeInit), (8 bytes).
    Removing stm32f4xx_ltdc.o(.ARM.exidx.text.LTDC_Init), (8 bytes).
    Removing stm32f4xx_ltdc.o(.text.LTDC_StructInit), (10 bytes).
    Removing stm32f4xx_ltdc.o(.ARM.exidx.text.LTDC_StructInit), (8 bytes).
    Removing stm32f4xx_ltdc.o(.ARM.exidx.text.LTDC_Cmd), (8 bytes).
    Removing stm32f4xx_ltdc.o(.ARM.exidx.text.LTDC_DitherCmd), (8 bytes).
    Removing stm32f4xx_ltdc.o(.text.LTDC_GetRGBWidth), (48 bytes).
    Removing stm32f4xx_ltdc.o(.ARM.exidx.text.LTDC_GetRGBWidth), (8 bytes).
    Removing stm32f4xx_ltdc.o(.text.LTDC_RGBStructInit), (10 bytes).
    Removing stm32f4xx_ltdc.o(.ARM.exidx.text.LTDC_RGBStructInit), (8 bytes).
    Removing stm32f4xx_ltdc.o(.text.LTDC_LIPConfig), (12 bytes).
    Removing stm32f4xx_ltdc.o(.ARM.exidx.text.LTDC_LIPConfig), (8 bytes).
    Removing stm32f4xx_ltdc.o(.ARM.exidx.text.LTDC_ReloadConfig), (8 bytes).
    Removing stm32f4xx_ltdc.o(.ARM.exidx.text.LTDC_LayerInit), (8 bytes).
    Removing stm32f4xx_ltdc.o(.text.LTDC_LayerStructInit), (44 bytes).
    Removing stm32f4xx_ltdc.o(.ARM.exidx.text.LTDC_LayerStructInit), (8 bytes).
    Removing stm32f4xx_ltdc.o(.ARM.exidx.text.LTDC_LayerCmd), (8 bytes).
    Removing stm32f4xx_ltdc.o(.text.LTDC_GetPosStatus), (28 bytes).
    Removing stm32f4xx_ltdc.o(.ARM.exidx.text.LTDC_GetPosStatus), (8 bytes).
    Removing stm32f4xx_ltdc.o(.text.LTDC_PosStructInit), (8 bytes).
    Removing stm32f4xx_ltdc.o(.ARM.exidx.text.LTDC_PosStructInit), (8 bytes).
    Removing stm32f4xx_ltdc.o(.text.LTDC_GetCDStatus), (18 bytes).
    Removing stm32f4xx_ltdc.o(.ARM.exidx.text.LTDC_GetCDStatus), (8 bytes).
    Removing stm32f4xx_ltdc.o(.text.LTDC_ColorKeyingConfig), (64 bytes).
    Removing stm32f4xx_ltdc.o(.ARM.exidx.text.LTDC_ColorKeyingConfig), (8 bytes).
    Removing stm32f4xx_ltdc.o(.text.LTDC_ColorKeyingStructInit), (10 bytes).
    Removing stm32f4xx_ltdc.o(.ARM.exidx.text.LTDC_ColorKeyingStructInit), (8 bytes).
    Removing stm32f4xx_ltdc.o(.text.LTDC_CLUTCmd), (28 bytes).
    Removing stm32f4xx_ltdc.o(.ARM.exidx.text.LTDC_CLUTCmd), (8 bytes).
    Removing stm32f4xx_ltdc.o(.text.LTDC_CLUTInit), (24 bytes).
    Removing stm32f4xx_ltdc.o(.ARM.exidx.text.LTDC_CLUTInit), (8 bytes).
    Removing stm32f4xx_ltdc.o(.text.LTDC_CLUTStructInit), (12 bytes).
    Removing stm32f4xx_ltdc.o(.ARM.exidx.text.LTDC_CLUTStructInit), (8 bytes).
    Removing stm32f4xx_ltdc.o(.text.LTDC_LayerPosition), (116 bytes).
    Removing stm32f4xx_ltdc.o(.ARM.exidx.text.LTDC_LayerPosition), (8 bytes).
    Removing stm32f4xx_ltdc.o(.ARM.exidx.text.LTDC_LayerAlpha), (8 bytes).
    Removing stm32f4xx_ltdc.o(.text.LTDC_LayerAddress), (4 bytes).
    Removing stm32f4xx_ltdc.o(.ARM.exidx.text.LTDC_LayerAddress), (8 bytes).
    Removing stm32f4xx_ltdc.o(.text.LTDC_LayerSize), (88 bytes).
    Removing stm32f4xx_ltdc.o(.ARM.exidx.text.LTDC_LayerSize), (8 bytes).
    Removing stm32f4xx_ltdc.o(.text.LTDC_LayerPixelFormat), (76 bytes).
    Removing stm32f4xx_ltdc.o(.ARM.exidx.text.LTDC_LayerPixelFormat), (8 bytes).
    Removing stm32f4xx_ltdc.o(.text.LTDC_ITConfig), (24 bytes).
    Removing stm32f4xx_ltdc.o(.ARM.exidx.text.LTDC_ITConfig), (8 bytes).
    Removing stm32f4xx_ltdc.o(.text.LTDC_GetFlagStatus), (18 bytes).
    Removing stm32f4xx_ltdc.o(.ARM.exidx.text.LTDC_GetFlagStatus), (8 bytes).
    Removing stm32f4xx_ltdc.o(.text.LTDC_ClearFlag), (12 bytes).
    Removing stm32f4xx_ltdc.o(.ARM.exidx.text.LTDC_ClearFlag), (8 bytes).
    Removing stm32f4xx_ltdc.o(.text.LTDC_GetITStatus), (28 bytes).
    Removing stm32f4xx_ltdc.o(.ARM.exidx.text.LTDC_GetITStatus), (8 bytes).
    Removing stm32f4xx_ltdc.o(.text.LTDC_ClearITPendingBit), (12 bytes).
    Removing stm32f4xx_ltdc.o(.ARM.exidx.text.LTDC_ClearITPendingBit), (8 bytes).
    Removing stm32f4xx_ltdc.o(.rodata.cst32), (32 bytes).
    Removing stm32f4xx_dac.o(.text), (0 bytes).
    Removing stm32f4xx_dac.o(.text.DAC_DeInit), (26 bytes).
    Removing stm32f4xx_dac.o(.ARM.exidx.text.DAC_DeInit), (8 bytes).
    Removing stm32f4xx_dac.o(.ARM.exidx.text.DAC_Init), (8 bytes).
    Removing stm32f4xx_dac.o(.text.DAC_StructInit), (12 bytes).
    Removing stm32f4xx_dac.o(.ARM.exidx.text.DAC_StructInit), (8 bytes).
    Removing stm32f4xx_dac.o(.ARM.exidx.text.DAC_Cmd), (8 bytes).
    Removing stm32f4xx_dac.o(.text.DAC_SoftwareTriggerCmd), (32 bytes).
    Removing stm32f4xx_dac.o(.ARM.exidx.text.DAC_SoftwareTriggerCmd), (8 bytes).
    Removing stm32f4xx_dac.o(.text.DAC_DualSoftwareTriggerCmd), (24 bytes).
    Removing stm32f4xx_dac.o(.ARM.exidx.text.DAC_DualSoftwareTriggerCmd), (8 bytes).
    Removing stm32f4xx_dac.o(.text.DAC_WaveGenerationCmd), (28 bytes).
    Removing stm32f4xx_dac.o(.ARM.exidx.text.DAC_WaveGenerationCmd), (8 bytes).
    Removing stm32f4xx_dac.o(.text.DAC_SetChannel1Data), (32 bytes).
    Removing stm32f4xx_dac.o(.ARM.exidx.text.DAC_SetChannel1Data), (8 bytes).
    Removing stm32f4xx_dac.o(.ARM.exidx.text.DAC_SetChannel2Data), (8 bytes).
    Removing stm32f4xx_dac.o(.text.DAC_SetDualChannelData), (24 bytes).
    Removing stm32f4xx_dac.o(.ARM.exidx.text.DAC_SetDualChannelData), (8 bytes).
    Removing stm32f4xx_dac.o(.text.DAC_GetDataOutputValue), (36 bytes).
    Removing stm32f4xx_dac.o(.ARM.exidx.text.DAC_GetDataOutputValue), (8 bytes).
    Removing stm32f4xx_dac.o(.text.DAC_DMACmd), (32 bytes).
    Removing stm32f4xx_dac.o(.ARM.exidx.text.DAC_DMACmd), (8 bytes).
    Removing stm32f4xx_dac.o(.text.DAC_ITConfig), (28 bytes).
    Removing stm32f4xx_dac.o(.ARM.exidx.text.DAC_ITConfig), (8 bytes).
    Removing stm32f4xx_dac.o(.text.DAC_GetFlagStatus), (22 bytes).
    Removing stm32f4xx_dac.o(.ARM.exidx.text.DAC_GetFlagStatus), (8 bytes).
    Removing stm32f4xx_dac.o(.text.DAC_ClearFlag), (16 bytes).
    Removing stm32f4xx_dac.o(.ARM.exidx.text.DAC_ClearFlag), (8 bytes).
    Removing stm32f4xx_dac.o(.text.DAC_GetITStatus), (36 bytes).
    Removing stm32f4xx_dac.o(.ARM.exidx.text.DAC_GetITStatus), (8 bytes).
    Removing stm32f4xx_dac.o(.text.DAC_ClearITPendingBit), (16 bytes).
    Removing stm32f4xx_dac.o(.ARM.exidx.text.DAC_ClearITPendingBit), (8 bytes).
    Removing main.o(.text), (0 bytes).
    Removing main.o(.ARM.exidx.text.main), (8 bytes).
    Removing main.o(.text.TIM2_Config), (98 bytes).
    Removing main.o(.ARM.exidx.text.TIM2_Config), (8 bytes).
    Removing main.o(.text.TIM6_Config), (68 bytes).
    Removing main.o(.ARM.exidx.text.TIM6_Config), (8 bytes).
    Removing main.o(.text.DAC_Ch2_TriangleConfig), (78 bytes).
    Removing main.o(.ARM.exidx.text.DAC_Ch2_TriangleConfig), (8 bytes).
    Removing main.o(.text.MidFilter), (4 bytes).
    Removing main.o(.ARM.exidx.text.MidFilter), (8 bytes).
    Removing main.o(.text.DAC_Ch2_SineWaveConfig), (178 bytes).
    Removing main.o(.ARM.exidx.text.DAC_Ch2_SineWaveConfig), (8 bytes).
    Removing main.o(.bss.uhADC1ConvertedValue), (2 bytes).
    Removing main.o(.bss.uwADC1ConvertedVoltage), (4 bytes).
    Removing main.o(.rodata.Sine12bit), (64 bytes).
    Removing main.o(.rodata.Escalator8bit), (6 bytes).
    Removing main.o(.bss.flagExti0), (1 bytes).
    Removing main.o(.bss.ADCVoltageBuffer), (84 bytes).
    Removing main.o(.ARM.use_no_argv), (4 bytes).
    Removing stm32f4xx_it.o(.text), (0 bytes).
    Removing stm32f4xx_it.o(.ARM.exidx.text.NMI_Handler), (8 bytes).
    Removing stm32f4xx_it.o(.ARM.exidx.text.HardFault_Handler), (8 bytes).
    Removing stm32f4xx_it.o(.ARM.exidx.text.MemManage_Handler), (8 bytes).
    Removing stm32f4xx_it.o(.ARM.exidx.text.BusFault_Handler), (8 bytes).
    Removing stm32f4xx_it.o(.ARM.exidx.text.UsageFault_Handler), (8 bytes).
    Removing stm32f4xx_it.o(.ARM.exidx.text.SVC_Handler), (8 bytes).
    Removing stm32f4xx_it.o(.ARM.exidx.text.DebugMon_Handler), (8 bytes).
    Removing stm32f4xx_it.o(.ARM.exidx.text.PendSV_Handler), (8 bytes).
    Removing stm32f4xx_it.o(.ARM.exidx.text.SysTick_Handler), (8 bytes).
    Removing stm32f4xx_it.o(.ARM.exidx.text.EXTI0_IRQHandler), (8 bytes).
    Removing stm32f4xx_it.o(.ARM.exidx.text.TIM2_IRQHandler), (8 bytes).
    Removing system_stm32f4xx.o(.text), (0 bytes).
    Removing system_stm32f4xx.o(.ARM.exidx.text.SystemInit), (8 bytes).
    Removing system_stm32f4xx.o(.text.SystemCoreClockUpdate), (124 bytes).
    Removing system_stm32f4xx.o(.ARM.exidx.text.SystemCoreClockUpdate), (8 bytes).
    Removing system_stm32f4xx.o(.data.SystemCoreClock), (4 bytes).
    Removing system_stm32f4xx.o(.rodata.AHBPrescTable), (16 bytes).
    Removing display.o(.text), (0 bytes).
    Removing display.o(.text.Axis_init), (26 bytes).
    Removing display.o(.ARM.exidx.text.Axis_init), (8 bytes).
    Removing display.o(.ARM.exidx.text.Display_Init), (8 bytes).
    Removing display.o(.text.Vertex_record), (144 bytes).
    Removing display.o(.ARM.exidx.text.Vertex_record), (8 bytes).
    Removing display.o(.ARM.exidx.text.Display), (8 bytes).
    Removing display.o(.bss.indexVertex), (2 bytes).
    Removing display.o(.bss.polyLineVertex), (100 bytes).
    Removing fdiv.o(.text), (124 bytes).
    Removing fflti.o(.text), (18 bytes).
    Removing ffixi.o(.text), (50 bytes).
    Removing fepilogue.o(.text), (110 bytes).
    Removing dadd.o(.text), (334 bytes).
    Removing dmul.o(.text), (228 bytes).
    Removing ddiv.o(.text), (222 bytes).
    Removing dfixul.o(.text), (48 bytes).
    Removing cdrcmple.o(.text), (48 bytes).
    Removing depilogue.o(.text), (186 bytes).

1498 unused section(s) (total 57937 bytes) removed from the image.

==============================================================================

Image Symbol Table

    Local Symbols

    Symbol Name                              Value     Ov Type        Size  Object(Section)

    ../../../Libraries/CMSIS/Device/ST/STM32F4xx/Source/Templates/arm/startup_stm32f429_439xx.s 0x00000000   Number         0  startup_stm32f429_439xx.o ABSOLUTE
    ../clib/division.s                       0x00000000   Number         0  aeabi_sdiv.o ABSOLUTE
    ../clib/microlib/division.c              0x00000000   Number         0  uidiv.o ABSOLUTE
    ../clib/microlib/division.c              0x00000000   Number         0  uldiv.o ABSOLUTE
    ../clib/microlib/init/entry.s            0x00000000   Number         0  entry.o ABSOLUTE
    ../clib/microlib/init/entry.s            0x00000000   Number         0  entry2.o ABSOLUTE
    ../clib/microlib/init/entry.s            0x00000000   Number         0  entry5.o ABSOLUTE
    ../clib/microlib/init/entry.s            0x00000000   Number         0  entry7a.o ABSOLUTE
    ../clib/microlib/init/entry.s            0x00000000   Number         0  entry7b.o ABSOLUTE
    ../clib/microlib/init/entry.s            0x00000000   Number         0  entry8a.o ABSOLUTE
    ../clib/microlib/init/entry.s            0x00000000   Number         0  entry8b.o ABSOLUTE
    ../clib/microlib/init/entry.s            0x00000000   Number         0  entry9a.o ABSOLUTE
    ../clib/microlib/init/entry.s            0x00000000   Number         0  entry9b.o ABSOLUTE
    ../clib/microlib/init/entry.s            0x00000000   Number         0  entry10a.o ABSOLUTE
    ../clib/microlib/init/entry.s            0x00000000   Number         0  entry10b.o ABSOLUTE
    ../clib/microlib/init/entry.s            0x00000000   Number         0  entry11a.o ABSOLUTE
    ../clib/microlib/init/entry.s            0x00000000   Number         0  entry11b.o ABSOLUTE
    ../clib/microlib/longlong.c              0x00000000   Number         0  llshl.o ABSOLUTE
    ../clib/microlib/longlong.c              0x00000000   Number         0  llushr.o ABSOLUTE
    ../clib/microlib/longlong.c              0x00000000   Number         0  llsshr.o ABSOLUTE
    ../clib/microlib/printf/printf.c         0x00000000   Number         0  printfb.o ABSOLUTE
    ../clib/microlib/printf/printf.c         0x00000000   Number         0  printf0.o ABSOLUTE
    ../clib/microlib/printf/printf.c         0x00000000   Number         0  printf1.o ABSOLUTE
    ../clib/microlib/printf/printf.c         0x00000000   Number         0  printf2.o ABSOLUTE
    ../clib/microlib/printf/printf.c         0x00000000   Number         0  printf3.o ABSOLUTE
    ../clib/microlib/printf/printf.c         0x00000000   Number         0  printf4.o ABSOLUTE
    ../clib/microlib/printf/printf.c         0x00000000   Number         0  printf5.o ABSOLUTE
    ../clib/microlib/printf/printf.c         0x00000000   Number         0  printf6.o ABSOLUTE
    ../clib/microlib/printf/printf.c         0x00000000   Number         0  printf7.o ABSOLUTE
    ../clib/microlib/printf/printf.c         0x00000000   Number         0  printf8.o ABSOLUTE
    ../clib/microlib/printf/printf.c         0x00000000   Number         0  printfa.o ABSOLUTE
    ../clib/microlib/printf/stubs.s          0x00000000   Number         0  printfstubs.o ABSOLUTE
    ../clib/microlib/stdio/fputc.c           0x00000000   Number         0  fputc.o ABSOLUTE
    ../clib/microlib/stdio/fputc.c           0x00000000   Number         0  fputc_h.o ABSOLUTE
    ../clib/microlib/stdio/semi.s            0x00000000   Number         0  semi.o ABSOLUTE
    ../clib/microlib/stdio/streams.c         0x00000000   Number         0  stdout.o ABSOLUTE
    ../clib/microlib/string/memset.c         0x00000000   Number         0  memseta.o ABSOLUTE
    ../clib/microlib/stubs.s                 0x00000000   Number         0  iusefp.o ABSOLUTE
    ../clib/microlib/stubs.s                 0x00000000   Number         0  iusesemip.o ABSOLUTE
    ../fplib/microlib/fpadd.c                0x00000000   Number         0  dadd.o ABSOLUTE
    ../fplib/microlib/fpdiv.c                0x00000000   Number         0  fdiv.o ABSOLUTE
    ../fplib/microlib/fpdiv.c                0x00000000   Number         0  ddiv.o ABSOLUTE
    ../fplib/microlib/fpepilogue.c           0x00000000   Number         0  fepilogue.o ABSOLUTE
    ../fplib/microlib/fpepilogue.c           0x00000000   Number         0  depilogue.o ABSOLUTE
    ../fplib/microlib/fpfix.c                0x00000000   Number         0  ffixi.o ABSOLUTE
    ../fplib/microlib/fpfix.c                0x00000000   Number         0  dfixul.o ABSOLUTE
    ../fplib/microlib/fpflt.c                0x00000000   Number         0  fflti.o ABSOLUTE
    ../fplib/microlib/fpmul.c                0x00000000   Number         0  dmul.o ABSOLUTE
    cdrcmple.s                               0x00000000   Number         0  cdrcmple.o ABSOLUTE
    dc.s                                     0x00000000   Number         0  dc.o ABSOLUTE
    display.c                                0x00000000   Number         0  display.o ABSOLUTE
    handlers.s                               0x00000000   Number         0  handlers.o ABSOLUTE
    init.s                                   0x00000000   Number         0  init.o ABSOLUTE
    main.c                                   0x00000000   Number         0  main.o ABSOLUTE
    misc.c                                   0x00000000   Number         0  misc.o ABSOLUTE
    stm32f429i_discovery.c                   0x00000000   Number         0  stm32f429i_discovery.o ABSOLUTE
    stm32f429i_discovery_i2c_ee.c            0x00000000   Number         0  stm32f429i_discovery_i2c_ee.o ABSOLUTE
    stm32f429i_discovery_ioe.c               0x00000000   Number         0  stm32f429i_discovery_ioe.o ABSOLUTE
    stm32f429i_discovery_l3gd20.c            0x00000000   Number         0  stm32f429i_discovery_l3gd20.o ABSOLUTE
    stm32f429i_discovery_lcd.c               0x00000000   Number         0  stm32f429i_discovery_lcd.o ABSOLUTE
    stm32f429i_discovery_sdram.c             0x00000000   Number         0  stm32f429i_discovery_sdram.o ABSOLUTE
    stm32f4xx_adc.c                          0x00000000   Number         0  stm32f4xx_adc.o ABSOLUTE
    stm32f4xx_can.c                          0x00000000   Number         0  stm32f4xx_can.o ABSOLUTE
    stm32f4xx_crc.c                          0x00000000   Number         0  stm32f4xx_crc.o ABSOLUTE
    stm32f4xx_dac.c                          0x00000000   Number         0  stm32f4xx_dac.o ABSOLUTE
    stm32f4xx_dbgmcu.c                       0x00000000   Number         0  stm32f4xx_dbgmcu.o ABSOLUTE
    stm32f4xx_dcmi.c                         0x00000000   Number         0  stm32f4xx_dcmi.o ABSOLUTE
    stm32f4xx_dma.c                          0x00000000   Number         0  stm32f4xx_dma.o ABSOLUTE
    stm32f4xx_dma2d.c                        0x00000000   Number         0  stm32f4xx_dma2d.o ABSOLUTE
    stm32f4xx_exti.c                         0x00000000   Number         0  stm32f4xx_exti.o ABSOLUTE
    stm32f4xx_flash.c                        0x00000000   Number         0  stm32f4xx_flash.o ABSOLUTE
    stm32f4xx_fmc.c                          0x00000000   Number         0  stm32f4xx_fmc.o ABSOLUTE
    stm32f4xx_gpio.c                         0x00000000   Number         0  stm32f4xx_gpio.o ABSOLUTE
    stm32f4xx_i2c.c                          0x00000000   Number         0  stm32f4xx_i2c.o ABSOLUTE
    stm32f4xx_it.c                           0x00000000   Number         0  stm32f4xx_it.o ABSOLUTE
    stm32f4xx_iwdg.c                         0x00000000   Number         0  stm32f4xx_iwdg.o ABSOLUTE
    stm32f4xx_ltdc.c                         0x00000000   Number         0  stm32f4xx_ltdc.o ABSOLUTE
    stm32f4xx_pwr.c                          0x00000000   Number         0  stm32f4xx_pwr.o ABSOLUTE
    stm32f4xx_rcc.c                          0x00000000   Number         0  stm32f4xx_rcc.o ABSOLUTE
    stm32f4xx_rng.c                          0x00000000   Number         0  stm32f4xx_rng.o ABSOLUTE
    stm32f4xx_rtc.c                          0x00000000   Number         0  stm32f4xx_rtc.o ABSOLUTE
    stm32f4xx_sdio.c                         0x00000000   Number         0  stm32f4xx_sdio.o ABSOLUTE
    stm32f4xx_spi.c                          0x00000000   Number         0  stm32f4xx_spi.o ABSOLUTE
    stm32f4xx_syscfg.c                       0x00000000   Number         0  stm32f4xx_syscfg.o ABSOLUTE
    stm32f4xx_tim.c                          0x00000000   Number         0  stm32f4xx_tim.o ABSOLUTE
    stm32f4xx_usart.c                        0x00000000   Number         0  stm32f4xx_usart.o ABSOLUTE
    stm32f4xx_wwdg.c                         0x00000000   Number         0  stm32f4xx_wwdg.o ABSOLUTE
    system_stm32f4xx.c                       0x00000000   Number         0  system_stm32f4xx.o ABSOLUTE
    RESET                                    0x08000000   Section      428  startup_stm32f429_439xx.o(RESET)
    .ARM.Collect$$$$00000000                 0x080001ac   Section        0  entry.o(.ARM.Collect$$$$00000000)
    .ARM.Collect$$$$00000001                 0x080001ac   Section        4  entry2.o(.ARM.Collect$$$$00000001)
    .ARM.Collect$$$$00000004                 0x080001b0   Section        4  entry5.o(.ARM.Collect$$$$00000004)
    .ARM.Collect$$$$00000008                 0x080001b4   Section        0  entry7b.o(.ARM.Collect$$$$00000008)
    .ARM.Collect$$$$0000000A                 0x080001b4   Section        0  entry8b.o(.ARM.Collect$$$$0000000A)
    .ARM.Collect$$$$0000000B                 0x080001b4   Section        8  entry9a.o(.ARM.Collect$$$$0000000B)
    __lit__00000000                          0x080001bc   Data           4  entry2.o(.ARM.Collect$$$$00002712)
    .ARM.Collect$$$$0000000D                 0x080001bc   Section        0  entry10a.o(.ARM.Collect$$$$0000000D)
    .ARM.Collect$$$$0000000F                 0x080001bc   Section        0  entry11a.o(.ARM.Collect$$$$0000000F)
    .ARM.Collect$$$$00002712                 0x080001bc   Section        4  entry2.o(.ARM.Collect$$$$00002712)
    .text                                    0x080001c0   Section       36  startup_stm32f429_439xx.o(.text)
    .text                                    0x080001e4   Section        0  uidiv.o(.text)
    .text                                    0x08000210   Section       36  init.o(.text)
    [Anonymous Symbol]                       0x08000234   Section        0  stm32f4xx_adc.o(.text.ADC_Cmd)
    [Anonymous Symbol]                       0x08000244   Section        0  stm32f4xx_adc.o(.text.ADC_CommonInit)
    [Anonymous Symbol]                       0x08000278   Section        0  stm32f4xx_adc.o(.text.ADC_DMACmd)
    [Anonymous Symbol]                       0x0800028c   Section        0  stm32f4xx_adc.o(.text.ADC_DMARequestAfterLastTransferCmd)
    [Anonymous Symbol]                       0x080002a0   Section        0  stm32f4xx_adc.o(.text.ADC_Init)
    [Anonymous Symbol]                       0x080002f8   Section        0  stm32f4xx_adc.o(.text.ADC_RegularChannelConfig)
    [Anonymous Symbol]                       0x0800035c   Section        0  stm32f4xx_adc.o(.text.ADC_SoftwareStartConv)
    [Anonymous Symbol]                       0x08000368   Section        0  stm32f4xx_it.o(.text.BusFault_Handler)
    [Anonymous Symbol]                       0x0800036c   Section        0  stm32f4xx_dac.o(.text.DAC_Cmd)
    [Anonymous Symbol]                       0x0800038c   Section        0  stm32f4xx_dac.o(.text.DAC_Init)
    [Anonymous Symbol]                       0x080003c0   Section        0  stm32f4xx_dac.o(.text.DAC_SetChannel2Data)
    [Anonymous Symbol]                       0x080003e0   Section        0  stm32f429i_discovery_i2c_ee.o(.text.DMA1_Stream2_IRQHandler)
    [Anonymous Symbol]                       0x0800042c   Section        0  stm32f429i_discovery_i2c_ee.o(.text.DMA1_Stream4_IRQHandler)
    [Anonymous Symbol]                       0x080004a8   Section        0  stm32f4xx_dma.o(.text.DMA_ClearFlag)
    [Anonymous Symbol]                       0x080004e8   Section        0  stm32f4xx_dma.o(.text.DMA_Cmd)
    [Anonymous Symbol]                       0x080004f8   Section        0  stm32f4xx_dma.o(.text.DMA_DeInit)
    [Anonymous Symbol]                       0x0800076c   Section        0  stm32f4xx_dma.o(.text.DMA_GetFlagStatus)
    [Anonymous Symbol]                       0x080007b0   Section        0  stm32f4xx_dma.o(.text.DMA_Init)
    [Anonymous Symbol]                       0x08000818   Section        0  stm32f4xx_it.o(.text.DebugMon_Handler)
    [Anonymous Symbol]                       0x0800081c   Section        0  display.o(.text.Display)
    [Anonymous Symbol]                       0x0800089c   Section        0  display.o(.text.Display_Init)
    [Anonymous Symbol]                       0x08000918   Section        0  stm32f4xx_it.o(.text.EXTI0_IRQHandler)
    [Anonymous Symbol]                       0x08000938   Section        0  stm32f4xx_exti.o(.text.EXTI_ClearITPendingBit)
    [Anonymous Symbol]                       0x08000944   Section        0  stm32f4xx_exti.o(.text.EXTI_GetFlagStatus)
    [Anonymous Symbol]                       0x08000958   Section        0  stm32f4xx_exti.o(.text.EXTI_Init)
    [Anonymous Symbol]                       0x080009c4   Section        0  stm32f4xx_fmc.o(.text.FMC_GetFlagStatus)
    [Anonymous Symbol]                       0x080009f0   Section        0  stm32f4xx_fmc.o(.text.FMC_SDRAMCmdConfig)
    [Anonymous Symbol]                       0x08000a14   Section        0  stm32f4xx_fmc.o(.text.FMC_SDRAMInit)
    [Anonymous Symbol]                       0x08000b60   Section        0  stm32f4xx_fmc.o(.text.FMC_SetRefreshCount)
    [Anonymous Symbol]                       0x08000b74   Section        0  stm32f4xx_gpio.o(.text.GPIO_Init)
    [Anonymous Symbol]                       0x08000c74   Section        0  stm32f4xx_gpio.o(.text.GPIO_PinAFConfig)
    [Anonymous Symbol]                       0x08000c9c   Section        0  stm32f4xx_gpio.o(.text.GPIO_ResetBits)
    [Anonymous Symbol]                       0x08000ca0   Section        0  stm32f4xx_gpio.o(.text.GPIO_SetBits)
    [Anonymous Symbol]                       0x08000ca4   Section        0  stm32f4xx_gpio.o(.text.GPIO_WriteBit)
    [Anonymous Symbol]                       0x08000cb0   Section        0  stm32f4xx_it.o(.text.HardFault_Handler)
    [Anonymous Symbol]                       0x08000cb4   Section        0  stm32f4xx_i2c.o(.text.I2C_GenerateSTOP)
    [Anonymous Symbol]                       0x08000cc8   Section        0  stm32f4xx_i2c.o(.text.I2C_GetFlagStatus)
    [Anonymous Symbol]                       0x08000cf8   Section        0  stm32f429i_discovery_lcd.o(.text.LCD_Clear)
    [Anonymous Symbol]                       0x08000e84   Section        0  stm32f429i_discovery_lcd.o(.text.LCD_DisplayStringLine)
    [Anonymous Symbol]                       0x08000f84   Section        0  stm32f429i_discovery_lcd.o(.text.LCD_GetFont)
    [Anonymous Symbol]                       0x08000f90   Section        0  stm32f429i_discovery_lcd.o(.text.LCD_Init)
    [Anonymous Symbol]                       0x080011c0   Section        0  stm32f429i_discovery_lcd.o(.text.LCD_LayerInit)
    [Anonymous Symbol]                       0x08001274   Section        0  stm32f429i_discovery_lcd.o(.text.LCD_PowerOn)
    [Anonymous Symbol]                       0x08002be0   Section        0  stm32f429i_discovery_lcd.o(.text.LCD_SPIConfig)
    [Anonymous Symbol]                       0x08002c98   Section        0  stm32f429i_discovery_lcd.o(.text.LCD_SetBackColor)
    [Anonymous Symbol]                       0x08002ca4   Section        0  stm32f429i_discovery_lcd.o(.text.LCD_SetFont)
    [Anonymous Symbol]                       0x08002cb0   Section        0  stm32f429i_discovery_lcd.o(.text.LCD_SetLayer)
    [Anonymous Symbol]                       0x08002cc4   Section        0  stm32f429i_discovery_lcd.o(.text.LCD_SetTextColor)
    [Anonymous Symbol]                       0x08002cd0   Section        0  stm32f429i_discovery_lcd.o(.text.LCD_SetTransparency)
    [Anonymous Symbol]                       0x08002cfc   Section        0  stm32f4xx_ltdc.o(.text.LTDC_Cmd)
    [Anonymous Symbol]                       0x08002d14   Section        0  stm32f4xx_ltdc.o(.text.LTDC_DitherCmd)
    [Anonymous Symbol]                       0x08002d30   Section        0  stm32f4xx_ltdc.o(.text.LTDC_Init)
    [Anonymous Symbol]                       0x08002ddc   Section        0  stm32f4xx_ltdc.o(.text.LTDC_LayerAlpha)
    [Anonymous Symbol]                       0x08002de0   Section        0  stm32f4xx_ltdc.o(.text.LTDC_LayerCmd)
    [Anonymous Symbol]                       0x08002df0   Section        0  stm32f4xx_ltdc.o(.text.LTDC_LayerInit)
    [Anonymous Symbol]                       0x08002e84   Section        0  stm32f4xx_ltdc.o(.text.LTDC_ReloadConfig)
    [Anonymous Symbol]                       0x08002e90   Section        0  stm32f4xx_it.o(.text.MemManage_Handler)
    [Anonymous Symbol]                       0x08002e94   Section        0  stm32f4xx_it.o(.text.NMI_Handler)
    [Anonymous Symbol]                       0x08002e98   Section        0  misc.o(.text.NVIC_Init)
    [Anonymous Symbol]                       0x08002efc   Section        0  misc.o(.text.NVIC_PriorityGroupConfig)
    [Anonymous Symbol]                       0x08002f10   Section        0  stm32f4xx_it.o(.text.PendSV_Handler)
    [Anonymous Symbol]                       0x08002f14   Section        0  stm32f4xx_rcc.o(.text.RCC_AHB1PeriphClockCmd)
    [Anonymous Symbol]                       0x08002f2c   Section        0  stm32f4xx_rcc.o(.text.RCC_AHB3PeriphClockCmd)
    [Anonymous Symbol]                       0x08002f44   Section        0  stm32f4xx_rcc.o(.text.RCC_APB1PeriphClockCmd)
    [Anonymous Symbol]                       0x08002f5c   Section        0  stm32f4xx_rcc.o(.text.RCC_APB1PeriphResetCmd)
    [Anonymous Symbol]                       0x08002f74   Section        0  stm32f4xx_rcc.o(.text.RCC_APB2PeriphClockCmd)
    [Anonymous Symbol]                       0x08002f8c   Section        0  stm32f4xx_rcc.o(.text.RCC_APB2PeriphResetCmd)
    [Anonymous Symbol]                       0x08002fa4   Section        0  stm32f4xx_rcc.o(.text.RCC_GetFlagStatus)
    [Anonymous Symbol]                       0x08002fcc   Section        0  stm32f4xx_rcc.o(.text.RCC_LTDCCLKDivConfig)
    [Anonymous Symbol]                       0x08002fe0   Section        0  stm32f4xx_rcc.o(.text.RCC_PLLSAICmd)
    [Anonymous Symbol]                       0x08002fec   Section        0  stm32f4xx_rcc.o(.text.RCC_PLLSAIConfig)
    [Anonymous Symbol]                       0x08003004   Section        0  stm32f429i_discovery_sdram.o(.text.SDRAM_GPIOConfig)
    [Anonymous Symbol]                       0x08003204   Section        0  stm32f429i_discovery_sdram.o(.text.SDRAM_Init)
    [Anonymous Symbol]                       0x08003264   Section        0  stm32f429i_discovery_sdram.o(.text.SDRAM_InitSequence)
    [Anonymous Symbol]                       0x08003364   Section        0  stm32f4xx_spi.o(.text.SPI_Cmd)
    [Anonymous Symbol]                       0x08003378   Section        0  stm32f4xx_spi.o(.text.SPI_I2S_DeInit)
    [Anonymous Symbol]                       0x08003468   Section        0  stm32f4xx_spi.o(.text.SPI_I2S_GetFlagStatus)
    [Anonymous Symbol]                       0x08003474   Section        0  stm32f4xx_spi.o(.text.SPI_I2S_SendData)
    [Anonymous Symbol]                       0x08003478   Section        0  stm32f4xx_spi.o(.text.SPI_Init)
    [Anonymous Symbol]                       0x080034c0   Section        0  stm32f429i_discovery.o(.text.STM_EVAL_LEDInit)
    [Anonymous Symbol]                       0x08003508   Section        0  stm32f429i_discovery.o(.text.STM_EVAL_LEDToggle)
    [Anonymous Symbol]                       0x08003528   Section        0  stm32f429i_discovery.o(.text.STM_EVAL_PBInit)
    [Anonymous Symbol]                       0x08003598   Section        0  stm32f4xx_it.o(.text.SVC_Handler)
    [Anonymous Symbol]                       0x0800359c   Section        0  stm32f4xx_syscfg.o(.text.SYSCFG_EXTILineConfig)
    [Anonymous Symbol]                       0x080035cc   Section        0  stm32f4xx_it.o(.text.SysTick_Handler)
    [Anonymous Symbol]                       0x080035d0   Section        0  system_stm32f4xx.o(.text.SystemInit)
    [Anonymous Symbol]                       0x0800373c   Section        0  stm32f4xx_it.o(.text.TIM2_IRQHandler)
    [Anonymous Symbol]                       0x08003770   Section        0  stm32f4xx_tim.o(.text.TIM_ClearITPendingBit)
    [Anonymous Symbol]                       0x08003778   Section        0  stm32f4xx_tim.o(.text.TIM_Cmd)
    [Anonymous Symbol]                       0x0800378c   Section        0  stm32f4xx_tim.o(.text.TIM_GetITStatus)
    [Anonymous Symbol]                       0x080037a4   Section        0  stm32f4xx_tim.o(.text.TIM_ITConfig)
    [Anonymous Symbol]                       0x080037b4   Section        0  stm32f4xx_tim.o(.text.TIM_SelectOutputTrigger)
    [Anonymous Symbol]                       0x080037c4   Section        0  stm32f4xx_tim.o(.text.TIM_TimeBaseInit)
    [Anonymous Symbol]                       0x08003858   Section        0  stm32f4xx_tim.o(.text.TIM_TimeBaseStructInit)
    [Anonymous Symbol]                       0x08003868   Section        0  stm32f4xx_it.o(.text.UsageFault_Handler)
    [Anonymous Symbol]                       0x0800386c   Section        0  main.o(.text.main)
    i.__0sprintf$1                           0x08003abc   Section        0  printf1.o(i.__0sprintf$1)
    i.__scatterload_copy                     0x08003ae4   Section       14  handlers.o(i.__scatterload_copy)
    i.__scatterload_null                     0x08003af2   Section        2  handlers.o(i.__scatterload_null)
    i.__scatterload_zeroinit                 0x08003af4   Section       14  handlers.o(i.__scatterload_zeroinit)
    _printf_core                             0x08003b05   Thumb Code   336  printf1.o(i._printf_core)
    i._printf_core                           0x08003b04   Section        0  printf1.o(i._printf_core)
    _sputc                                   0x08003c59   Thumb Code    10  printf1.o(i._sputc)
    i._sputc                                 0x08003c58   Section        0  printf1.o(i._sputc)
    CurrentBackColor                         0x20000004   Data           2  stm32f429i_discovery_lcd.o(.data.CurrentBackColor)
    [Anonymous Symbol]                       0x20000004   Section        0  stm32f429i_discovery_lcd.o(.data.CurrentBackColor)
    .L_MergedGlobals                         0x20000028   Data          12  stm32f429i_discovery_i2c_ee.o(.bss..L_MergedGlobals)
    [Anonymous Symbol]                       0x20000028   Section        0  stm32f429i_discovery_i2c_ee.o(.bss..L_MergedGlobals)
    .L_MergedGlobals                         0x20000034   Data          12  stm32f429i_discovery_lcd.o(.bss..L_MergedGlobals)
    CurrentFrameBuffer                       0x20000034   Data           1  stm32f429i_discovery_lcd.o(.bss..L_MergedGlobals)
    [Anonymous Symbol]                       0x20000034   Section        0  stm32f429i_discovery_lcd.o(.bss..L_MergedGlobals)
    CurrentLayer                             0x20000038   Data           1  stm32f429i_discovery_lcd.o(.bss..L_MergedGlobals)
    CurrentTextColor                         0x2000003a   Data           2  stm32f429i_discovery_lcd.o(.bss..L_MergedGlobals)
    LCD_Currentfonts                         0x2000003c   Data           4  stm32f429i_discovery_lcd.o(.bss..L_MergedGlobals)
    .L_MergedGlobals                         0x20000040   Data          24  main.o(.bss..L_MergedGlobals)
    [Anonymous Symbol]                       0x20000040   Section        0  main.o(.bss..L_MergedGlobals)
    .L_MergedGlobals                         0x20000058   Data          16  display.o(.bss..L_MergedGlobals)
    [Anonymous Symbol]                       0x20000058   Section        0  display.o(.bss..L_MergedGlobals)
    STACK                                    0x20000070   Section     1024  startup_stm32f429_439xx.o(STACK)

    Global Symbols

    Symbol Name                              Value     Ov Type        Size  Object(Section)

    BuildAttributes$$THM_ISAv4$E$P$D$K$B$S$7EM$PE$A:L22UL41UL21$X:L11$S22US41US21$IEEE1$IW$~IW$USESV6$~STKCKD$USESV7$~SHL$OTIME$ROPI$EBA8$MICROLIB$REQ8$PRES8$EABIv2 0x00000000   Number         0  anon$$obj.o ABSOLUTE
    _printf_a                                0x00000000   Number         0  printfstubs.o ABSOLUTE
    _printf_c                                0x00000000   Number         0  printfstubs.o ABSOLUTE
    _printf_charcount                        0x00000000   Number         0  printfstubs.o ABSOLUTE
    _printf_d                                0x00000000   Number         0  printfstubs.o ABSOLUTE
    _printf_e                                0x00000000   Number         0  printfstubs.o ABSOLUTE
    _printf_f                                0x00000000   Number         0  printfstubs.o ABSOLUTE
    _printf_flags                            0x00000000   Number         0  printfstubs.o ABSOLUTE
    _printf_fp_dec                           0x00000000   Number         0  printfstubs.o ABSOLUTE
    _printf_fp_hex                           0x00000000   Number         0  printfstubs.o ABSOLUTE
    _printf_g                                0x00000000   Number         0  printfstubs.o ABSOLUTE
    _printf_i                                0x00000000   Number         0  printfstubs.o ABSOLUTE
    _printf_int_dec                          0x00000000   Number         0  printfstubs.o ABSOLUTE
    _printf_l                                0x00000000   Number         0  printfstubs.o ABSOLUTE
    _printf_lc                               0x00000000   Number         0  printfstubs.o ABSOLUTE
    _printf_ll                               0x00000000   Number         0  printfstubs.o ABSOLUTE
    _printf_lld                              0x00000000   Number         0  printfstubs.o ABSOLUTE
    _printf_lli                              0x00000000   Number         0  printfstubs.o ABSOLUTE
    _printf_llo                              0x00000000   Number         0  printfstubs.o ABSOLUTE
    _printf_llu                              0x00000000   Number         0  printfstubs.o ABSOLUTE
    _printf_llx                              0x00000000   Number         0  printfstubs.o ABSOLUTE
    _printf_longlong_dec                     0x00000000   Number         0  printfstubs.o ABSOLUTE
    _printf_longlong_hex                     0x00000000   Number         0  printfstubs.o ABSOLUTE
    _printf_longlong_oct                     0x00000000   Number         0  printfstubs.o ABSOLUTE
    _printf_ls                               0x00000000   Number         0  printfstubs.o ABSOLUTE
    _printf_mbtowc                           0x00000000   Number         0  printfstubs.o ABSOLUTE
    _printf_n                                0x00000000   Number         0  printfstubs.o ABSOLUTE
    _printf_o                                0x00000000   Number         0  printfstubs.o ABSOLUTE
    _printf_p                                0x00000000   Number         0  printfstubs.o ABSOLUTE
    _printf_percent                          0x00000000   Number         0  printfstubs.o ABSOLUTE
    _printf_pre_padding                      0x00000000   Number         0  printfstubs.o ABSOLUTE
    _printf_return_value                     0x00000000   Number         0  printfstubs.o ABSOLUTE
    _printf_s                                0x00000000   Number         0  printfstubs.o ABSOLUTE
    _printf_sizespec                         0x00000000   Number         0  printfstubs.o ABSOLUTE
    _printf_str                              0x00000000   Number         0  printfstubs.o ABSOLUTE
    _printf_truncate_signed                  0x00000000   Number         0  printfstubs.o ABSOLUTE
    _printf_truncate_unsigned                0x00000000   Number         0  printfstubs.o ABSOLUTE
    _printf_u                                0x00000000   Number         0  printfstubs.o ABSOLUTE
    _printf_wc                               0x00000000   Number         0  printfstubs.o ABSOLUTE
    _printf_wctomb                           0x00000000   Number         0  printfstubs.o ABSOLUTE
    _printf_widthprec                        0x00000000   Number         0  printfstubs.o ABSOLUTE
    _printf_x                                0x00000000   Number         0  printfstubs.o ABSOLUTE
    __cpp_initialize__aeabi_                  - Undefined Weak Reference
    __cxa_finalize                            - Undefined Weak Reference
    __decompress                              - Undefined Weak Reference
    _clock_init                               - Undefined Weak Reference
    _microlib_exit                            - Undefined Weak Reference
    __Vectors_Size                           0x000001ac   Number         0  startup_stm32f429_439xx.o ABSOLUTE
    __Vectors                                0x08000000   Data           4  startup_stm32f429_439xx.o(RESET)
    __Vectors_End                            0x080001ac   Data           0  startup_stm32f429_439xx.o(RESET)
    __main                                   0x080001ad   Thumb Code     0  entry.o(.ARM.Collect$$$$00000000)
    _main_stk                                0x080001ad   Thumb Code     0  entry2.o(.ARM.Collect$$$$00000001)
    _main_scatterload                        0x080001b1   Thumb Code     0  entry5.o(.ARM.Collect$$$$00000004)
    __main_after_scatterload                 0x080001b5   Thumb Code     0  entry5.o(.ARM.Collect$$$$00000004)
    _main_clock                              0x080001b5   Thumb Code     0  entry7b.o(.ARM.Collect$$$$00000008)
    _main_cpp_init                           0x080001b5   Thumb Code     0  entry8b.o(.ARM.Collect$$$$0000000A)
    _main_init                               0x080001b5   Thumb Code     0  entry9a.o(.ARM.Collect$$$$0000000B)
    __rt_final_cpp                           0x080001bd   Thumb Code     0  entry10a.o(.ARM.Collect$$$$0000000D)
    __rt_final_exit                          0x080001bd   Thumb Code     0  entry11a.o(.ARM.Collect$$$$0000000F)
    Reset_Handler                            0x080001c1   Thumb Code     8  startup_stm32f429_439xx.o(.text)
    ADC_IRQHandler                           0x080001db   Thumb Code     0  startup_stm32f429_439xx.o(.text)
    CAN1_RX0_IRQHandler                      0x080001db   Thumb Code     0  startup_stm32f429_439xx.o(.text)
    CAN1_RX1_IRQHandler                      0x080001db   Thumb Code     0  startup_stm32f429_439xx.o(.text)
    CAN1_SCE_IRQHandler                      0x080001db   Thumb Code     0  startup_stm32f429_439xx.o(.text)
    CAN1_TX_IRQHandler                       0x080001db   Thumb Code     0  startup_stm32f429_439xx.o(.text)
    CAN2_RX0_IRQHandler                      0x080001db   Thumb Code     0  startup_stm32f429_439xx.o(.text)
    CAN2_RX1_IRQHandler                      0x080001db   Thumb Code     0  startup_stm32f429_439xx.o(.text)
    CAN2_SCE_IRQHandler                      0x080001db   Thumb Code     0  startup_stm32f429_439xx.o(.text)
    CAN2_TX_IRQHandler                       0x080001db   Thumb Code     0  startup_stm32f429_439xx.o(.text)
    CRYP_IRQHandler                          0x080001db   Thumb Code     0  startup_stm32f429_439xx.o(.text)
    DCMI_IRQHandler                          0x080001db   Thumb Code     0  startup_stm32f429_439xx.o(.text)
    DMA1_Stream0_IRQHandler                  0x080001db   Thumb Code     0  startup_stm32f429_439xx.o(.text)
    DMA1_Stream1_IRQHandler                  0x080001db   Thumb Code     0  startup_stm32f429_439xx.o(.text)
    DMA1_Stream3_IRQHandler                  0x080001db   Thumb Code     0  startup_stm32f429_439xx.o(.text)
    DMA1_Stream5_IRQHandler                  0x080001db   Thumb Code     0  startup_stm32f429_439xx.o(.text)
    DMA1_Stream6_IRQHandler                  0x080001db   Thumb Code     0  startup_stm32f429_439xx.o(.text)
    DMA1_Stream7_IRQHandler                  0x080001db   Thumb Code     0  startup_stm32f429_439xx.o(.text)
    DMA2D_IRQHandler                         0x080001db   Thumb Code     0  startup_stm32f429_439xx.o(.text)
    DMA2_Stream0_IRQHandler                  0x080001db   Thumb Code     0  startup_stm32f429_439xx.o(.text)
    DMA2_Stream1_IRQHandler                  0x080001db   Thumb Code     0  startup_stm32f429_439xx.o(.text)
    DMA2_Stream2_IRQHandler                  0x080001db   Thumb Code     0  startup_stm32f429_439xx.o(.text)
    DMA2_Stream3_IRQHandler                  0x080001db   Thumb Code     0  startup_stm32f429_439xx.o(.text)
    DMA2_Stream4_IRQHandler                  0x080001db   Thumb Code     0  startup_stm32f429_439xx.o(.text)
    DMA2_Stream5_IRQHandler                  0x080001db   Thumb Code     0  startup_stm32f429_439xx.o(.text)
    DMA2_Stream6_IRQHandler                  0x080001db   Thumb Code     0  startup_stm32f429_439xx.o(.text)
    DMA2_Stream7_IRQHandler                  0x080001db   Thumb Code     0  startup_stm32f429_439xx.o(.text)
    ETH_IRQHandler                           0x080001db   Thumb Code     0  startup_stm32f429_439xx.o(.text)
    ETH_WKUP_IRQHandler                      0x080001db   Thumb Code     0  startup_stm32f429_439xx.o(.text)
    EXTI15_10_IRQHandler                     0x080001db   Thumb Code     0  startup_stm32f429_439xx.o(.text)
    EXTI1_IRQHandler                         0x080001db   Thumb Code     0  startup_stm32f429_439xx.o(.text)
    EXTI2_IRQHandler                         0x080001db   Thumb Code     0  startup_stm32f429_439xx.o(.text)
    EXTI3_IRQHandler                         0x080001db   Thumb Code     0  startup_stm32f429_439xx.o(.text)
    EXTI4_IRQHandler                         0x080001db   Thumb Code     0  startup_stm32f429_439xx.o(.text)
    EXTI9_5_IRQHandler                       0x080001db   Thumb Code     0  startup_stm32f429_439xx.o(.text)
    FLASH_IRQHandler                         0x080001db   Thumb Code     0  startup_stm32f429_439xx.o(.text)
    FMC_IRQHandler                           0x080001db   Thumb Code     0  startup_stm32f429_439xx.o(.text)
    FPU_IRQHandler                           0x080001db   Thumb Code     0  startup_stm32f429_439xx.o(.text)
    HASH_RNG_IRQHandler                      0x080001db   Thumb Code     0  startup_stm32f429_439xx.o(.text)
    I2C1_ER_IRQHandler                       0x080001db   Thumb Code     0  startup_stm32f429_439xx.o(.text)
    I2C1_EV_IRQHandler                       0x080001db   Thumb Code     0  startup_stm32f429_439xx.o(.text)
    I2C2_ER_IRQHandler                       0x080001db   Thumb Code     0  startup_stm32f429_439xx.o(.text)
    I2C2_EV_IRQHandler                       0x080001db   Thumb Code     0  startup_stm32f429_439xx.o(.text)
    I2C3_ER_IRQHandler                       0x080001db   Thumb Code     0  startup_stm32f429_439xx.o(.text)
    I2C3_EV_IRQHandler                       0x080001db   Thumb Code     0  startup_stm32f429_439xx.o(.text)
    LTDC_ER_IRQHandler                       0x080001db   Thumb Code     0  startup_stm32f429_439xx.o(.text)
    LTDC_IRQHandler                          0x080001db   Thumb Code     0  startup_stm32f429_439xx.o(.text)
    OTG_FS_IRQHandler                        0x080001db   Thumb Code     0  startup_stm32f429_439xx.o(.text)
    OTG_FS_WKUP_IRQHandler                   0x080001db   Thumb Code     0  startup_stm32f429_439xx.o(.text)
    OTG_HS_EP1_IN_IRQHandler                 0x080001db   Thumb Code     0  startup_stm32f429_439xx.o(.text)
    OTG_HS_EP1_OUT_IRQHandler                0x080001db   Thumb Code     0  startup_stm32f429_439xx.o(.text)
    OTG_HS_IRQHandler                        0x080001db   Thumb Code     0  startup_stm32f429_439xx.o(.text)
    OTG_HS_WKUP_IRQHandler                   0x080001db   Thumb Code     0  startup_stm32f429_439xx.o(.text)
    PVD_IRQHandler                           0x080001db   Thumb Code     0  startup_stm32f429_439xx.o(.text)
    RCC_IRQHandler                           0x080001db   Thumb Code     0  startup_stm32f429_439xx.o(.text)
    RTC_Alarm_IRQHandler                     0x080001db   Thumb Code     0  startup_stm32f429_439xx.o(.text)
    RTC_WKUP_IRQHandler                      0x080001db   Thumb Code     0  startup_stm32f429_439xx.o(.text)
    SAI1_IRQHandler                          0x080001db   Thumb Code     0  startup_stm32f429_439xx.o(.text)
    SDIO_IRQHandler                          0x080001db   Thumb Code     0  startup_stm32f429_439xx.o(.text)
    SPI1_IRQHandler                          0x080001db   Thumb Code     0  startup_stm32f429_439xx.o(.text)
    SPI2_IRQHandler                          0x080001db   Thumb Code     0  startup_stm32f429_439xx.o(.text)
    SPI3_IRQHandler                          0x080001db   Thumb Code     0  startup_stm32f429_439xx.o(.text)
    SPI4_IRQHandler                          0x080001db   Thumb Code     0  startup_stm32f429_439xx.o(.text)
    SPI5_IRQHandler                          0x080001db   Thumb Code     0  startup_stm32f429_439xx.o(.text)
    SPI6_IRQHandler                          0x080001db   Thumb Code     0  startup_stm32f429_439xx.o(.text)
    TAMP_STAMP_IRQHandler                    0x080001db   Thumb Code     0  startup_stm32f429_439xx.o(.text)
    TIM1_BRK_TIM9_IRQHandler                 0x080001db   Thumb Code     0  startup_stm32f429_439xx.o(.text)
    TIM1_CC_IRQHandler                       0x080001db   Thumb Code     0  startup_stm32f429_439xx.o(.text)
    TIM1_TRG_COM_TIM11_IRQHandler            0x080001db   Thumb Code     0  startup_stm32f429_439xx.o(.text)
    TIM1_UP_TIM10_IRQHandler                 0x080001db   Thumb Code     0  startup_stm32f429_439xx.o(.text)
    TIM3_IRQHandler                          0x080001db   Thumb Code     0  startup_stm32f429_439xx.o(.text)
    TIM4_IRQHandler                          0x080001db   Thumb Code     0  startup_stm32f429_439xx.o(.text)
    TIM5_IRQHandler                          0x080001db   Thumb Code     0  startup_stm32f429_439xx.o(.text)
    TIM6_DAC_IRQHandler                      0x080001db   Thumb Code     0  startup_stm32f429_439xx.o(.text)
    TIM7_IRQHandler                          0x080001db   Thumb Code     0  startup_stm32f429_439xx.o(.text)
    TIM8_BRK_TIM12_IRQHandler                0x080001db   Thumb Code     0  startup_stm32f429_439xx.o(.text)
    TIM8_CC_IRQHandler                       0x080001db   Thumb Code     0  startup_stm32f429_439xx.o(.text)
    TIM8_TRG_COM_TIM14_IRQHandler            0x080001db   Thumb Code     0  startup_stm32f429_439xx.o(.text)
    TIM8_UP_TIM13_IRQHandler                 0x080001db   Thumb Code     0  startup_stm32f429_439xx.o(.text)
    UART4_IRQHandler                         0x080001db   Thumb Code     0  startup_stm32f429_439xx.o(.text)
    UART5_IRQHandler                         0x080001db   Thumb Code     0  startup_stm32f429_439xx.o(.text)
    UART7_IRQHandler                         0x080001db   Thumb Code     0  startup_stm32f429_439xx.o(.text)
    UART8_IRQHandler                         0x080001db   Thumb Code     0  startup_stm32f429_439xx.o(.text)
    USART1_IRQHandler                        0x080001db   Thumb Code     0  startup_stm32f429_439xx.o(.text)
    USART2_IRQHandler                        0x080001db   Thumb Code     0  startup_stm32f429_439xx.o(.text)
    USART3_IRQHandler                        0x080001db   Thumb Code     0  startup_stm32f429_439xx.o(.text)
    USART6_IRQHandler                        0x080001db   Thumb Code     0  startup_stm32f429_439xx.o(.text)
    WWDG_IRQHandler                          0x080001db   Thumb Code     0  startup_stm32f429_439xx.o(.text)
    __aeabi_uidiv                            0x080001e5   Thumb Code     0  uidiv.o(.text)
    __aeabi_uidivmod                         0x080001e5   Thumb Code    44  uidiv.o(.text)
    __scatterload                            0x08000211   Thumb Code    28  init.o(.text)
    __scatterload_rt2                        0x08000211   Thumb Code     0  init.o(.text)
    ADC_Cmd                                  0x08000235   Thumb Code    16  stm32f4xx_adc.o(.text.ADC_Cmd)
    ADC_CommonInit                           0x08000245   Thumb Code    50  stm32f4xx_adc.o(.text.ADC_CommonInit)
    ADC_DMACmd                               0x08000279   Thumb Code    18  stm32f4xx_adc.o(.text.ADC_DMACmd)
    ADC_DMARequestAfterLastTransferCmd       0x0800028d   Thumb Code    18  stm32f4xx_adc.o(.text.ADC_DMARequestAfterLastTransferCmd)
    ADC_Init                                 0x080002a1   Thumb Code    88  stm32f4xx_adc.o(.text.ADC_Init)
    ADC_RegularChannelConfig                 0x080002f9   Thumb Code   100  stm32f4xx_adc.o(.text.ADC_RegularChannelConfig)
    ADC_SoftwareStartConv                    0x0800035d   Thumb Code    10  stm32f4xx_adc.o(.text.ADC_SoftwareStartConv)
    BusFault_Handler                         0x08000369   Thumb Code     2  stm32f4xx_it.o(.text.BusFault_Handler)
    DAC_Cmd                                  0x0800036d   Thumb Code    30  stm32f4xx_dac.o(.text.DAC_Cmd)
    DAC_Init                                 0x0800038d   Thumb Code    52  stm32f4xx_dac.o(.text.DAC_Init)
    DAC_SetChannel2Data                      0x080003c1   Thumb Code    32  stm32f4xx_dac.o(.text.DAC_SetChannel2Data)
    DMA1_Stream2_IRQHandler                  0x080003e1   Thumb Code    74  stm32f429i_discovery_i2c_ee.o(.text.DMA1_Stream2_IRQHandler)
    DMA1_Stream4_IRQHandler                  0x0800042d   Thumb Code   124  stm32f429i_discovery_i2c_ee.o(.text.DMA1_Stream4_IRQHandler)
    DMA_ClearFlag                            0x080004a9   Thumb Code    62  stm32f4xx_dma.o(.text.DMA_ClearFlag)
    DMA_Cmd                                  0x080004e9   Thumb Code    16  stm32f4xx_dma.o(.text.DMA_Cmd)
    DMA_DeInit                               0x080004f9   Thumb Code   626  stm32f4xx_dma.o(.text.DMA_DeInit)
    DMA_GetFlagStatus                        0x0800076d   Thumb Code    68  stm32f4xx_dma.o(.text.DMA_GetFlagStatus)
    DMA_Init                                 0x080007b1   Thumb Code   102  stm32f4xx_dma.o(.text.DMA_Init)
    DebugMon_Handler                         0x08000819   Thumb Code     2  stm32f4xx_it.o(.text.DebugMon_Handler)
    Display                                  0x0800081d   Thumb Code   112  display.o(.text.Display)
    Display_Init                             0x0800089d   Thumb Code   124  display.o(.text.Display_Init)
    EXTI0_IRQHandler                         0x08000919   Thumb Code    30  stm32f4xx_it.o(.text.EXTI0_IRQHandler)
    EXTI_ClearITPendingBit                   0x08000939   Thumb Code    12  stm32f4xx_exti.o(.text.EXTI_ClearITPendingBit)
    EXTI_GetFlagStatus                       0x08000945   Thumb Code    18  stm32f4xx_exti.o(.text.EXTI_GetFlagStatus)
    EXTI_Init                                0x08000959   Thumb Code   106  stm32f4xx_exti.o(.text.EXTI_Init)
    FMC_GetFlagStatus                        0x080009c5   Thumb Code    44  stm32f4xx_fmc.o(.text.FMC_GetFlagStatus)
    FMC_SDRAMCmdConfig                       0x080009f1   Thumb Code    34  stm32f4xx_fmc.o(.text.FMC_SDRAMCmdConfig)
    FMC_SDRAMInit                            0x08000a15   Thumb Code   330  stm32f4xx_fmc.o(.text.FMC_SDRAMInit)
    FMC_SetRefreshCount                      0x08000b61   Thumb Code    18  stm32f4xx_fmc.o(.text.FMC_SetRefreshCount)
    GPIO_Init                                0x08000b75   Thumb Code   256  stm32f4xx_gpio.o(.text.GPIO_Init)
    GPIO_PinAFConfig                         0x08000c75   Thumb Code    40  stm32f4xx_gpio.o(.text.GPIO_PinAFConfig)
    GPIO_ResetBits                           0x08000c9d   Thumb Code     4  stm32f4xx_gpio.o(.text.GPIO_ResetBits)
    GPIO_SetBits                             0x08000ca1   Thumb Code     4  stm32f4xx_gpio.o(.text.GPIO_SetBits)
    GPIO_WriteBit                            0x08000ca5   Thumb Code    10  stm32f4xx_gpio.o(.text.GPIO_WriteBit)
    HardFault_Handler                        0x08000cb1   Thumb Code     2  stm32f4xx_it.o(.text.HardFault_Handler)
    I2C_GenerateSTOP                         0x08000cb5   Thumb Code    20  stm32f4xx_i2c.o(.text.I2C_GenerateSTOP)
    I2C_GetFlagStatus                        0x08000cc9   Thumb Code    48  stm32f4xx_i2c.o(.text.I2C_GetFlagStatus)
    LCD_Clear                                0x08000cf9   Thumb Code   394  stm32f429i_discovery_lcd.o(.text.LCD_Clear)
    LCD_DisplayStringLine                    0x08000e85   Thumb Code   254  stm32f429i_discovery_lcd.o(.text.LCD_DisplayStringLine)
    LCD_GetFont                              0x08000f85   Thumb Code    12  stm32f429i_discovery_lcd.o(.text.LCD_GetFont)
    LCD_Init                                 0x08000f91   Thumb Code   558  stm32f429i_discovery_lcd.o(.text.LCD_Init)
    LCD_LayerInit                            0x080011c1   Thumb Code   180  stm32f429i_discovery_lcd.o(.text.LCD_LayerInit)
    LCD_PowerOn                              0x08001275   Thumb Code  6506  stm32f429i_discovery_lcd.o(.text.LCD_PowerOn)
    LCD_SPIConfig                            0x08002be1   Thumb Code   182  stm32f429i_discovery_lcd.o(.text.LCD_SPIConfig)
    LCD_SetBackColor                         0x08002c99   Thumb Code    12  stm32f429i_discovery_lcd.o(.text.LCD_SetBackColor)
    LCD_SetFont                              0x08002ca5   Thumb Code    12  stm32f429i_discovery_lcd.o(.text.LCD_SetFont)
    LCD_SetLayer                             0x08002cb1   Thumb Code    20  stm32f429i_discovery_lcd.o(.text.LCD_SetLayer)
    LCD_SetTextColor                         0x08002cc5   Thumb Code    12  stm32f429i_discovery_lcd.o(.text.LCD_SetTextColor)
    LCD_SetTransparency                      0x08002cd1   Thumb Code    42  stm32f429i_discovery_lcd.o(.text.LCD_SetTransparency)
    LTDC_Cmd                                 0x08002cfd   Thumb Code    24  stm32f4xx_ltdc.o(.text.LTDC_Cmd)
    LTDC_DitherCmd                           0x08002d15   Thumb Code    26  stm32f4xx_ltdc.o(.text.LTDC_DitherCmd)
    LTDC_Init                                0x08002d31   Thumb Code   170  stm32f4xx_ltdc.o(.text.LTDC_Init)
    LTDC_LayerAlpha                          0x08002ddd   Thumb Code     4  stm32f4xx_ltdc.o(.text.LTDC_LayerAlpha)
    LTDC_LayerCmd                            0x08002de1   Thumb Code    16  stm32f4xx_ltdc.o(.text.LTDC_LayerCmd)
    LTDC_LayerInit                           0x08002df1   Thumb Code   148  stm32f4xx_ltdc.o(.text.LTDC_LayerInit)
    LTDC_ReloadConfig                        0x08002e85   Thumb Code    12  stm32f4xx_ltdc.o(.text.LTDC_ReloadConfig)
    MemManage_Handler                        0x08002e91   Thumb Code     2  stm32f4xx_it.o(.text.MemManage_Handler)
    NMI_Handler                              0x08002e95   Thumb Code     2  stm32f4xx_it.o(.text.NMI_Handler)
    NVIC_Init                                0x08002e99   Thumb Code   100  misc.o(.text.NVIC_Init)
    NVIC_PriorityGroupConfig                 0x08002efd   Thumb Code    20  misc.o(.text.NVIC_PriorityGroupConfig)
    PendSV_Handler                           0x08002f11   Thumb Code     2  stm32f4xx_it.o(.text.PendSV_Handler)
    RCC_AHB1PeriphClockCmd                   0x08002f15   Thumb Code    24  stm32f4xx_rcc.o(.text.RCC_AHB1PeriphClockCmd)
    RCC_AHB3PeriphClockCmd                   0x08002f2d   Thumb Code    24  stm32f4xx_rcc.o(.text.RCC_AHB3PeriphClockCmd)
    RCC_APB1PeriphClockCmd                   0x08002f45   Thumb Code    24  stm32f4xx_rcc.o(.text.RCC_APB1PeriphClockCmd)
    RCC_APB1PeriphResetCmd                   0x08002f5d   Thumb Code    24  stm32f4xx_rcc.o(.text.RCC_APB1PeriphResetCmd)
    RCC_APB2PeriphClockCmd                   0x08002f75   Thumb Code    24  stm32f4xx_rcc.o(.text.RCC_APB2PeriphClockCmd)
    RCC_APB2PeriphResetCmd                   0x08002f8d   Thumb Code    24  stm32f4xx_rcc.o(.text.RCC_APB2PeriphResetCmd)
    RCC_GetFlagStatus                        0x08002fa5   Thumb Code    38  stm32f4xx_rcc.o(.text.RCC_GetFlagStatus)
    RCC_LTDCCLKDivConfig                     0x08002fcd   Thumb Code    20  stm32f4xx_rcc.o(.text.RCC_LTDCCLKDivConfig)
    RCC_PLLSAICmd                            0x08002fe1   Thumb Code    10  stm32f4xx_rcc.o(.text.RCC_PLLSAICmd)
    RCC_PLLSAIConfig                         0x08002fed   Thumb Code    22  stm32f4xx_rcc.o(.text.RCC_PLLSAIConfig)
    SDRAM_GPIOConfig                         0x08003005   Thumb Code   512  stm32f429i_discovery_sdram.o(.text.SDRAM_GPIOConfig)
    SDRAM_Init                               0x08003205   Thumb Code    94  stm32f429i_discovery_sdram.o(.text.SDRAM_Init)
    SDRAM_InitSequence                       0x08003265   Thumb Code   256  stm32f429i_discovery_sdram.o(.text.SDRAM_InitSequence)
    SPI_Cmd                                  0x08003365   Thumb Code    20  stm32f4xx_spi.o(.text.SPI_Cmd)
    SPI_I2S_DeInit                           0x08003379   Thumb Code   238  stm32f4xx_spi.o(.text.SPI_I2S_DeInit)
    SPI_I2S_GetFlagStatus                    0x08003469   Thumb Code    10  stm32f4xx_spi.o(.text.SPI_I2S_GetFlagStatus)
    SPI_I2S_SendData                         0x08003475   Thumb Code     4  stm32f4xx_spi.o(.text.SPI_I2S_SendData)
    SPI_Init                                 0x08003479   Thumb Code    70  stm32f4xx_spi.o(.text.SPI_Init)
    STM_EVAL_LEDInit                         0x080034c1   Thumb Code    70  stm32f429i_discovery.o(.text.STM_EVAL_LEDInit)
    STM_EVAL_LEDToggle                       0x08003509   Thumb Code    32  stm32f429i_discovery.o(.text.STM_EVAL_LEDToggle)
    STM_EVAL_PBInit                          0x08003529   Thumb Code   112  stm32f429i_discovery.o(.text.STM_EVAL_PBInit)
    SVC_Handler                              0x08003599   Thumb Code     2  stm32f4xx_it.o(.text.SVC_Handler)
    SYSCFG_EXTILineConfig                    0x0800359d   Thumb Code    48  stm32f4xx_syscfg.o(.text.SYSCFG_EXTILineConfig)
    SysTick_Handler                          0x080035cd   Thumb Code     2  stm32f4xx_it.o(.text.SysTick_Handler)
    SystemInit                               0x080035d1   Thumb Code   362  system_stm32f4xx.o(.text.SystemInit)
    TIM2_IRQHandler                          0x0800373d   Thumb Code    52  stm32f4xx_it.o(.text.TIM2_IRQHandler)
    TIM_ClearITPendingBit                    0x08003771   Thumb Code     6  stm32f4xx_tim.o(.text.TIM_ClearITPendingBit)
    TIM_Cmd                                  0x08003779   Thumb Code    18  stm32f4xx_tim.o(.text.TIM_Cmd)
    TIM_GetITStatus                          0x0800378d   Thumb Code    24  stm32f4xx_tim.o(.text.TIM_GetITStatus)
    TIM_ITConfig                             0x080037a5   Thumb Code    16  stm32f4xx_tim.o(.text.TIM_ITConfig)
    TIM_SelectOutputTrigger                  0x080037b5   Thumb Code    16  stm32f4xx_tim.o(.text.TIM_SelectOutputTrigger)
    TIM_TimeBaseInit                         0x080037c5   Thumb Code   148  stm32f4xx_tim.o(.text.TIM_TimeBaseInit)
    TIM_TimeBaseStructInit                   0x08003859   Thumb Code    16  stm32f4xx_tim.o(.text.TIM_TimeBaseStructInit)
    UsageFault_Handler                       0x08003869   Thumb Code     2  stm32f4xx_it.o(.text.UsageFault_Handler)
    main                                     0x0800386d   Thumb Code   576  main.o(.text.main)
    __0sprintf$1                             0x08003abd   Thumb Code    34  printf1.o(i.__0sprintf$1)
    __1sprintf$1                             0x08003abd   Thumb Code     0  printf1.o(i.__0sprintf$1)
    __2sprintf                               0x08003abd   Thumb Code     0  printf1.o(i.__0sprintf$1)
    __scatterload_copy                       0x08003ae5   Thumb Code    14  handlers.o(i.__scatterload_copy)
    __scatterload_null                       0x08003af3   Thumb Code     2  handlers.o(i.__scatterload_null)
    __scatterload_zeroinit                   0x08003af5   Thumb Code    14  handlers.o(i.__scatterload_zeroinit)
    ASCII16x24_Table                         0x08003c62   Data        4560  stm32f429i_discovery_lcd.o(.rodata.ASCII16x24_Table)
    ASCII8x12_Table                          0x08004e32   Data        2304  stm32f429i_discovery_lcd.o(.rodata.ASCII8x12_Table)
    GPIO_CLK                                 0x08005734   Data           8  stm32f429i_discovery.o(.rodata.GPIO_CLK)
    GPIO_PIN                                 0x0800573c   Data           4  stm32f429i_discovery.o(.rodata.GPIO_PIN)
    Region$$Table$$Base                      0x08005740   Number         0  anon$$obj.o(Region$$Table)
    Region$$Table$$Limit                     0x08005760   Number         0  anon$$obj.o(Region$$Table)
    BUTTON_PORT                              0x20000000   Data           4  stm32f429i_discovery.o(.data.BUTTON_PORT)
    Font16x24                                0x20000008   Data           8  stm32f429i_discovery_lcd.o(.data.Font16x24)
    Font8x12                                 0x20000010   Data           8  stm32f429i_discovery_lcd.o(.data.Font8x12)
    GPIO_PORT                                0x20000018   Data           8  stm32f429i_discovery.o(.data.GPIO_PORT)
    sEETimeout                               0x20000020   Data           4  stm32f429i_discovery_i2c_ee.o(.data.sEETimeout)
    sEEAddress                               0x20000028   Data           2  stm32f429i_discovery_i2c_ee.o(.bss..L_MergedGlobals)
    sEEDataReadPointer                       0x2000002c   Data           4  stm32f429i_discovery_i2c_ee.o(.bss..L_MergedGlobals)
    sEEDataWritePointer                      0x20000030   Data           4  stm32f429i_discovery_i2c_ee.o(.bss..L_MergedGlobals)
    uhADC2ConvertedValue                     0x20000040   Data           2  main.o(.bss..L_MergedGlobals)
    filterIndex                              0x20000042   Data           2  main.o(.bss..L_MergedGlobals)
    uwADC2ConvertedVoltage                   0x20000044   Data           4  main.o(.bss..L_MergedGlobals)
    DAC_InitStructure                        0x20000048   Data          16  main.o(.bss..L_MergedGlobals)
    indexRow                                 0x20000058   Data           2  display.o(.bss..L_MergedGlobals)
    Origin_point                             0x2000005c   Data           4  display.o(.bss..L_MergedGlobals)
    newPoint                                 0x20000060   Data           4  display.o(.bss..L_MergedGlobals)
    lastPoint                                0x20000064   Data           4  display.o(.bss..L_MergedGlobals)
    indexPrint                               0x20000068   Data           1  stm32f4xx_it.o(.bss.indexPrint)
    __initial_sp                             0x20000470   Data           0  startup_stm32f429_439xx.o(STACK)



==============================================================================

Memory Map of the image

  Image Entry point : 0x080001ad

  Load Region LR_IROM1 (Base: 0x08000000, Size: 0x00005788, Max: 0x00200000, ABSOLUTE)

    Execution Region ER_IROM1 (Exec base: 0x08000000, Load base: 0x08000000, Size: 0x00005760, Max: 0x00200000, ABSOLUTE)

    Exec Addr    Load Addr    Size         Type   Attr      Idx    E Section Name        Object

    0x08000000   0x08000000   0x000001ac   Data   RO            3    RESET               startup_stm32f429_439xx.o
    0x080001ac   0x080001ac   0x00000000   Code   RO         1859  * .ARM.Collect$$$$00000000  mc_w.l(entry.o)
    0x080001ac   0x080001ac   0x00000004   Code   RO         2131    .ARM.Collect$$$$00000001  mc_w.l(entry2.o)
    0x080001b0   0x080001b0   0x00000004   Code   RO         2134    .ARM.Collect$$$$00000004  mc_w.l(entry5.o)
    0x080001b4   0x080001b4   0x00000000   Code   RO         2136    .ARM.Collect$$$$00000008  mc_w.l(entry7b.o)
    0x080001b4   0x080001b4   0x00000000   Code   RO         2138    .ARM.Collect$$$$0000000A  mc_w.l(entry8b.o)
    0x080001b4   0x080001b4   0x00000008   Code   RO         2139    .ARM.Collect$$$$0000000B  mc_w.l(entry9a.o)
    0x080001bc   0x080001bc   0x00000000   Code   RO         2141    .ARM.Collect$$$$0000000D  mc_w.l(entry10a.o)
    0x080001bc   0x080001bc   0x00000000   Code   RO         2143    .ARM.Collect$$$$0000000F  mc_w.l(entry11a.o)
    0x080001bc   0x080001bc   0x00000004   Code   RO         2132    .ARM.Collect$$$$00002712  mc_w.l(entry2.o)
    0x080001c0   0x080001c0   0x00000024   Code   RO            4    .text               startup_stm32f429_439xx.o
    0x080001e4   0x080001e4   0x0000002c   Code   RO         2159    .text               mc_w.l(uidiv.o)
    0x08000210   0x08000210   0x00000024   Code   RO         2176    .text               mc_w.l(init.o)
    0x08000234   0x08000234   0x00000010   Code   RO          328    .text.ADC_Cmd       stm32f4xx_adc.o
    0x08000244   0x08000244   0x00000032   Code   RO          324    .text.ADC_CommonInit  stm32f4xx_adc.o
    0x08000276   0x08000276   0x00000002   PAD
    0x08000278   0x08000278   0x00000012   Code   RO          358    .text.ADC_DMACmd    stm32f4xx_adc.o
    0x0800028a   0x0800028a   0x00000002   PAD
    0x0800028c   0x0800028c   0x00000012   Code   RO          360    .text.ADC_DMARequestAfterLastTransferCmd  stm32f4xx_adc.o
    0x0800029e   0x0800029e   0x00000002   PAD
    0x080002a0   0x080002a0   0x00000058   Code   RO          320    .text.ADC_Init      stm32f4xx_adc.o
    0x080002f8   0x080002f8   0x00000064   Code   RO          340    .text.ADC_RegularChannelConfig  stm32f4xx_adc.o
    0x0800035c   0x0800035c   0x0000000a   Code   RO          342    .text.ADC_SoftwareStartConv  stm32f4xx_adc.o
    0x08000366   0x08000366   0x00000002   PAD
    0x08000368   0x08000368   0x00000002   Code   RO         1803    .text.BusFault_Handler  stm32f4xx_it.o
    0x0800036a   0x0800036a   0x00000002   PAD
    0x0800036c   0x0800036c   0x0000001e   Code   RO         1733    .text.DAC_Cmd       stm32f4xx_dac.o
    0x0800038a   0x0800038a   0x00000002   PAD
    0x0800038c   0x0800038c   0x00000034   Code   RO         1729    .text.DAC_Init      stm32f4xx_dac.o
    0x080003c0   0x080003c0   0x00000020   Code   RO         1743    .text.DAC_SetChannel2Data  stm32f4xx_dac.o
    0x080003e0   0x080003e0   0x0000004a   Code   RO           64    .text.DMA1_Stream2_IRQHandler  stm32f429i_discovery_i2c_ee.o
    0x0800042a   0x0800042a   0x00000002   PAD
    0x0800042c   0x0800042c   0x0000007c   Code   RO           62    .text.DMA1_Stream4_IRQHandler  stm32f429i_discovery_i2c_ee.o
    0x080004a8   0x080004a8   0x0000003e   Code   RO          564    .text.DMA_ClearFlag  stm32f4xx_dma.o
    0x080004e6   0x080004e6   0x00000002   PAD
    0x080004e8   0x080004e8   0x00000010   Code   RO          540    .text.DMA_Cmd       stm32f4xx_dma.o
    0x080004f8   0x080004f8   0x00000272   Code   RO          534    .text.DMA_DeInit    stm32f4xx_dma.o
    0x0800076a   0x0800076a   0x00000002   PAD
    0x0800076c   0x0800076c   0x00000044   Code   RO          562    .text.DMA_GetFlagStatus  stm32f4xx_dma.o
    0x080007b0   0x080007b0   0x00000066   Code   RO          536    .text.DMA_Init      stm32f4xx_dma.o
    0x08000816   0x08000816   0x00000002   PAD
    0x08000818   0x08000818   0x00000002   Code   RO         1809    .text.DebugMon_Handler  stm32f4xx_it.o
    0x0800081a   0x0800081a   0x00000002   PAD
    0x0800081c   0x0800081c   0x00000080   Code   RO         1847    .text.Display       display.o
    0x0800089c   0x0800089c   0x0000007c   Code   RO         1843    .text.Display_Init  display.o
    0x08000918   0x08000918   0x0000001e   Code   RO         1815    .text.EXTI0_IRQHandler  stm32f4xx_it.o
    0x08000936   0x08000936   0x00000002   PAD
    0x08000938   0x08000938   0x0000000c   Code   RO          594    .text.EXTI_ClearITPendingBit  stm32f4xx_exti.o
    0x08000944   0x08000944   0x00000012   Code   RO          588    .text.EXTI_GetFlagStatus  stm32f4xx_exti.o
    0x08000956   0x08000956   0x00000002   PAD
    0x08000958   0x08000958   0x0000006a   Code   RO          582    .text.EXTI_Init     stm32f4xx_exti.o
    0x080009c2   0x080009c2   0x00000002   PAD
    0x080009c4   0x080009c4   0x0000002c   Code   RO         1641    .text.FMC_GetFlagStatus  stm32f4xx_fmc.o
    0x080009f0   0x080009f0   0x00000022   Code   RO         1629    .text.FMC_SDRAMCmdConfig  stm32f4xx_fmc.o
    0x08000a12   0x08000a12   0x00000002   PAD
    0x08000a14   0x08000a14   0x0000014a   Code   RO         1625    .text.FMC_SDRAMInit  stm32f4xx_fmc.o
    0x08000b5e   0x08000b5e   0x00000002   PAD
    0x08000b60   0x08000b60   0x00000012   Code   RO         1633    .text.FMC_SetRefreshCount  stm32f4xx_fmc.o
    0x08000b72   0x08000b72   0x00000002   PAD
    0x08000b74   0x08000b74   0x00000100   Code   RO          694    .text.GPIO_Init     stm32f4xx_gpio.o
    0x08000c74   0x08000c74   0x00000028   Code   RO          718    .text.GPIO_PinAFConfig  stm32f4xx_gpio.o
    0x08000c9c   0x08000c9c   0x00000004   Code   RO          710    .text.GPIO_ResetBits  stm32f4xx_gpio.o
    0x08000ca0   0x08000ca0   0x00000004   Code   RO          708    .text.GPIO_SetBits  stm32f4xx_gpio.o
    0x08000ca4   0x08000ca4   0x0000000a   Code   RO          712    .text.GPIO_WriteBit  stm32f4xx_gpio.o
    0x08000cae   0x08000cae   0x00000002   PAD
    0x08000cb0   0x08000cb0   0x00000002   Code   RO         1799    .text.HardFault_Handler  stm32f4xx_it.o
    0x08000cb2   0x08000cb2   0x00000002   PAD
    0x08000cb4   0x08000cb4   0x00000014   Code   RO          742    .text.I2C_GenerateSTOP  stm32f4xx_i2c.o
    0x08000cc8   0x08000cc8   0x00000030   Code   RO          790    .text.I2C_GetFlagStatus  stm32f4xx_i2c.o
    0x08000cf8   0x08000cf8   0x0000018a   Code   RO          206    .text.LCD_Clear     stm32f429i_discovery_lcd.o
    0x08000e82   0x08000e82   0x00000002   PAD
    0x08000e84   0x08000e84   0x000000fe   Code   RO          216    .text.LCD_DisplayStringLine  stm32f429i_discovery_lcd.o
    0x08000f82   0x08000f82   0x00000002   PAD
    0x08000f84   0x08000f84   0x0000000c   Code   RO          200    .text.LCD_GetFont   stm32f429i_discovery_lcd.o
    0x08000f90   0x08000f90   0x0000022e   Code   RO          174    .text.LCD_Init      stm32f429i_discovery_lcd.o
    0x080011be   0x080011be   0x00000002   PAD
    0x080011c0   0x080011c0   0x000000b4   Code   RO          184    .text.LCD_LayerInit  stm32f429i_discovery_lcd.o
    0x08001274   0x08001274   0x0000196a   Code   RO          182    .text.LCD_PowerOn   stm32f429i_discovery_lcd.o
    0x08002bde   0x08002bde   0x00000002   PAD
    0x08002be0   0x08002be0   0x000000b6   Code   RO          180    .text.LCD_SPIConfig  stm32f429i_discovery_lcd.o
    0x08002c96   0x08002c96   0x00000002   PAD
    0x08002c98   0x08002c98   0x0000000c   Code   RO          196    .text.LCD_SetBackColor  stm32f429i_discovery_lcd.o
    0x08002ca4   0x08002ca4   0x0000000c   Code   RO          186    .text.LCD_SetFont   stm32f429i_discovery_lcd.o
    0x08002cb0   0x08002cb0   0x00000014   Code   RO          188    .text.LCD_SetLayer  stm32f429i_discovery_lcd.o
    0x08002cc4   0x08002cc4   0x0000000c   Code   RO          194    .text.LCD_SetTextColor  stm32f429i_discovery_lcd.o
    0x08002cd0   0x08002cd0   0x0000002a   Code   RO          198    .text.LCD_SetTransparency  stm32f429i_discovery_lcd.o
    0x08002cfa   0x08002cfa   0x00000002   PAD
    0x08002cfc   0x08002cfc   0x00000018   Code   RO         1664    .text.LTDC_Cmd      stm32f4xx_ltdc.o
    0x08002d14   0x08002d14   0x0000001a   Code   RO         1666    .text.LTDC_DitherCmd  stm32f4xx_ltdc.o
    0x08002d2e   0x08002d2e   0x00000002   PAD
    0x08002d30   0x08002d30   0x000000aa   Code   RO         1660    .text.LTDC_Init     stm32f4xx_ltdc.o
    0x08002dda   0x08002dda   0x00000002   PAD
    0x08002ddc   0x08002ddc   0x00000004   Code   RO         1700    .text.LTDC_LayerAlpha  stm32f4xx_ltdc.o
    0x08002de0   0x08002de0   0x00000010   Code   RO         1680    .text.LTDC_LayerCmd  stm32f4xx_ltdc.o
    0x08002df0   0x08002df0   0x00000094   Code   RO         1676    .text.LTDC_LayerInit  stm32f4xx_ltdc.o
    0x08002e84   0x08002e84   0x0000000c   Code   RO         1674    .text.LTDC_ReloadConfig  stm32f4xx_ltdc.o
    0x08002e90   0x08002e90   0x00000002   Code   RO         1801    .text.MemManage_Handler  stm32f4xx_it.o
    0x08002e92   0x08002e92   0x00000002   PAD
    0x08002e94   0x08002e94   0x00000002   Code   RO         1797    .text.NMI_Handler   stm32f4xx_it.o
    0x08002e96   0x08002e96   0x00000002   PAD
    0x08002e98   0x08002e98   0x00000064   Code   RO          302    .text.NVIC_Init     misc.o
    0x08002efc   0x08002efc   0x00000014   Code   RO          300    .text.NVIC_PriorityGroupConfig  misc.o
    0x08002f10   0x08002f10   0x00000002   Code   RO         1811    .text.PendSV_Handler  stm32f4xx_it.o
    0x08002f12   0x08002f12   0x00000002   PAD
    0x08002f14   0x08002f14   0x00000018   Code   RO          936    .text.RCC_AHB1PeriphClockCmd  stm32f4xx_rcc.o
    0x08002f2c   0x08002f2c   0x00000018   Code   RO          940    .text.RCC_AHB3PeriphClockCmd  stm32f4xx_rcc.o
    0x08002f44   0x08002f44   0x00000018   Code   RO          942    .text.RCC_APB1PeriphClockCmd  stm32f4xx_rcc.o
    0x08002f5c   0x08002f5c   0x00000018   Code   RO          952    .text.RCC_APB1PeriphResetCmd  stm32f4xx_rcc.o
    0x08002f74   0x08002f74   0x00000018   Code   RO          944    .text.RCC_APB2PeriphClockCmd  stm32f4xx_rcc.o
    0x08002f8c   0x08002f8c   0x00000018   Code   RO          954    .text.RCC_APB2PeriphResetCmd  stm32f4xx_rcc.o
    0x08002fa4   0x08002fa4   0x00000026   Code   RO          876    .text.RCC_GetFlagStatus  stm32f4xx_rcc.o
    0x08002fca   0x08002fca   0x00000002   PAD
    0x08002fcc   0x08002fcc   0x00000014   Code   RO          932    .text.RCC_LTDCCLKDivConfig  stm32f4xx_rcc.o
    0x08002fe0   0x08002fe0   0x0000000a   Code   RO          896    .text.RCC_PLLSAICmd  stm32f4xx_rcc.o
    0x08002fea   0x08002fea   0x00000002   PAD
    0x08002fec   0x08002fec   0x00000016   Code   RO          894    .text.RCC_PLLSAIConfig  stm32f4xx_rcc.o
    0x08003002   0x08003002   0x00000002   PAD
    0x08003004   0x08003004   0x00000200   Code   RO          284    .text.SDRAM_GPIOConfig  stm32f429i_discovery_sdram.o
    0x08003204   0x08003204   0x0000005e   Code   RO          282    .text.SDRAM_Init    stm32f429i_discovery_sdram.o
    0x08003262   0x08003262   0x00000002   PAD
    0x08003264   0x08003264   0x00000100   Code   RO          286    .text.SDRAM_InitSequence  stm32f429i_discovery_sdram.o
    0x08003364   0x08003364   0x00000014   Code   RO         1205    .text.SPI_Cmd       stm32f4xx_spi.o
    0x08003378   0x08003378   0x000000ee   Code   RO         1195    .text.SPI_I2S_DeInit  stm32f4xx_spi.o
    0x08003466   0x08003466   0x00000002   PAD
    0x08003468   0x08003468   0x0000000a   Code   RO         1237    .text.SPI_I2S_GetFlagStatus  stm32f4xx_spi.o
    0x08003472   0x08003472   0x00000002   PAD
    0x08003474   0x08003474   0x00000004   Code   RO         1223    .text.SPI_I2S_SendData  stm32f4xx_spi.o
    0x08003478   0x08003478   0x00000046   Code   RO         1197    .text.SPI_Init      stm32f4xx_spi.o
    0x080034be   0x080034be   0x00000002   PAD
    0x080034c0   0x080034c0   0x00000046   Code   RO           11    .text.STM_EVAL_LEDInit  stm32f429i_discovery.o
    0x08003506   0x08003506   0x00000002   PAD
    0x08003508   0x08003508   0x00000020   Code   RO           17    .text.STM_EVAL_LEDToggle  stm32f429i_discovery.o
    0x08003528   0x08003528   0x00000070   Code   RO           19    .text.STM_EVAL_PBInit  stm32f429i_discovery.o
    0x08003598   0x08003598   0x00000002   Code   RO         1807    .text.SVC_Handler   stm32f4xx_it.o
    0x0800359a   0x0800359a   0x00000002   PAD
    0x0800359c   0x0800359c   0x00000030   Code   RO         1259    .text.SYSCFG_EXTILineConfig  stm32f4xx_syscfg.o
    0x080035cc   0x080035cc   0x00000002   Code   RO         1813    .text.SysTick_Handler  stm32f4xx_it.o
    0x080035ce   0x080035ce   0x00000002   PAD
    0x080035d0   0x080035d0   0x0000016a   Code   RO         1827    .text.SystemInit    system_stm32f4xx.o
    0x0800373a   0x0800373a   0x00000002   PAD
    0x0800373c   0x0800373c   0x00000034   Code   RO         1817    .text.TIM2_IRQHandler  stm32f4xx_it.o
    0x08003770   0x08003770   0x00000006   Code   RO         1417    .text.TIM_ClearITPendingBit  stm32f4xx_tim.o
    0x08003776   0x08003776   0x00000002   PAD
    0x08003778   0x08003778   0x00000012   Code   RO         1303    .text.TIM_Cmd       stm32f4xx_tim.o
    0x0800378a   0x0800378a   0x00000002   PAD
    0x0800378c   0x0800378c   0x00000018   Code   RO         1415    .text.TIM_GetITStatus  stm32f4xx_tim.o
    0x080037a4   0x080037a4   0x00000010   Code   RO         1407    .text.TIM_ITConfig  stm32f4xx_tim.o
    0x080037b4   0x080037b4   0x00000010   Code   RO         1439    .text.TIM_SelectOutputTrigger  stm32f4xx_tim.o
    0x080037c4   0x080037c4   0x00000094   Code   RO         1277    .text.TIM_TimeBaseInit  stm32f4xx_tim.o
    0x08003858   0x08003858   0x00000010   Code   RO         1279    .text.TIM_TimeBaseStructInit  stm32f4xx_tim.o
    0x08003868   0x08003868   0x00000002   Code   RO         1805    .text.UsageFault_Handler  stm32f4xx_it.o
    0x0800386a   0x0800386a   0x00000002   PAD
    0x0800386c   0x0800386c   0x00000250   Code   RO         1769    .text.main          main.o
    0x08003abc   0x08003abc   0x00000028   Code   RO         1911    i.__0sprintf$1      mc_w.l(printf1.o)
    0x08003ae4   0x08003ae4   0x0000000e   Code   RO         2190    i.__scatterload_copy  mc_w.l(handlers.o)
    0x08003af2   0x08003af2   0x00000002   Code   RO         2191    i.__scatterload_null  mc_w.l(handlers.o)
    0x08003af4   0x08003af4   0x0000000e   Code   RO         2192    i.__scatterload_zeroinit  mc_w.l(handlers.o)
    0x08003b02   0x08003b02   0x00000002   PAD
    0x08003b04   0x08003b04   0x00000154   Code   RO         1916    i._printf_core      mc_w.l(printf1.o)
    0x08003c58   0x08003c58   0x0000000a   Code   RO         1918    i._sputc            mc_w.l(printf1.o)
    0x08003c62   0x08003c62   0x000011d0   Data   RO          264    .rodata.ASCII16x24_Table  stm32f429i_discovery_lcd.o
    0x08004e32   0x08004e32   0x00000900   Data   RO          266    .rodata.ASCII8x12_Table  stm32f429i_discovery_lcd.o
    0x08005732   0x08005732   0x00000002   PAD
    0x08005734   0x08005734   0x00000008   Data   RO           31    .rodata.GPIO_CLK    stm32f429i_discovery.o
    0x0800573c   0x0800573c   0x00000004   Data   RO           30    .rodata.GPIO_PIN    stm32f429i_discovery.o
    0x08005740   0x08005740   0x00000020   Data   RO         2189    Region$$Table       anon$$obj.o


    Execution Region RW_IRAM1 (Exec base: 0x20000000, Load base: 0x08005760, Size: 0x00000470, Max: 0x00030000, ABSOLUTE)

    Exec Addr    Load Addr    Size         Type   Attr      Idx    E Section Name        Object

    0x20000000   0x08005760   0x00000004   Data   RW           32    .data.BUTTON_PORT   stm32f429i_discovery.o
    0x20000004   0x08005764   0x00000002   Data   RW          272    .data.CurrentBackColor  stm32f429i_discovery_lcd.o
    0x20000006   0x08005766   0x00000002   PAD
    0x20000008   0x08005768   0x00000008   Data   RW          268    .data.Font16x24     stm32f429i_discovery_lcd.o
    0x20000010   0x08005770   0x00000008   Data   RW          270    .data.Font8x12      stm32f429i_discovery_lcd.o
    0x20000018   0x08005778   0x00000008   Data   RW           29    .data.GPIO_PORT     stm32f429i_discovery.o
    0x20000020   0x08005780   0x00000004   Data   RW           66    .data.sEETimeout    stm32f429i_discovery_i2c_ee.o
    0x20000024   0x08005784   0x00000004   PAD
    0x20000028        -       0x0000000c   Zero   RW           68    .bss..L_MergedGlobals  stm32f429i_discovery_i2c_ee.o
    0x20000034        -       0x0000000c   Zero   RW          273    .bss..L_MergedGlobals  stm32f429i_discovery_lcd.o
    0x20000040        -       0x00000018   Zero   RW         1788    .bss..L_MergedGlobals  main.o
    0x20000058        -       0x00000010   Zero   RW         1851    .bss..L_MergedGlobals  display.o
    0x20000068        -       0x00000001   Zero   RW         1819    .bss.indexPrint     stm32f4xx_it.o
    0x20000069   0x08005784   0x00000007   PAD
    0x20000070        -       0x00000400   Zero   RW            1    STACK               startup_stm32f429_439xx.o


==============================================================================

Image component sizes


      Code (inc. data)   RO Data    RW Data    ZI Data      Debug   Object Name

       252         16          0          0         16       2565   display.o
       592         16          0          0         24       9639   main.o
       120          0          0          0          0       3467   misc.o
        36          8        428          0       1024        956   startup_stm32f429_439xx.o
       214          0         12         12          0       8307   stm32f429i_discovery.o
       198          0          0          4         12       7194   stm32f429i_discovery_i2c_ee.o
      8184          0       6864         18         12      64912   stm32f429i_discovery_lcd.o
       862          0          0          0          0       5222   stm32f429i_discovery_sdram.o
       300          0          0          0          0      10322   stm32f4xx_adc.o
       114          0          0          0          0       5597   stm32f4xx_dac.o
       874          0          0          0          0       6854   stm32f4xx_dma.o
       136          0          0          0          0       2951   stm32f4xx_exti.o
       426          0          0          0          0      12414   stm32f4xx_fmc.o
       314          0          0          0          0       5031   stm32f4xx_gpio.o
        68          0          0          0          0       9843   stm32f4xx_i2c.o
       100          0          0          0          1       2796   stm32f4xx_it.o
       400          0          0          0          0      10269   stm32f4xx_ltdc.o
       234          0          0          0          0      14308   stm32f4xx_rcc.o
       342          0          0          0          0       8928   stm32f4xx_spi.o
        48          0          0          0          0       2364   stm32f4xx_syscfg.o
       244          0          0          0          0      27371   stm32f4xx_tim.o
       362          0          0          0          0       3431   system_stm32f4xx.o

    ----------------------------------------------------------------------
     14508         40       7338         36       1100     224741   Object Totals
         0          0         32          0          0          0   (incl. Generated)
        88          0          2          2         11          0   (incl. Padding)

    ----------------------------------------------------------------------

      Code (inc. data)   RO Data    RW Data    ZI Data      Debug   Library Member Name

         0          0          0          0          0          0   entry.o
         0          0          0          0          0          0   entry10a.o
         0          0          0          0          0          0   entry11a.o
         8          4          0          0          0          0   entry2.o
         4          0          0          0          0          0   entry5.o
         0          0          0          0          0          0   entry7b.o
         0          0          0          0          0          0   entry8b.o
         8          4          0          0          0          0   entry9a.o
        30          0          0          0          0          0   handlers.o
        36          8          0          0          0         68   init.o
       390         10          0          0          0        252   printf1.o
        44          0          0          0          0         80   uidiv.o

    ----------------------------------------------------------------------
       522         26          0          0          0        400   Library Totals
         2          0          0          0          0          0   (incl. Padding)

    ----------------------------------------------------------------------

      Code (inc. data)   RO Data    RW Data    ZI Data      Debug   Library Name

       520         26          0          0          0        400   mc_w.l

    ----------------------------------------------------------------------
       522         26          0          0          0        400   Library Totals

    ----------------------------------------------------------------------

==============================================================================


      Code (inc. data)   RO Data    RW Data    ZI Data      Debug   

     15030         66       7338         36       1100     224789   Grand Totals
     15030         66       7338         36       1100     224789   ELF Image Totals
     15030         66       7338         36          0          0   ROM Totals

==============================================================================

    Total RO  Size (Code + RO Data)                22368 (  21.84kB)
    Total RW  Size (RW Data + ZI Data)              1136 (   1.11kB)
    Total ROM Size (Code + RO Data + RW Data)      22404 (  21.88kB)

==============================================================================

