Component: Arm Compiler for Embedded 6.18 Tool: armlink [5e4cc100]

==============================================================================

Section Cross References

    startup_stm32f429_439xx.o(RESET) refers to startup_stm32f429_439xx.o(STACK) for __initial_sp
    startup_stm32f429_439xx.o(RESET) refers to startup_stm32f429_439xx.o(.text) for Reset_Handler
    startup_stm32f429_439xx.o(RESET) refers to stm32f4xx_it.o(.text.NMI_Handler) for NMI_Handler
    startup_stm32f429_439xx.o(RESET) refers to stm32f4xx_it.o(.text.HardFault_Handler) for HardFault_Handler
    startup_stm32f429_439xx.o(RESET) refers to stm32f4xx_it.o(.text.MemManage_Handler) for MemManage_Handler
    startup_stm32f429_439xx.o(RESET) refers to stm32f4xx_it.o(.text.BusFault_Handler) for BusFault_Handler
    startup_stm32f429_439xx.o(RESET) refers to stm32f4xx_it.o(.text.UsageFault_Handler) for UsageFault_Handler
    startup_stm32f429_439xx.o(RESET) refers to stm32f4xx_it.o(.text.SVC_Handler) for SVC_Handler
    startup_stm32f429_439xx.o(RESET) refers to stm32f4xx_it.o(.text.DebugMon_Handler) for DebugMon_Handler
    startup_stm32f429_439xx.o(RESET) refers to stm32f4xx_it.o(.text.PendSV_Handler) for PendSV_Handler
    startup_stm32f429_439xx.o(RESET) refers to stm32f4xx_it.o(.text.SysTick_Handler) for SysTick_Handler
    startup_stm32f429_439xx.o(.text) refers to system_stm32f4xx.o(.text.SystemInit) for SystemInit
    startup_stm32f429_439xx.o(.text) refers to entry.o(.ARM.Collect$$$$00000000) for __main
    stm32f429i_discovery.o(.text.STM_EVAL_LEDInit) refers to stm32f429i_discovery.o(.rodata.GPIO_CLK) for GPIO_CLK
    stm32f429i_discovery.o(.text.STM_EVAL_LEDInit) refers to stm32f4xx_rcc.o(.text.RCC_AHB1PeriphClockCmd) for RCC_AHB1PeriphClockCmd
    stm32f429i_discovery.o(.text.STM_EVAL_LEDInit) refers to stm32f429i_discovery.o(.rodata.GPIO_PIN) for GPIO_PIN
    stm32f429i_discovery.o(.text.STM_EVAL_LEDInit) refers to stm32f429i_discovery.o(.data.GPIO_PORT) for GPIO_PORT
    stm32f429i_discovery.o(.text.STM_EVAL_LEDInit) refers to stm32f4xx_gpio.o(.text.GPIO_Init) for GPIO_Init
    stm32f429i_discovery.o(.ARM.exidx.text.STM_EVAL_LEDInit) refers to stm32f429i_discovery.o(.text.STM_EVAL_LEDInit) for [Anonymous Symbol]
    stm32f429i_discovery.o(.text.STM_EVAL_LEDOn) refers to stm32f429i_discovery.o(.rodata.GPIO_PIN) for GPIO_PIN
    stm32f429i_discovery.o(.text.STM_EVAL_LEDOn) refers to stm32f429i_discovery.o(.data.GPIO_PORT) for GPIO_PORT
    stm32f429i_discovery.o(.ARM.exidx.text.STM_EVAL_LEDOn) refers to stm32f429i_discovery.o(.text.STM_EVAL_LEDOn) for [Anonymous Symbol]
    stm32f429i_discovery.o(.text.STM_EVAL_LEDOff) refers to stm32f429i_discovery.o(.rodata.GPIO_PIN) for GPIO_PIN
    stm32f429i_discovery.o(.text.STM_EVAL_LEDOff) refers to stm32f429i_discovery.o(.data.GPIO_PORT) for GPIO_PORT
    stm32f429i_discovery.o(.ARM.exidx.text.STM_EVAL_LEDOff) refers to stm32f429i_discovery.o(.text.STM_EVAL_LEDOff) for [Anonymous Symbol]
    stm32f429i_discovery.o(.text.STM_EVAL_LEDToggle) refers to stm32f429i_discovery.o(.data.GPIO_PORT) for GPIO_PORT
    stm32f429i_discovery.o(.text.STM_EVAL_LEDToggle) refers to stm32f429i_discovery.o(.rodata.GPIO_PIN) for GPIO_PIN
    stm32f429i_discovery.o(.ARM.exidx.text.STM_EVAL_LEDToggle) refers to stm32f429i_discovery.o(.text.STM_EVAL_LEDToggle) for [Anonymous Symbol]
    stm32f429i_discovery.o(.text.STM_EVAL_PBInit) refers to stm32f4xx_rcc.o(.text.RCC_AHB1PeriphClockCmd) for RCC_AHB1PeriphClockCmd
    stm32f429i_discovery.o(.text.STM_EVAL_PBInit) refers to stm32f4xx_rcc.o(.text.RCC_APB2PeriphClockCmd) for RCC_APB2PeriphClockCmd
    stm32f429i_discovery.o(.text.STM_EVAL_PBInit) refers to stm32f429i_discovery.o(.data.BUTTON_PORT) for BUTTON_PORT
    stm32f429i_discovery.o(.text.STM_EVAL_PBInit) refers to stm32f4xx_gpio.o(.text.GPIO_Init) for GPIO_Init
    stm32f429i_discovery.o(.text.STM_EVAL_PBInit) refers to stm32f4xx_syscfg.o(.text.SYSCFG_EXTILineConfig) for SYSCFG_EXTILineConfig
    stm32f429i_discovery.o(.text.STM_EVAL_PBInit) refers to stm32f4xx_exti.o(.text.EXTI_Init) for EXTI_Init
    stm32f429i_discovery.o(.text.STM_EVAL_PBInit) refers to misc.o(.text.NVIC_Init) for NVIC_Init
    stm32f429i_discovery.o(.ARM.exidx.text.STM_EVAL_PBInit) refers to stm32f429i_discovery.o(.text.STM_EVAL_PBInit) for [Anonymous Symbol]
    stm32f429i_discovery.o(.text.STM_EVAL_PBGetState) refers to stm32f429i_discovery.o(.data.BUTTON_PORT) for BUTTON_PORT
    stm32f429i_discovery.o(.text.STM_EVAL_PBGetState) refers to stm32f4xx_gpio.o(.text.GPIO_ReadInputDataBit) for GPIO_ReadInputDataBit
    stm32f429i_discovery.o(.ARM.exidx.text.STM_EVAL_PBGetState) refers to stm32f429i_discovery.o(.text.STM_EVAL_PBGetState) for [Anonymous Symbol]
    stm32f429i_discovery.o(.text.sEE_LowLevel_DeInit) refers to stm32f4xx_i2c.o(.text.I2C_Cmd) for I2C_Cmd
    stm32f429i_discovery.o(.text.sEE_LowLevel_DeInit) refers to stm32f4xx_i2c.o(.text.I2C_DeInit) for I2C_DeInit
[...]
    Removing stm32f4xx_dma.o(.text.DMA_PeriphIncOffsetSizeConfig), (18 bytes).
    Removing stm32f4xx_dma.o(.ARM.exidx.text.DMA_PeriphIncOffsetSizeConfig), (8 bytes).
    Removing stm32f4xx_dma.o(.text.DMA_FlowControllerConfig), (16 bytes).
    Removing stm32f4xx_dma.o(.ARM.exidx.text.DMA_FlowControllerConfig), (8 bytes).
    Removing stm32f4xx_dma.o(.text.DMA_SetCurrDataCounter), (4 bytes).
    Removing stm32f4xx_dma.o(.ARM.exidx.text.DMA_SetCurrDataCounter), (8 bytes).
    Removing stm32f4xx_dma.o(.text.DMA_GetCurrDataCounter), (6 bytes).
    Removing stm32f4xx_dma.o(.ARM.exidx.text.DMA_GetCurrDataCounter), (8 bytes).
    Removing stm32f4xx_dma.o(.text.DMA_DoubleBufferModeConfig), (20 bytes).
    Removing stm32f4xx_dma.o(.ARM.exidx.text.DMA_DoubleBufferModeConfig), (8 bytes).
    Removing stm32f4xx_dma.o(.text.DMA_DoubleBufferModeCmd), (18 bytes).
    Removing stm32f4xx_dma.o(.ARM.exidx.text.DMA_DoubleBufferModeCmd), (8 bytes).
    Removing stm32f4xx_dma.o(.text.DMA_MemoryTargetConfig), (12 bytes).
    Removing stm32f4xx_dma.o(.ARM.exidx.text.DMA_MemoryTargetConfig), (8 bytes).
    Removing stm32f4xx_dma.o(.text.DMA_GetCurrentMemoryTarget), (8 bytes).
    Removing stm32f4xx_dma.o(.ARM.exidx.text.DMA_GetCurrentMemoryTarget), (8 bytes).
    Removing stm32f4xx_dma.o(.text.DMA_GetCmdStatus), (8 bytes).
    Removing stm32f4xx_dma.o(.ARM.exidx.text.DMA_GetCmdStatus), (8 bytes).
    Removing stm32f4xx_dma.o(.text.DMA_GetFIFOStatus), (8 bytes).
    Removing stm32f4xx_dma.o(.ARM.exidx.text.DMA_GetFIFOStatus), (8 bytes).
    Removing stm32f4xx_dma.o(.text.DMA_GetFlagStatus), (68 bytes).
    Removing stm32f4xx_dma.o(.ARM.exidx.text.DMA_GetFlagStatus), (8 bytes).
    Removing stm32f4xx_dma.o(.text.DMA_ClearFlag), (62 bytes).
    Removing stm32f4xx_dma.o(.ARM.exidx.text.DMA_ClearFlag), (8 bytes).
    Removing stm32f4xx_dma.o(.text.DMA_ITConfig), (68 bytes).
    Removing stm32f4xx_dma.o(.ARM.exidx.text.DMA_ITConfig), (8 bytes).
    Removing stm32f4xx_dma.o(.text.DMA_GetITStatus), (104 bytes).
    Removing stm32f4xx_dma.o(.ARM.exidx.text.DMA_GetITStatus), (8 bytes).
    Removing stm32f4xx_dma.o(.text.DMA_ClearITPendingBit), (62 bytes).
    Removing stm32f4xx_dma.o(.ARM.exidx.text.DMA_ClearITPendingBit), (8 bytes).
    Removing stm32f4xx_dma2d.o(.text), (0 bytes).
    Removing stm32f4xx_dma2d.o(.text.DMA2D_DeInit), (26 bytes).
    Removing stm32f4xx_dma2d.o(.ARM.exidx.text.DMA2D_DeInit), (8 bytes).
    Removing stm32f4xx_dma2d.o(.text.DMA2D_Init), (244 bytes).
    Removing stm32f4xx_dma2d.o(.ARM.exidx.text.DMA2D_Init), (8 bytes).
    Removing stm32f4xx_dma2d.o(.text.DMA2D_StructInit), (10 bytes).
    Removing stm32f4xx_dma2d.o(.ARM.exidx.text.DMA2D_StructInit), (8 bytes).
    Removing stm32f4xx_dma2d.o(.text.DMA2D_StartTransfer), (18 bytes).
    Removing stm32f4xx_dma2d.o(.ARM.exidx.text.DMA2D_StartTransfer), (8 bytes).
    Removing stm32f4xx_dma2d.o(.text.DMA2D_AbortTransfer), (18 bytes).
    Removing stm32f4xx_dma2d.o(.ARM.exidx.text.DMA2D_AbortTransfer), (8 bytes).
    Removing stm32f4xx_dma2d.o(.text.DMA2D_Suspend), (24 bytes).
    Removing stm32f4xx_dma2d.o(.ARM.exidx.text.DMA2D_Suspend), (8 bytes).
    Removing stm32f4xx_dma2d.o(.text.DMA2D_FGConfig), (110 bytes).
    Removing stm32f4xx_dma2d.o(.ARM.exidx.text.DMA2D_FGConfig), (8 bytes).
    Removing stm32f4xx_dma2d.o(.text.DMA2D_FG_StructInit), (10 bytes).
    Removing stm32f4xx_dma2d.o(.ARM.exidx.text.DMA2D_FG_StructInit), (8 bytes).
    Removing stm32f4xx_dma2d.o(.text.DMA2D_BGConfig), (110 bytes).
    Removing stm32f4xx_dma2d.o(.ARM.exidx.text.DMA2D_BGConfig), (8 bytes).
    Removing stm32f4xx_dma2d.o(.text.DMA2D_BG_StructInit), (10 bytes).
    Removing stm32f4xx_dma2d.o(.ARM.exidx.text.DMA2D_BG_StructInit), (8 bytes).
    Removing stm32f4xx_dma2d.o(.text.DMA2D_FGStart), (24 bytes).
    Removing stm32f4xx_dma2d.o(.ARM.exidx.text.DMA2D_FGStart), (8 bytes).
    Removing stm32f4xx_dma2d.o(.text.DMA2D_BGStart), (24 bytes).
    Removing stm32f4xx_dma2d.o(.ARM.exidx.text.DMA2D_BGStart), (8 bytes).
    Removing stm32f4xx_dma2d.o(.text.DMA2D_DeadTimeConfig), (44 bytes).
    Removing stm32f4xx_dma2d.o(.ARM.exidx.text.DMA2D_DeadTimeConfig), (8 bytes).
    Removing stm32f4xx_dma2d.o(.text.DMA2D_LineWatermarkConfig), (12 bytes).
    Removing stm32f4xx_dma2d.o(.ARM.exidx.text.DMA2D_LineWatermarkConfig), (8 bytes).
    Removing stm32f4xx_dma2d.o(.text.DMA2D_ITConfig), (24 bytes).
    Removing stm32f4xx_dma2d.o(.ARM.exidx.text.DMA2D_ITConfig), (8 bytes).
    Removing stm32f4xx_dma2d.o(.text.DMA2D_GetFlagStatus), (18 bytes).
    Removing stm32f4xx_dma2d.o(.ARM.exidx.text.DMA2D_GetFlagStatus), (8 bytes).
    Removing stm32f4xx_dma2d.o(.text.DMA2D_ClearFlag), (12 bytes).
    Removing stm32f4xx_dma2d.o(.ARM.exidx.text.DMA2D_ClearFlag), (8 bytes).
    Removing stm32f4xx_dma2d.o(.text.DMA2D_GetITStatus), (32 bytes).
    Removing stm32f4xx_dma2d.o(.ARM.exidx.text.DMA2D_GetITStatus), (8 bytes).
    Removing stm32f4xx_dma2d.o(.text.DMA2D_ClearITPendingBit), (14 bytes).
    Removing stm32f4xx_dma2d.o(.ARM.exidx.text.DMA2D_ClearITPendingBit), (8 bytes).
    Removing stm32f4xx_fmc.o(.text), (0 bytes).
    Removing stm32f4xx_fmc.o(.text.FMC_NORSRAMDeInit), (50 bytes).
    Removing stm32f4xx_fmc.o(.ARM.exidx.text.FMC_NORSRAMDeInit), (8 bytes).
    Removing stm32f4xx_fmc.o(.text.FMC_NORSRAMInit), (292 bytes).
    Removing stm32f4xx_fmc.o(.ARM.exidx.text.FMC_NORSRAMInit), (8 bytes).
    Removing stm32f4xx_fmc.o(.text.FMC_NORSRAMStructInit), (56 bytes).
    Removing stm32f4xx_fmc.o(.ARM.exidx.text.FMC_NORSRAMStructInit), (8 bytes).
    Removing stm32f4xx_fmc.o(.text.FMC_NORSRAMCmd), (36 bytes).
    Removing stm32f4xx_fmc.o(.ARM.exidx.text.FMC_NORSRAMCmd), (8 bytes).
    Removing stm32f4xx_fmc.o(.text.FMC_NANDDeInit), (58 bytes).
    Removing stm32f4xx_fmc.o(.ARM.exidx.text.FMC_NANDDeInit), (8 bytes).
    Removing stm32f4xx_fmc.o(.text.FMC_NANDInit), (176 bytes).
    Removing stm32f4xx_fmc.o(.ARM.exidx.text.FMC_NANDInit), (8 bytes).
    Removing stm32f4xx_fmc.o(.text.FMC_NANDStructInit), (42 bytes).
    Removing stm32f4xx_fmc.o(.ARM.exidx.text.FMC_NANDStructInit), (8 bytes).
    Removing stm32f4xx_fmc.o(.text.FMC_NANDCmd), (72 bytes).
    Removing stm32f4xx_fmc.o(.ARM.exidx.text.FMC_NANDCmd), (8 bytes).
    Removing stm32f4xx_fmc.o(.text.FMC_NANDECCCmd), (72 bytes).
    Removing stm32f4xx_fmc.o(.ARM.exidx.text.FMC_NANDECCCmd), (8 bytes).
    Removing stm32f4xx_fmc.o(.text.FMC_GetECC), (22 bytes).
    Removing stm32f4xx_fmc.o(.ARM.exidx.text.FMC_GetECC), (8 bytes).
    Removing stm32f4xx_fmc.o(.text.FMC_PCCARDDeInit), (26 bytes).
    Removing stm32f4xx_fmc.o(.ARM.exidx.text.FMC_PCCARDDeInit), (8 bytes).
    Removing stm32f4xx_fmc.o(.text.FMC_PCCARDInit), (134 bytes).
    Removing stm32f4xx_fmc.o(.ARM.exidx.text.FMC_PCCARDInit), (8 bytes).
    Removing stm32f4xx_fmc.o(.text.FMC_PCCARDStructInit), (42 bytes).
    Removing stm32f4xx_fmc.o(.ARM.exidx.text.FMC_PCCARDStructInit), (8 bytes).
    Removing stm32f4xx_fmc.o(.text.FMC_PCCARDCmd), (32 bytes).
    Removing stm32f4xx_fmc.o(.ARM.exidx.text.FMC_PCCARDCmd), (8 bytes).
    Removing stm32f4xx_fmc.o(.text.FMC_SDRAMDeInit), (36 bytes).
    Removing stm32f4xx_fmc.o(.ARM.exidx.text.FMC_SDRAMDeInit), (8 bytes).
    Removing stm32f4xx_fmc.o(.ARM.exidx.text.FMC_SDRAMInit), (8 bytes).
    Removing stm32f4xx_fmc.o(.text.FMC_SDRAMStructInit), (52 bytes).
    Removing stm32f4xx_fmc.o(.ARM.exidx.text.FMC_SDRAMStructInit), (8 bytes).
    Removing stm32f4xx_fmc.o(.ARM.exidx.text.FMC_SDRAMCmdConfig), (8 bytes).
    Removing stm32f4xx_fmc.o(.text.FMC_GetModeStatus), (22 bytes).
    Removing stm32f4xx_fmc.o(.ARM.exidx.text.FMC_GetModeStatus), (8 bytes).
    Removing stm32f4xx_fmc.o(.ARM.exidx.text.FMC_SetRefreshCount), (8 bytes).
    Removing stm32f4xx_fmc.o(.text.FMC_SetAutoRefresh_Number), (18 bytes).
    Removing stm32f4xx_fmc.o(.ARM.exidx.text.FMC_SetAutoRefresh_Number), (8 bytes).
    Removing stm32f4xx_fmc.o(.text.FMC_SDRAMWriteProtectionConfig), (36 bytes).
    Removing stm32f4xx_fmc.o(.ARM.exidx.text.FMC_SDRAMWriteProtectionConfig), (8 bytes).
    Removing stm32f4xx_fmc.o(.text.FMC_ITConfig), (144 bytes).
    Removing stm32f4xx_fmc.o(.ARM.exidx.text.FMC_ITConfig), (8 bytes).
    Removing stm32f4xx_fmc.o(.ARM.exidx.text.FMC_GetFlagStatus), (8 bytes).
    Removing stm32f4xx_fmc.o(.text.FMC_ClearFlag), (46 bytes).
    Removing stm32f4xx_fmc.o(.ARM.exidx.text.FMC_ClearFlag), (8 bytes).
    Removing stm32f4xx_fmc.o(.text.FMC_GetITStatus), (90 bytes).
    Removing stm32f4xx_fmc.o(.ARM.exidx.text.FMC_GetITStatus), (8 bytes).
    Removing stm32f4xx_fmc.o(.text.FMC_ClearITPendingBit), (84 bytes).
    Removing stm32f4xx_fmc.o(.ARM.exidx.text.FMC_ClearITPendingBit), (8 bytes).
    Removing stm32f4xx_fmc.o(.rodata.FMC_DefaultTimingStruct), (28 bytes).
    Removing stm32f4xx_gpio.o(.text), (0 bytes).
    Removing stm32f4xx_gpio.o(.text.GPIO_DeInit), (92 bytes).
    Removing stm32f4xx_gpio.o(.ARM.exidx.text.GPIO_DeInit), (8 bytes).
    Removing stm32f4xx_gpio.o(.ARM.exidx.text.GPIO_Init), (8 bytes).
    Removing stm32f4xx_gpio.o(.text.GPIO_StructInit), (12 bytes).
    Removing stm32f4xx_gpio.o(.ARM.exidx.text.GPIO_StructInit), (8 bytes).
    Removing stm32f4xx_gpio.o(.text.GPIO_PinLockConfig), (36 bytes).
    Removing stm32f4xx_gpio.o(.ARM.exidx.text.GPIO_PinLockConfig), (8 bytes).
    Removing stm32f4xx_gpio.o(.text.GPIO_ReadInputDataBit), (10 bytes).
    Removing stm32f4xx_gpio.o(.ARM.exidx.text.GPIO_ReadInputDataBit), (8 bytes).
    Removing stm32f4xx_gpio.o(.text.GPIO_ReadInputData), (6 bytes).
    Removing stm32f4xx_gpio.o(.ARM.exidx.text.GPIO_ReadInputData), (8 bytes).
    Removing stm32f4xx_gpio.o(.text.GPIO_ReadOutputDataBit), (10 bytes).
    Removing stm32f4xx_gpio.o(.ARM.exidx.text.GPIO_ReadOutputDataBit), (8 bytes).
    Removing stm32f4xx_gpio.o(.text.GPIO_ReadOutputData), (6 bytes).
    Removing stm32f4xx_gpio.o(.ARM.exidx.text.GPIO_ReadOutputData), (8 bytes).
    Removing stm32f4xx_gpio.o(.ARM.exidx.text.GPIO_SetBits), (8 bytes).
    Removing stm32f4xx_gpio.o(.ARM.exidx.text.GPIO_ResetBits), (8 bytes).
    Removing stm32f4xx_gpio.o(.ARM.exidx.text.GPIO_WriteBit), (8 bytes).
    Removing stm32f4xx_gpio.o(.text.GPIO_Write), (4 bytes).
    Removing stm32f4xx_gpio.o(.ARM.exidx.text.GPIO_Write), (8 bytes).
    Removing stm32f4xx_gpio.o(.text.GPIO_ToggleBits), (8 bytes).
    Removing stm32f4xx_gpio.o(.ARM.exidx.text.GPIO_ToggleBits), (8 bytes).
    Removing stm32f4xx_gpio.o(.ARM.exidx.text.GPIO_PinAFConfig), (8 bytes).
    Removing stm32f4xx_ltdc.o(.text), (0 bytes).
    Removing stm32f4xx_ltdc.o(.text.LTDC_DeInit), (26 bytes).
    Removing stm32f4xx_ltdc.o(.ARM.exidx.text.LTDC_DeInit), (8 bytes).
    Removing stm32f4xx_ltdc.o(.ARM.exidx.text.LTDC_Init), (8 bytes).
    Removing stm32f4xx_ltdc.o(.text.LTDC_StructInit), (10 bytes).
    Removing stm32f4xx_ltdc.o(.ARM.exidx.text.LTDC_StructInit), (8 bytes).
    Removing stm32f4xx_ltdc.o(.ARM.exidx.text.LTDC_Cmd), (8 bytes).
    Removing stm32f4xx_ltdc.o(.ARM.exidx.text.LTDC_DitherCmd), (8 bytes).
    Removing stm32f4xx_ltdc.o(.text.LTDC_GetRGBWidth), (48 bytes).
    Removing stm32f4xx_ltdc.o(.ARM.exidx.text.LTDC_GetRGBWidth), (8 bytes).
    Removing stm32f4xx_ltdc.o(.text.LTDC_RGBStructInit), (10 bytes).
    Removing stm32f4xx_ltdc.o(.ARM.exidx.text.LTDC_RGBStructInit), (8 bytes).
    Removing stm32f4xx_ltdc.o(.text.LTDC_LIPConfig), (12 bytes).
    Removing stm32f4xx_ltdc.o(.ARM.exidx.text.LTDC_LIPConfig), (8 bytes).
    Removing stm32f4xx_ltdc.o(.ARM.exidx.text.LTDC_ReloadConfig), (8 bytes).
    Removing stm32f4xx_ltdc.o(.ARM.exidx.text.LTDC_LayerInit), (8 bytes).
    Removing stm32f4xx_ltdc.o(.text.LTDC_LayerStructInit), (44 bytes).
    Removing stm32f4xx_ltdc.o(.ARM.exidx.text.LTDC_LayerStructInit), (8 bytes).
    Removing stm32f4xx_ltdc.o(.ARM.exidx.text.LTDC_LayerCmd), (8 bytes).
    Removing stm32f4xx_ltdc.o(.text.LTDC_GetPosStatus), (28 bytes).
    Removing stm32f4xx_ltdc.o(.ARM.exidx.text.LTDC_GetPosStatus), (8 bytes).
    Removing stm32f4xx_ltdc.o(.text.LTDC_PosStructInit), (8 bytes).
    Removing stm32f4xx_ltdc.o(.ARM.exidx.text.LTDC_PosStructInit), (8 bytes).
    Removing stm32f4xx_ltdc.o(.text.LTDC_GetCDStatus), (18 bytes).
    Removing stm32f4xx_ltdc.o(.ARM.exidx.text.LTDC_GetCDStatus), (8 bytes).
    Removing stm32f4xx_ltdc.o(.text.LTDC_ColorKeyingConfig), (64 bytes).
    Removing stm32f4xx_ltdc.o(.ARM.exidx.text.LTDC_ColorKeyingConfig), (8 bytes).
    Removing stm32f4xx_ltdc.o(.text.LTDC_ColorKeyingStructInit), (10 bytes).
    Removing stm32f4xx_ltdc.o(.ARM.exidx.text.LTDC_ColorKeyingStructInit), (8 bytes).
    Removing stm32f4xx_ltdc.o(.text.LTDC_CLUTCmd), (28 bytes).
    Removing stm32f4xx_ltdc.o(.ARM.exidx.text.LTDC_CLUTCmd), (8 bytes).
    Removing stm32f4xx_ltdc.o(.text.LTDC_CLUTInit), (24 bytes).
    Removing stm32f4xx_ltdc.o(.ARM.exidx.text.LTDC_CLUTInit), (8 bytes).
    Removing stm32f4xx_ltdc.o(.text.LTDC_CLUTStructInit), (12 bytes).
    Removing stm32f4xx_ltdc.o(.ARM.exidx.text.LTDC_CLUTStructInit), (8 bytes).
    Removing stm32f4xx_ltdc.o(.text.LTDC_LayerPosition), (116 bytes).
    Removing stm32f4xx_ltdc.o(.ARM.exidx.text.LTDC_LayerPosition), (8 bytes).
    Removing stm32f4xx_ltdc.o(.ARM.exidx.text.LTDC_LayerAlpha), (8 bytes).
    Removing stm32f4xx_ltdc.o(.text.LTDC_LayerAddress), (4 bytes).
    Removing stm32f4xx_ltdc.o(.ARM.exidx.text.LTDC_LayerAddress), (8 bytes).
    Removing stm32f4xx_ltdc.o(.text.LTDC_LayerSize), (88 bytes).
    Removing stm32f4xx_ltdc.o(.ARM.exidx.text.LTDC_LayerSize), (8 bytes).
    Removing stm32f4xx_ltdc.o(.text.LTDC_LayerPixelFormat), (76 bytes).
    Removing stm32f4xx_ltdc.o(.ARM.exidx.text.LTDC_LayerPixelFormat), (8 bytes).
    Removing stm32f4xx_ltdc.o(.text.LTDC_ITConfig), (24 bytes).
    Removing stm32f4xx_ltdc.o(.ARM.exidx.text.LTDC_ITConfig), (8 bytes).
    Removing stm32f4xx_ltdc.o(.text.LTDC_GetFlagStatus), (18 bytes).
    Removing stm32f4xx_ltdc.o(.ARM.exidx.text.LTDC_GetFlagStatus), (8 bytes).
    Removing stm32f4xx_ltdc.o(.text.LTDC_ClearFlag), (12 bytes).
    Removing stm32f4xx_ltdc.o(.ARM.exidx.text.LTDC_ClearFlag), (8 bytes).
    Removing stm32f4xx_ltdc.o(.text.LTDC_GetITStatus), (28 bytes).
    Removing stm32f4xx_ltdc.o(.ARM.exidx.text.LTDC_GetITStatus), (8 bytes).
    Removing stm32f4xx_ltdc.o(.text.LTDC_ClearITPendingBit), (12 bytes).
    Removing stm32f4xx_ltdc.o(.ARM.exidx.text.LTDC_ClearITPendingBit), (8 bytes).
    Removing stm32f4xx_ltdc.o(.rodata.cst32), (32 bytes).
    Removing stm32f4xx_rcc.o(.text), (0 bytes).
    Removing stm32f4xx_rcc.o(.text.RCC_DeInit), (80 bytes).
    Removing stm32f4xx_rcc.o(.ARM.exidx.text.RCC_DeInit), (8 bytes).
    Removing stm32f4xx_rcc.o(.text.RCC_HSEConfig), (16 bytes).
    Removing stm32f4xx_rcc.o(.ARM.exidx.text.RCC_HSEConfig), (8 bytes).
    Removing stm32f4xx_rcc.o(.text.RCC_WaitForHSEStartUp), (114 bytes).
    Removing stm32f4xx_rcc.o(.ARM.exidx.text.RCC_WaitForHSEStartUp), (8 bytes).
    Removing stm32f4xx_rcc.o(.ARM.exidx.text.RCC_GetFlagStatus), (8 bytes).
    Removing stm32f4xx_rcc.o(.text.RCC_AdjustHSICalibrationValue), (22 bytes).
    Removing stm32f4xx_rcc.o(.ARM.exidx.text.RCC_AdjustHSICalibrationValue), (8 bytes).
    Removing stm32f4xx_rcc.o(.text.RCC_HSICmd), (10 bytes).
    Removing stm32f4xx_rcc.o(.ARM.exidx.text.RCC_HSICmd), (8 bytes).
    Removing stm32f4xx_rcc.o(.text.RCC_LSEConfig), (38 bytes).
    Removing stm32f4xx_rcc.o(.ARM.exidx.text.RCC_LSEConfig), (8 bytes).
    Removing stm32f4xx_rcc.o(.text.RCC_LSICmd), (12 bytes).
    Removing stm32f4xx_rcc.o(.ARM.exidx.text.RCC_LSICmd), (8 bytes).
    Removing stm32f4xx_rcc.o(.text.RCC_PLLConfig), (46 bytes).
    Removing stm32f4xx_rcc.o(.ARM.exidx.text.RCC_PLLConfig), (8 bytes).
    Removing stm32f4xx_rcc.o(.text.RCC_PLLCmd), (10 bytes).
    Removing stm32f4xx_rcc.o(.ARM.exidx.text.RCC_PLLCmd), (8 bytes).
    Removing stm32f4xx_rcc.o(.text.RCC_PLLI2SConfig), (22 bytes).
    Removing stm32f4xx_rcc.o(.ARM.exidx.text.RCC_PLLI2SConfig), (8 bytes).
    Removing stm32f4xx_rcc.o(.text.RCC_PLLI2SCmd), (10 bytes).
    Removing stm32f4xx_rcc.o(.ARM.exidx.text.RCC_PLLI2SCmd), (8 bytes).
    Removing stm32f4xx_rcc.o(.ARM.exidx.text.RCC_PLLSAIConfig), (8 bytes).
    Removing stm32f4xx_rcc.o(.ARM.exidx.text.RCC_PLLSAICmd), (8 bytes).
    Removing stm32f4xx_rcc.o(.text.RCC_ClockSecuritySystemCmd), (10 bytes).
    Removing stm32f4xx_rcc.o(.ARM.exidx.text.RCC_ClockSecuritySystemCmd), (8 bytes).
    Removing stm32f4xx_rcc.o(.text.RCC_MCO1Config), (22 bytes).
    Removing stm32f4xx_rcc.o(.ARM.exidx.text.RCC_MCO1Config), (8 bytes).
    Removing stm32f4xx_rcc.o(.text.RCC_MCO2Config), (22 bytes).
    Removing stm32f4xx_rcc.o(.ARM.exidx.text.RCC_MCO2Config), (8 bytes).
    Removing stm32f4xx_rcc.o(.text.RCC_SYSCLKConfig), (20 bytes).
    Removing stm32f4xx_rcc.o(.ARM.exidx.text.RCC_SYSCLKConfig), (8 bytes).
    Removing stm32f4xx_rcc.o(.text.RCC_GetSYSCLKSource), (16 bytes).
    Removing stm32f4xx_rcc.o(.ARM.exidx.text.RCC_GetSYSCLKSource), (8 bytes).
    Removing stm32f4xx_rcc.o(.text.RCC_HCLKConfig), (20 bytes).
    Removing stm32f4xx_rcc.o(.ARM.exidx.text.RCC_HCLKConfig), (8 bytes).
    Removing stm32f4xx_rcc.o(.text.RCC_PCLK1Config), (20 bytes).
    Removing stm32f4xx_rcc.o(.ARM.exidx.text.RCC_PCLK1Config), (8 bytes).
    Removing stm32f4xx_rcc.o(.text.RCC_PCLK2Config), (22 bytes).
    Removing stm32f4xx_rcc.o(.ARM.exidx.text.RCC_PCLK2Config), (8 bytes).
    Removing stm32f4xx_rcc.o(.text.RCC_GetClocksFreq), (152 bytes).
    Removing stm32f4xx_rcc.o(.ARM.exidx.text.RCC_GetClocksFreq), (8 bytes).
    Removing stm32f4xx_rcc.o(.text.RCC_RTCCLKConfig), (50 bytes).
    Removing stm32f4xx_rcc.o(.ARM.exidx.text.RCC_RTCCLKConfig), (8 bytes).
    Removing stm32f4xx_rcc.o(.text.RCC_RTCCLKCmd), (12 bytes).
    Removing stm32f4xx_rcc.o(.ARM.exidx.text.RCC_RTCCLKCmd), (8 bytes).
    Removing stm32f4xx_rcc.o(.text.RCC_BackupResetCmd), (12 bytes).
    Removing stm32f4xx_rcc.o(.ARM.exidx.text.RCC_BackupResetCmd), (8 bytes).
    Removing stm32f4xx_rcc.o(.text.RCC_I2SCLKConfig), (12 bytes).
    Removing stm32f4xx_rcc.o(.ARM.exidx.text.RCC_I2SCLKConfig), (8 bytes).
    Removing stm32f4xx_rcc.o(.text.RCC_SAIBlockACLKConfig), (20 bytes).
    Removing stm32f4xx_rcc.o(.ARM.exidx.text.RCC_SAIBlockACLKConfig), (8 bytes).
    Removing stm32f4xx_rcc.o(.text.RCC_SAIBlockBCLKConfig), (20 bytes).
    Removing stm32f4xx_rcc.o(.ARM.exidx.text.RCC_SAIBlockBCLKConfig), (8 bytes).
    Removing stm32f4xx_rcc.o(.text.RCC_SAIPLLI2SClkDivConfig), (22 bytes).
    Removing stm32f4xx_rcc.o(.ARM.exidx.text.RCC_SAIPLLI2SClkDivConfig), (8 bytes).
    Removing stm32f4xx_rcc.o(.text.RCC_SAIPLLSAIClkDivConfig), (28 bytes).
    Removing stm32f4xx_rcc.o(.ARM.exidx.text.RCC_SAIPLLSAIClkDivConfig), (8 bytes).
    Removing stm32f4xx_rcc.o(.ARM.exidx.text.RCC_LTDCCLKDivConfig), (8 bytes).
    Removing stm32f4xx_rcc.o(.text.RCC_TIMCLKPresConfig), (12 bytes).
    Removing stm32f4xx_rcc.o(.ARM.exidx.text.RCC_TIMCLKPresConfig), (8 bytes).
    Removing stm32f4xx_rcc.o(.ARM.exidx.text.RCC_AHB1PeriphClockCmd), (8 bytes).
    Removing stm32f4xx_rcc.o(.text.RCC_AHB2PeriphClockCmd), (24 bytes).
    Removing stm32f4xx_rcc.o(.ARM.exidx.text.RCC_AHB2PeriphClockCmd), (8 bytes).
    Removing stm32f4xx_rcc.o(.ARM.exidx.text.RCC_AHB3PeriphClockCmd), (8 bytes).
    Removing stm32f4xx_rcc.o(.text.RCC_APB1PeriphClockCmd), (24 bytes).
    Removing stm32f4xx_rcc.o(.ARM.exidx.text.RCC_APB1PeriphClockCmd), (8 bytes).
    Removing stm32f4xx_rcc.o(.ARM.exidx.text.RCC_APB2PeriphClockCmd), (8 bytes).
    Removing stm32f4xx_rcc.o(.text.RCC_AHB1PeriphResetCmd), (24 bytes).
    Removing stm32f4xx_rcc.o(.ARM.exidx.text.RCC_AHB1PeriphResetCmd), (8 bytes).
    Removing stm32f4xx_rcc.o(.text.RCC_AHB2PeriphResetCmd), (24 bytes).
    Removing stm32f4xx_rcc.o(.ARM.exidx.text.RCC_AHB2PeriphResetCmd), (8 bytes).
    Removing stm32f4xx_rcc.o(.text.RCC_AHB3PeriphResetCmd), (24 bytes).
    Removing stm32f4xx_rcc.o(.ARM.exidx.text.RCC_AHB3PeriphResetCmd), (8 bytes).
    Removing stm32f4xx_rcc.o(.ARM.exidx.text.RCC_APB1PeriphResetCmd), (8 bytes).
    Removing stm32f4xx_rcc.o(.ARM.exidx.text.RCC_APB2PeriphResetCmd), (8 bytes).
    Removing stm32f4xx_rcc.o(.text.RCC_AHB1PeriphClockLPModeCmd), (24 bytes).
    Removing stm32f4xx_rcc.o(.ARM.exidx.text.RCC_AHB1PeriphClockLPModeCmd), (8 bytes).
    Removing stm32f4xx_rcc.o(.text.RCC_AHB2PeriphClockLPModeCmd), (24 bytes).
    Removing stm32f4xx_rcc.o(.ARM.exidx.text.RCC_AHB2PeriphClockLPModeCmd), (8 bytes).
    Removing stm32f4xx_rcc.o(.text.RCC_AHB3PeriphClockLPModeCmd), (24 bytes).
    Removing stm32f4xx_rcc.o(.ARM.exidx.text.RCC_AHB3PeriphClockLPModeCmd), (8 bytes).
    Removing stm32f4xx_rcc.o(.text.RCC_APB1PeriphClockLPModeCmd), (24 bytes).
    Removing stm32f4xx_rcc.o(.ARM.exidx.text.RCC_APB1PeriphClockLPModeCmd), (8 bytes).
    Removing stm32f4xx_rcc.o(.text.RCC_APB2PeriphClockLPModeCmd), (24 bytes).
    Removing stm32f4xx_rcc.o(.ARM.exidx.text.RCC_APB2PeriphClockLPModeCmd), (8 bytes).
    Removing stm32f4xx_rcc.o(.text.RCC_LSEModeConfig), (24 bytes).
    Removing stm32f4xx_rcc.o(.ARM.exidx.text.RCC_LSEModeConfig), (8 bytes).
    Removing stm32f4xx_rcc.o(.text.RCC_ITConfig), (24 bytes).
    Removing stm32f4xx_rcc.o(.ARM.exidx.text.RCC_ITConfig), (8 bytes).
    Removing stm32f4xx_rcc.o(.text.RCC_ClearFlag), (18 bytes).
    Removing stm32f4xx_rcc.o(.ARM.exidx.text.RCC_ClearFlag), (8 bytes).
    Removing stm32f4xx_rcc.o(.text.RCC_GetITStatus), (18 bytes).
    Removing stm32f4xx_rcc.o(.ARM.exidx.text.RCC_GetITStatus), (8 bytes).
    Removing stm32f4xx_rcc.o(.text.RCC_ClearITPendingBit), (12 bytes).
    Removing stm32f4xx_rcc.o(.ARM.exidx.text.RCC_ClearITPendingBit), (8 bytes).
    Removing stm32f4xx_rcc.o(.rodata.APBAHBPrescTable), (16 bytes).
    Removing stm32f4xx_spi.o(.text), (0 bytes).
    Removing stm32f4xx_spi.o(.ARM.exidx.text.SPI_I2S_DeInit), (8 bytes).
    Removing stm32f4xx_spi.o(.ARM.exidx.text.SPI_Init), (8 bytes).
    Removing stm32f4xx_spi.o(.text.I2S_Init), (216 bytes).
    Removing stm32f4xx_spi.o(.ARM.exidx.text.I2S_Init), (8 bytes).
    Removing stm32f4xx_spi.o(.text.SPI_StructInit), (16 bytes).
    Removing stm32f4xx_spi.o(.ARM.exidx.text.SPI_StructInit), (8 bytes).
    Removing stm32f4xx_spi.o(.text.I2S_StructInit), (14 bytes).
    Removing stm32f4xx_spi.o(.ARM.exidx.text.I2S_StructInit), (8 bytes).
    Removing stm32f4xx_spi.o(.ARM.exidx.text.SPI_Cmd), (8 bytes).
    Removing stm32f4xx_spi.o(.text.I2S_Cmd), (20 bytes).
    Removing stm32f4xx_spi.o(.ARM.exidx.text.I2S_Cmd), (8 bytes).
    Removing stm32f4xx_spi.o(.text.SPI_DataSizeConfig), (16 bytes).
    Removing stm32f4xx_spi.o(.ARM.exidx.text.SPI_DataSizeConfig), (8 bytes).
    Removing stm32f4xx_spi.o(.text.SPI_BiDirectionalLineConfig), (24 bytes).
    Removing stm32f4xx_spi.o(.ARM.exidx.text.SPI_BiDirectionalLineConfig), (8 bytes).
    Removing stm32f4xx_spi.o(.text.SPI_NSSInternalSoftwareConfig), (24 bytes).
    Removing stm32f4xx_spi.o(.ARM.exidx.text.SPI_NSSInternalSoftwareConfig), (8 bytes).
    Removing stm32f4xx_spi.o(.text.SPI_SSOutputCmd), (20 bytes).
    Removing stm32f4xx_spi.o(.ARM.exidx.text.SPI_SSOutputCmd), (8 bytes).
    Removing stm32f4xx_spi.o(.text.SPI_TIModeCmd), (20 bytes).
    Removing stm32f4xx_spi.o(.ARM.exidx.text.SPI_TIModeCmd), (8 bytes).
    Removing stm32f4xx_spi.o(.text.I2S_FullDuplexConfig), (72 bytes).
    Removing stm32f4xx_spi.o(.ARM.exidx.text.I2S_FullDuplexConfig), (8 bytes).
    Removing stm32f4xx_spi.o(.text.SPI_I2S_ReceiveData), (4 bytes).
    Removing stm32f4xx_spi.o(.ARM.exidx.text.SPI_I2S_ReceiveData), (8 bytes).
    Removing stm32f4xx_spi.o(.ARM.exidx.text.SPI_I2S_SendData), (8 bytes).
    Removing stm32f4xx_spi.o(.text.SPI_CalculateCRC), (20 bytes).
    Removing stm32f4xx_spi.o(.ARM.exidx.text.SPI_CalculateCRC), (8 bytes).
    Removing stm32f4xx_spi.o(.text.SPI_TransmitCRC), (10 bytes).
    Removing stm32f4xx_spi.o(.ARM.exidx.text.SPI_TransmitCRC), (8 bytes).
    Removing stm32f4xx_spi.o(.text.SPI_GetCRC), (12 bytes).
    Removing stm32f4xx_spi.o(.ARM.exidx.text.SPI_GetCRC), (8 bytes).
    Removing stm32f4xx_spi.o(.text.SPI_GetCRCPolynomial), (4 bytes).
    Removing stm32f4xx_spi.o(.ARM.exidx.text.SPI_GetCRCPolynomial), (8 bytes).
    Removing stm32f4xx_spi.o(.text.SPI_I2S_DMACmd), (16 bytes).
    Removing stm32f4xx_spi.o(.ARM.exidx.text.SPI_I2S_DMACmd), (8 bytes).
    Removing stm32f4xx_spi.o(.text.SPI_I2S_ITConfig), (24 bytes).
    Removing stm32f4xx_spi.o(.ARM.exidx.text.SPI_I2S_ITConfig), (8 bytes).
    Removing stm32f4xx_spi.o(.ARM.exidx.text.SPI_I2S_GetFlagStatus), (8 bytes).
    Removing stm32f4xx_spi.o(.text.SPI_I2S_ClearFlag), (6 bytes).
    Removing stm32f4xx_spi.o(.ARM.exidx.text.SPI_I2S_ClearFlag), (8 bytes).
    Removing stm32f4xx_spi.o(.text.SPI_I2S_GetITStatus), (24 bytes).
    Removing stm32f4xx_spi.o(.ARM.exidx.text.SPI_I2S_GetITStatus), (8 bytes).
    Removing stm32f4xx_spi.o(.text.SPI_I2S_ClearITPendingBit), (16 bytes).
    Removing stm32f4xx_spi.o(.ARM.exidx.text.SPI_I2S_ClearITPendingBit), (8 bytes).
    Removing stm32f4xx_exti.o(.text), (0 bytes).
    Removing stm32f4xx_exti.o(.text.EXTI_DeInit), (30 bytes).
    Removing stm32f4xx_exti.o(.ARM.exidx.text.EXTI_DeInit), (8 bytes).
    Removing stm32f4xx_exti.o(.text.EXTI_Init), (106 bytes).
    Removing stm32f4xx_exti.o(.ARM.exidx.text.EXTI_Init), (8 bytes).
    Removing stm32f4xx_exti.o(.text.EXTI_StructInit), (14 bytes).
    Removing stm32f4xx_exti.o(.ARM.exidx.text.EXTI_StructInit), (8 bytes).
    Removing stm32f4xx_exti.o(.text.EXTI_GenerateSWInterrupt), (16 bytes).
    Removing stm32f4xx_exti.o(.ARM.exidx.text.EXTI_GenerateSWInterrupt), (8 bytes).
    Removing stm32f4xx_exti.o(.text.EXTI_GetFlagStatus), (18 bytes).
    Removing stm32f4xx_exti.o(.ARM.exidx.text.EXTI_GetFlagStatus), (8 bytes).
    Removing stm32f4xx_exti.o(.text.EXTI_ClearFlag), (12 bytes).
    Removing stm32f4xx_exti.o(.ARM.exidx.text.EXTI_ClearFlag), (8 bytes).
    Removing stm32f4xx_exti.o(.text.EXTI_GetITStatus), (18 bytes).
    Removing stm32f4xx_exti.o(.ARM.exidx.text.EXTI_GetITStatus), (8 bytes).
    Removing stm32f4xx_exti.o(.text.EXTI_ClearITPendingBit), (12 bytes).
    Removing stm32f4xx_exti.o(.ARM.exidx.text.EXTI_ClearITPendingBit), (8 bytes).
    Removing stm32f4xx_i2c.o(.text), (0 bytes).
    Removing stm32f4xx_i2c.o(.text.I2C_DeInit), (80 bytes).
    Removing stm32f4xx_i2c.o(.ARM.exidx.text.I2C_DeInit), (8 bytes).
    Removing stm32f4xx_i2c.o(.text.I2C_Init), (204 bytes).
    Removing stm32f4xx_i2c.o(.ARM.exidx.text.I2C_Init), (8 bytes).
    Removing stm32f4xx_i2c.o(.text.I2C_StructInit), (24 bytes).
    Removing stm32f4xx_i2c.o(.ARM.exidx.text.I2C_StructInit), (8 bytes).
    Removing stm32f4xx_i2c.o(.text.I2C_Cmd), (18 bytes).
    Removing stm32f4xx_i2c.o(.ARM.exidx.text.I2C_Cmd), (8 bytes).
    Removing stm32f4xx_i2c.o(.text.I2C_AnalogFilterCmd), (20 bytes).
    Removing stm32f4xx_i2c.o(.ARM.exidx.text.I2C_AnalogFilterCmd), (8 bytes).
    Removing stm32f4xx_i2c.o(.text.I2C_DigitalFilterConfig), (10 bytes).
    Removing stm32f4xx_i2c.o(.ARM.exidx.text.I2C_DigitalFilterConfig), (8 bytes).
    Removing stm32f4xx_i2c.o(.text.I2C_GenerateSTART), (20 bytes).
    Removing stm32f4xx_i2c.o(.ARM.exidx.text.I2C_GenerateSTART), (8 bytes).
    Removing stm32f4xx_i2c.o(.text.I2C_GenerateSTOP), (20 bytes).
    Removing stm32f4xx_i2c.o(.ARM.exidx.text.I2C_GenerateSTOP), (8 bytes).
    Removing stm32f4xx_i2c.o(.text.I2C_Send7bitAddress), (16 bytes).
    Removing stm32f4xx_i2c.o(.ARM.exidx.text.I2C_Send7bitAddress), (8 bytes).
    Removing stm32f4xx_i2c.o(.text.I2C_AcknowledgeConfig), (20 bytes).
    Removing stm32f4xx_i2c.o(.ARM.exidx.text.I2C_AcknowledgeConfig), (8 bytes).
    Removing stm32f4xx_i2c.o(.text.I2C_OwnAddress2Config), (12 bytes).
    Removing stm32f4xx_i2c.o(.ARM.exidx.text.I2C_OwnAddress2Config), (8 bytes).
    Removing stm32f4xx_i2c.o(.text.I2C_DualAddressCmd), (18 bytes).
    Removing stm32f4xx_i2c.o(.ARM.exidx.text.I2C_DualAddressCmd), (8 bytes).
    Removing stm32f4xx_i2c.o(.text.I2C_GeneralCallCmd), (20 bytes).
    Removing stm32f4xx_i2c.o(.ARM.exidx.text.I2C_GeneralCallCmd), (8 bytes).
    Removing stm32f4xx_i2c.o(.text.I2C_SoftwareResetCmd), (20 bytes).
    Removing stm32f4xx_i2c.o(.ARM.exidx.text.I2C_SoftwareResetCmd), (8 bytes).
    Removing stm32f4xx_i2c.o(.text.I2C_StretchClockCmd), (20 bytes).
    Removing stm32f4xx_i2c.o(.ARM.exidx.text.I2C_StretchClockCmd), (8 bytes).
    Removing stm32f4xx_i2c.o(.text.I2C_FastModeDutyCycleConfig), (24 bytes).
    Removing stm32f4xx_i2c.o(.ARM.exidx.text.I2C_FastModeDutyCycleConfig), (8 bytes).
    Removing stm32f4xx_i2c.o(.text.I2C_NACKPositionConfig), (24 bytes).
    Removing stm32f4xx_i2c.o(.ARM.exidx.text.I2C_NACKPositionConfig), (8 bytes).
    Removing stm32f4xx_i2c.o(.text.I2C_SMBusAlertConfig), (24 bytes).
    Removing stm32f4xx_i2c.o(.ARM.exidx.text.I2C_SMBusAlertConfig), (8 bytes).
    Removing stm32f4xx_i2c.o(.text.I2C_ARPCmd), (20 bytes).
    Removing stm32f4xx_i2c.o(.ARM.exidx.text.I2C_ARPCmd), (8 bytes).
    Removing stm32f4xx_i2c.o(.text.I2C_SendData), (4 bytes).
    Removing stm32f4xx_i2c.o(.ARM.exidx.text.I2C_SendData), (8 bytes).
    Removing stm32f4xx_i2c.o(.text.I2C_ReceiveData), (6 bytes).
    Removing stm32f4xx_i2c.o(.ARM.exidx.text.I2C_ReceiveData), (8 bytes).
    Removing stm32f4xx_i2c.o(.text.I2C_TransmitPEC), (20 bytes).
    Removing stm32f4xx_i2c.o(.ARM.exidx.text.I2C_TransmitPEC), (8 bytes).
    Removing stm32f4xx_i2c.o(.text.I2C_PECPositionConfig), (24 bytes).
    Removing stm32f4xx_i2c.o(.ARM.exidx.text.I2C_PECPositionConfig), (8 bytes).
    Removing stm32f4xx_i2c.o(.text.I2C_CalculatePEC), (20 bytes).
    Removing stm32f4xx_i2c.o(.ARM.exidx.text.I2C_CalculatePEC), (8 bytes).
    Removing stm32f4xx_i2c.o(.text.I2C_GetPEC), (6 bytes).
    Removing stm32f4xx_i2c.o(.ARM.exidx.text.I2C_GetPEC), (8 bytes).
    Removing stm32f4xx_i2c.o(.text.I2C_DMACmd), (20 bytes).
    Removing stm32f4xx_i2c.o(.ARM.exidx.text.I2C_DMACmd), (8 bytes).
    Removing stm32f4xx_i2c.o(.text.I2C_DMALastTransferCmd), (20 bytes).
    Removing stm32f4xx_i2c.o(.ARM.exidx.text.I2C_DMALastTransferCmd), (8 bytes).
    Removing stm32f4xx_i2c.o(.text.I2C_ReadRegister), (22 bytes).
    Removing stm32f4xx_i2c.o(.ARM.exidx.text.I2C_ReadRegister), (8 bytes).
    Removing stm32f4xx_i2c.o(.text.I2C_ITConfig), (16 bytes).
    Removing stm32f4xx_i2c.o(.ARM.exidx.text.I2C_ITConfig), (8 bytes).
    Removing stm32f4xx_i2c.o(.text.I2C_CheckEvent), (22 bytes).
    Removing stm32f4xx_i2c.o(.ARM.exidx.text.I2C_CheckEvent), (8 bytes).
    Removing stm32f4xx_i2c.o(.text.I2C_GetLastEvent), (12 bytes).
    Removing stm32f4xx_i2c.o(.ARM.exidx.text.I2C_GetLastEvent), (8 bytes).
    Removing stm32f4xx_i2c.o(.text.I2C_GetFlagStatus), (48 bytes).
    Removing stm32f4xx_i2c.o(.ARM.exidx.text.I2C_GetFlagStatus), (8 bytes).
    Removing stm32f4xx_i2c.o(.text.I2C_ClearFlag), (6 bytes).
    Removing stm32f4xx_i2c.o(.ARM.exidx.text.I2C_ClearFlag), (8 bytes).
    Removing stm32f4xx_i2c.o(.text.I2C_GetITStatus), (28 bytes).
    Removing stm32f4xx_i2c.o(.ARM.exidx.text.I2C_GetITStatus), (8 bytes).
    Removing stm32f4xx_i2c.o(.text.I2C_ClearITPendingBit), (6 bytes).
    Removing stm32f4xx_i2c.o(.ARM.exidx.text.I2C_ClearITPendingBit), (8 bytes).
    Removing stm32f4xx_syscfg.o(.text), (0 bytes).
    Removing stm32f4xx_syscfg.o(.text.SYSCFG_DeInit), (26 bytes).
    Removing stm32f4xx_syscfg.o(.ARM.exidx.text.SYSCFG_DeInit), (8 bytes).
    Removing stm32f4xx_syscfg.o(.text.SYSCFG_MemoryRemapConfig), (12 bytes).
    Removing stm32f4xx_syscfg.o(.ARM.exidx.text.SYSCFG_MemoryRemapConfig), (8 bytes).
    Removing stm32f4xx_syscfg.o(.text.SYSCFG_MemorySwappingBank), (10 bytes).
    Removing stm32f4xx_syscfg.o(.ARM.exidx.text.SYSCFG_MemorySwappingBank), (8 bytes).
    Removing stm32f4xx_syscfg.o(.text.SYSCFG_EXTILineConfig), (48 bytes).
    Removing stm32f4xx_syscfg.o(.ARM.exidx.text.SYSCFG_EXTILineConfig), (8 bytes).
    Removing stm32f4xx_syscfg.o(.text.SYSCFG_ETH_MediaInterfaceConfig), (10 bytes).
    Removing stm32f4xx_syscfg.o(.ARM.exidx.text.SYSCFG_ETH_MediaInterfaceConfig), (8 bytes).
    Removing stm32f4xx_syscfg.o(.text.SYSCFG_CompensationCellCmd), (12 bytes).
    Removing stm32f4xx_syscfg.o(.ARM.exidx.text.SYSCFG_CompensationCellCmd), (8 bytes).
    Removing stm32f4xx_syscfg.o(.text.SYSCFG_GetCompensationCellStatus), (16 bytes).
    Removing stm32f4xx_syscfg.o(.ARM.exidx.text.SYSCFG_GetCompensationCellStatus), (8 bytes).
    Removing main.o(.text), (0 bytes).
    Removing main.o(.ARM.exidx.text.main), (8 bytes).
    Removing main.o(.ARM.use_no_argv), (4 bytes).
    Removing stm32f4xx_it.o(.text), (0 bytes).
    Removing stm32f4xx_it.o(.ARM.exidx.text.NMI_Handler), (8 bytes).
    Removing stm32f4xx_it.o(.ARM.exidx.text.HardFault_Handler), (8 bytes).
    Removing stm32f4xx_it.o(.ARM.exidx.text.MemManage_Handler), (8 bytes).
    Removing stm32f4xx_it.o(.ARM.exidx.text.BusFault_Handler), (8 bytes).
    Removing stm32f4xx_it.o(.ARM.exidx.text.UsageFault_Handler), (8 bytes).
    Removing stm32f4xx_it.o(.ARM.exidx.text.SVC_Handler), (8 bytes).
    Removing stm32f4xx_it.o(.ARM.exidx.text.DebugMon_Handler), (8 bytes).
    Removing stm32f4xx_it.o(.ARM.exidx.text.PendSV_Handler), (8 bytes).
    Removing stm32f4xx_it.o(.ARM.exidx.text.SysTick_Handler), (8 bytes).
    Removing system_stm32f4xx.o(.text), (0 bytes).
    Removing system_stm32f4xx.o(.ARM.exidx.text.SystemInit), (8 bytes).
    Removing system_stm32f4xx.o(.text.SystemCoreClockUpdate), (124 bytes).
    Removing system_stm32f4xx.o(.ARM.exidx.text.SystemCoreClockUpdate), (8 bytes).
    Removing system_stm32f4xx.o(.data.SystemCoreClock), (4 bytes).
    Removing system_stm32f4xx.o(.rodata.AHBPrescTable), (16 bytes).
    Removing fdiv.o(.text), (124 bytes).
    Removing fflti.o(.text), (18 bytes).
    Removing ffixi.o(.text), (50 bytes).
    Removing fepilogue.o(.text), (110 bytes).
    Removing dadd.o(.text), (334 bytes).
    Removing dmul.o(.text), (228 bytes).
    Removing ddiv.o(.text), (222 bytes).
    Removing dfixul.o(.text), (48 bytes).
    Removing cdrcmple.o(.text), (48 bytes).
    Removing depilogue.o(.text), (186 bytes).

692 unused section(s) (total 27149 bytes) removed from the image.

==============================================================================

Image Symbol Table

    Local Symbols

    Symbol Name                              Value     Ov Type        Size  Object(Section)

    ../../../../Libraries/CMSIS/Device/ST/STM32F4xx/Source/Templates/arm/startup_stm32f429_439xx.s 0x00000000   Number         0  startup_stm32f429_439xx.o ABSOLUTE
    ../clib/division.s                       0x00000000   Number         0  aeabi_sdiv.o ABSOLUTE
    ../clib/microlib/division.c              0x00000000   Number         0  uidiv.o ABSOLUTE
    ../clib/microlib/division.c              0x00000000   Number         0  uldiv.o ABSOLUTE
    ../clib/microlib/init/entry.s            0x00000000   Number         0  entry.o ABSOLUTE
    ../clib/microlib/init/entry.s            0x00000000   Number         0  entry2.o ABSOLUTE
    ../clib/microlib/init/entry.s            0x00000000   Number         0  entry5.o ABSOLUTE
    ../clib/microlib/init/entry.s            0x00000000   Number         0  entry7a.o ABSOLUTE
    ../clib/microlib/init/entry.s            0x00000000   Number         0  entry7b.o ABSOLUTE
    ../clib/microlib/init/entry.s            0x00000000   Number         0  entry8a.o ABSOLUTE
    ../clib/microlib/init/entry.s            0x00000000   Number         0  entry8b.o ABSOLUTE
    ../clib/microlib/init/entry.s            0x00000000   Number         0  entry9a.o ABSOLUTE
    ../clib/microlib/init/entry.s            0x00000000   Number         0  entry9b.o ABSOLUTE
    ../clib/microlib/init/entry.s            0x00000000   Number         0  entry10a.o ABSOLUTE
    ../clib/microlib/init/entry.s            0x00000000   Number         0  entry10b.o ABSOLUTE
    ../clib/microlib/init/entry.s            0x00000000   Number         0  entry11a.o ABSOLUTE
    ../clib/microlib/init/entry.s            0x00000000   Number         0  entry11b.o ABSOLUTE
    ../clib/microlib/longlong.c              0x00000000   Number         0  llshl.o ABSOLUTE
    ../clib/microlib/longlong.c              0x00000000   Number         0  llushr.o ABSOLUTE
    ../clib/microlib/longlong.c              0x00000000   Number         0  llsshr.o ABSOLUTE
    ../clib/microlib/printf/printf.c         0x00000000   Number         0  printfb.o ABSOLUTE
    ../clib/microlib/printf/printf.c         0x00000000   Number         0  printf0.o ABSOLUTE
    ../clib/microlib/printf/printf.c         0x00000000   Number         0  printf1.o ABSOLUTE
    ../clib/microlib/printf/printf.c         0x00000000   Number         0  printf2.o ABSOLUTE
    ../clib/microlib/printf/printf.c         0x00000000   Number         0  printf3.o ABSOLUTE
    ../clib/microlib/printf/printf.c         0x00000000   Number         0  printf4.o ABSOLUTE
    ../clib/microlib/printf/printf.c         0x00000000   Number         0  printf5.o ABSOLUTE
    ../clib/microlib/printf/printf.c         0x00000000   Number         0  printf6.o ABSOLUTE
    ../clib/microlib/printf/printf.c         0x00000000   Number         0  printf7.o ABSOLUTE
    ../clib/microlib/printf/printf.c         0x00000000   Number         0  printf8.o ABSOLUTE
    ../clib/microlib/printf/printf.c         0x00000000   Number         0  printfa.o ABSOLUTE
    ../clib/microlib/printf/stubs.s          0x00000000   Number         0  printfstubs.o ABSOLUTE
    ../clib/microlib/stdio/fputc.c           0x00000000   Number         0  fputc.o ABSOLUTE
    ../clib/microlib/stdio/fputc.c           0x00000000   Number         0  fputc_h.o ABSOLUTE
    ../clib/microlib/stdio/semi.s            0x00000000   Number         0  semi.o ABSOLUTE
    ../clib/microlib/stdio/streams.c         0x00000000   Number         0  stdout.o ABSOLUTE
    ../clib/microlib/string/memset.c         0x00000000   Number         0  memseta.o ABSOLUTE
    ../clib/microlib/stubs.s                 0x00000000   Number         0  iusefp.o ABSOLUTE
    ../clib/microlib/stubs.s                 0x00000000   Number         0  iusesemip.o ABSOLUTE
    ../fplib/microlib/fpadd.c                0x00000000   Number         0  dadd.o ABSOLUTE
    ../fplib/microlib/fpdiv.c                0x00000000   Number         0  fdiv.o ABSOLUTE
    ../fplib/microlib/fpdiv.c                0x00000000   Number         0  ddiv.o ABSOLUTE
    ../fplib/microlib/fpepilogue.c           0x00000000   Number         0  fepilogue.o ABSOLUTE
    ../fplib/microlib/fpepilogue.c           0x00000000   Number         0  depilogue.o ABSOLUTE
    ../fplib/microlib/fpfix.c                0x00000000   Number         0  ffixi.o ABSOLUTE
    ../fplib/microlib/fpfix.c                0x00000000   Number         0  dfixul.o ABSOLUTE
    ../fplib/microlib/fpflt.c                0x00000000   Number         0  fflti.o ABSOLUTE
    ../fplib/microlib/fpmul.c                0x00000000   Number         0  dmul.o ABSOLUTE
    cdrcmple.s                               0x00000000   Number         0  cdrcmple.o ABSOLUTE
    dc.s                                     0x00000000   Number         0  dc.o ABSOLUTE
    handlers.s                               0x00000000   Number         0  handlers.o ABSOLUTE
    init.s                                   0x00000000   Number         0  init.o ABSOLUTE
    main.c                                   0x00000000   Number         0  main.o ABSOLUTE
    misc.c                                   0x00000000   Number         0  misc.o ABSOLUTE
    stm32f429i_discovery.c                   0x00000000   Number         0  stm32f429i_discovery.o ABSOLUTE
    stm32f429i_discovery_lcd.c               0x00000000   Number         0  stm32f429i_discovery_lcd.o ABSOLUTE
    stm32f429i_discovery_sdram.c             0x00000000   Number         0  stm32f429i_discovery_sdram.o ABSOLUTE
    stm32f4xx_adc.c                          0x00000000   Number         0  stm32f4xx_adc.o ABSOLUTE
    stm32f4xx_dma.c                          0x00000000   Number         0  stm32f4xx_dma.o ABSOLUTE
    stm32f4xx_dma2d.c                        0x00000000   Number         0  stm32f4xx_dma2d.o ABSOLUTE
    stm32f4xx_exti.c                         0x00000000   Number         0  stm32f4xx_exti.o ABSOLUTE
    stm32f4xx_fmc.c                          0x00000000   Number         0  stm32f4xx_fmc.o ABSOLUTE
    stm32f4xx_gpio.c                         0x00000000   Number         0  stm32f4xx_gpio.o ABSOLUTE
    stm32f4xx_i2c.c                          0x00000000   Number         0  stm32f4xx_i2c.o ABSOLUTE
    stm32f4xx_it.c                           0x00000000   Number         0  stm32f4xx_it.o ABSOLUTE
    stm32f4xx_ltdc.c                         0x00000000   Number         0  stm32f4xx_ltdc.o ABSOLUTE
    stm32f4xx_rcc.c                          0x00000000   Number         0  stm32f4xx_rcc.o ABSOLUTE
    stm32f4xx_spi.c                          0x00000000   Number         0  stm32f4xx_spi.o ABSOLUTE
    stm32f4xx_syscfg.c                       0x00000000   Number         0  stm32f4xx_syscfg.o ABSOLUTE
    system_stm32f4xx.c                       0x00000000   Number         0  system_stm32f4xx.o ABSOLUTE
    RESET                                    0x08000000   Section      428  startup_stm32f429_439xx.o(RESET)
    .ARM.Collect$$$$00000000                 0x080001ac   Section        0  entry.o(.ARM.Collect$$$$00000000)
    .ARM.Collect$$$$00000001                 0x080001ac   Section        4  entry2.o(.ARM.Collect$$$$00000001)
    .ARM.Collect$$$$00000004                 0x080001b0   Section        4  entry5.o(.ARM.Collect$$$$00000004)
    .ARM.Collect$$$$00000008                 0x080001b4   Section        0  entry7b.o(.ARM.Collect$$$$00000008)
    .ARM.Collect$$$$0000000A                 0x080001b4   Section        0  entry8b.o(.ARM.Collect$$$$0000000A)
    .ARM.Collect$$$$0000000B                 0x080001b4   Section        8  entry9a.o(.ARM.Collect$$$$0000000B)
    __lit__00000000                          0x080001bc   Data           4  entry2.o(.ARM.Collect$$$$00002712)
    .ARM.Collect$$$$0000000D                 0x080001bc   Section        0  entry10a.o(.ARM.Collect$$$$0000000D)
    .ARM.Collect$$$$0000000F                 0x080001bc   Section        0  entry11a.o(.ARM.Collect$$$$0000000F)
    .ARM.Collect$$$$00002712                 0x080001bc   Section        4  entry2.o(.ARM.Collect$$$$00002712)
    .text                                    0x080001c0   Section       36  startup_stm32f429_439xx.o(.text)
    .text                                    0x080001e4   Section        0  uidiv.o(.text)
    .text                                    0x08000210   Section       36  init.o(.text)
    [Anonymous Symbol]                       0x08000234   Section        0  stm32f4xx_adc.o(.text.ADC_Cmd)
    [Anonymous Symbol]                       0x08000244   Section        0  stm32f4xx_adc.o(.text.ADC_CommonInit)
    [Anonymous Symbol]                       0x08000278   Section        0  stm32f4xx_adc.o(.text.ADC_Init)
    [Anonymous Symbol]                       0x080002d0   Section        0  stm32f4xx_adc.o(.text.ADC_MultiModeDMARequestAfterLastTransferCmd)
    [Anonymous Symbol]                       0x080002ec   Section        0  stm32f4xx_adc.o(.text.ADC_RegularChannelConfig)
    [Anonymous Symbol]                       0x08000350   Section        0  stm32f4xx_adc.o(.text.ADC_SoftwareStartConv)
    [Anonymous Symbol]                       0x0800035c   Section        0  stm32f4xx_it.o(.text.BusFault_Handler)
    [Anonymous Symbol]                       0x08000360   Section        0  stm32f4xx_dma.o(.text.DMA_Cmd)
    [Anonymous Symbol]                       0x08000370   Section        0  stm32f4xx_dma.o(.text.DMA_Init)
    [Anonymous Symbol]                       0x080003d8   Section        0  stm32f4xx_it.o(.text.DebugMon_Handler)
    [Anonymous Symbol]                       0x080003dc   Section        0  stm32f4xx_fmc.o(.text.FMC_GetFlagStatus)
    [Anonymous Symbol]                       0x08000408   Section        0  stm32f4xx_fmc.o(.text.FMC_SDRAMCmdConfig)
    [Anonymous Symbol]                       0x0800042c   Section        0  stm32f4xx_fmc.o(.text.FMC_SDRAMInit)
    [Anonymous Symbol]                       0x08000578   Section        0  stm32f4xx_fmc.o(.text.FMC_SetRefreshCount)
    [Anonymous Symbol]                       0x0800058c   Section        0  stm32f4xx_gpio.o(.text.GPIO_Init)
    [Anonymous Symbol]                       0x0800068c   Section        0  stm32f4xx_gpio.o(.text.GPIO_PinAFConfig)
    [Anonymous Symbol]                       0x080006b4   Section        0  stm32f4xx_gpio.o(.text.GPIO_ResetBits)
    [Anonymous Symbol]                       0x080006b8   Section        0  stm32f4xx_gpio.o(.text.GPIO_SetBits)
    [Anonymous Symbol]                       0x080006bc   Section        0  stm32f4xx_gpio.o(.text.GPIO_WriteBit)
    [Anonymous Symbol]                       0x080006c8   Section        0  stm32f4xx_it.o(.text.HardFault_Handler)
    [Anonymous Symbol]                       0x080006cc   Section        0  stm32f429i_discovery_lcd.o(.text.LCD_Clear)
    [Anonymous Symbol]                       0x08000858   Section        0  stm32f429i_discovery_lcd.o(.text.LCD_DisplayStringLine)
    [Anonymous Symbol]                       0x08000958   Section        0  stm32f429i_discovery_lcd.o(.text.LCD_GetFont)
    [Anonymous Symbol]                       0x08000964   Section        0  stm32f429i_discovery_lcd.o(.text.LCD_Init)
    [Anonymous Symbol]                       0x08000b94   Section        0  stm32f429i_discovery_lcd.o(.text.LCD_LayerInit)
    [Anonymous Symbol]                       0x08000c48   Section        0  stm32f429i_discovery_lcd.o(.text.LCD_PowerOn)
    [Anonymous Symbol]                       0x080025b4   Section        0  stm32f429i_discovery_lcd.o(.text.LCD_SPIConfig)
    [Anonymous Symbol]                       0x0800266c   Section        0  stm32f429i_discovery_lcd.o(.text.LCD_SetBackColor)
    [Anonymous Symbol]                       0x08002678   Section        0  stm32f429i_discovery_lcd.o(.text.LCD_SetFont)
    [Anonymous Symbol]                       0x08002684   Section        0  stm32f429i_discovery_lcd.o(.text.LCD_SetLayer)
    [Anonymous Symbol]                       0x08002698   Section        0  stm32f429i_discovery_lcd.o(.text.LCD_SetTextColor)
    [Anonymous Symbol]                       0x080026a4   Section        0  stm32f429i_discovery_lcd.o(.text.LCD_SetTransparency)
    [Anonymous Symbol]                       0x080026d0   Section        0  stm32f4xx_ltdc.o(.text.LTDC_Cmd)
    [Anonymous Symbol]                       0x080026e8   Section        0  stm32f4xx_ltdc.o(.text.LTDC_DitherCmd)
    [Anonymous Symbol]                       0x08002704   Section        0  stm32f4xx_ltdc.o(.text.LTDC_Init)
    [Anonymous Symbol]                       0x080027b0   Section        0  stm32f4xx_ltdc.o(.text.LTDC_LayerAlpha)
    [Anonymous Symbol]                       0x080027b4   Section        0  stm32f4xx_ltdc.o(.text.LTDC_LayerCmd)
    [Anonymous Symbol]                       0x080027c4   Section        0  stm32f4xx_ltdc.o(.text.LTDC_LayerInit)
    [Anonymous Symbol]                       0x08002858   Section        0  stm32f4xx_ltdc.o(.text.LTDC_ReloadConfig)
    [Anonymous Symbol]                       0x08002864   Section        0  stm32f4xx_it.o(.text.MemManage_Handler)
    [Anonymous Symbol]                       0x08002868   Section        0  stm32f4xx_it.o(.text.NMI_Handler)
    [Anonymous Symbol]                       0x0800286c   Section        0  stm32f4xx_it.o(.text.PendSV_Handler)
    [Anonymous Symbol]                       0x08002870   Section        0  stm32f4xx_rcc.o(.text.RCC_AHB1PeriphClockCmd)
    [Anonymous Symbol]                       0x08002888   Section        0  stm32f4xx_rcc.o(.text.RCC_AHB3PeriphClockCmd)
    [Anonymous Symbol]                       0x080028a0   Section        0  stm32f4xx_rcc.o(.text.RCC_APB1PeriphResetCmd)
    [Anonymous Symbol]                       0x080028b8   Section        0  stm32f4xx_rcc.o(.text.RCC_APB2PeriphClockCmd)
    [Anonymous Symbol]                       0x080028d0   Section        0  stm32f4xx_rcc.o(.text.RCC_APB2PeriphResetCmd)
    [Anonymous Symbol]                       0x080028e8   Section        0  stm32f4xx_rcc.o(.text.RCC_GetFlagStatus)
    [Anonymous Symbol]                       0x08002910   Section        0  stm32f4xx_rcc.o(.text.RCC_LTDCCLKDivConfig)
    [Anonymous Symbol]                       0x08002924   Section        0  stm32f4xx_rcc.o(.text.RCC_PLLSAICmd)
    [Anonymous Symbol]                       0x08002930   Section        0  stm32f4xx_rcc.o(.text.RCC_PLLSAIConfig)
    [Anonymous Symbol]                       0x08002948   Section        0  stm32f429i_discovery_sdram.o(.text.SDRAM_GPIOConfig)
    [Anonymous Symbol]                       0x08002b48   Section        0  stm32f429i_discovery_sdram.o(.text.SDRAM_Init)
    [Anonymous Symbol]                       0x08002ba8   Section        0  stm32f429i_discovery_sdram.o(.text.SDRAM_InitSequence)
    [Anonymous Symbol]                       0x08002ca8   Section        0  stm32f4xx_spi.o(.text.SPI_Cmd)
    [Anonymous Symbol]                       0x08002cbc   Section        0  stm32f4xx_spi.o(.text.SPI_I2S_DeInit)
    [Anonymous Symbol]                       0x08002dac   Section        0  stm32f4xx_spi.o(.text.SPI_I2S_GetFlagStatus)
    [Anonymous Symbol]                       0x08002db8   Section        0  stm32f4xx_spi.o(.text.SPI_I2S_SendData)
    [Anonymous Symbol]                       0x08002dbc   Section        0  stm32f4xx_spi.o(.text.SPI_Init)
    [Anonymous Symbol]                       0x08002e04   Section        0  stm32f4xx_it.o(.text.SVC_Handler)
    [Anonymous Symbol]                       0x08002e08   Section        0  stm32f4xx_it.o(.text.SysTick_Handler)
    [Anonymous Symbol]                       0x08002e0c   Section        0  system_stm32f4xx.o(.text.SystemInit)
    [Anonymous Symbol]                       0x08002f28   Section        0  stm32f4xx_it.o(.text.UsageFault_Handler)
    [Anonymous Symbol]                       0x08002f2c   Section        0  main.o(.text.main)
    i.__0sprintf$1                           0x08003280   Section        0  printf1.o(i.__0sprintf$1)
    i.__scatterload_copy                     0x080032a8   Section       14  handlers.o(i.__scatterload_copy)
    i.__scatterload_null                     0x080032b6   Section        2  handlers.o(i.__scatterload_null)
    i.__scatterload_zeroinit                 0x080032b8   Section       14  handlers.o(i.__scatterload_zeroinit)
    _printf_core                             0x080032c9   Thumb Code   336  printf1.o(i._printf_core)
    i._printf_core                           0x080032c8   Section        0  printf1.o(i._printf_core)
    _sputc                                   0x0800341d   Thumb Code    10  printf1.o(i._sputc)
    i._sputc                                 0x0800341c   Section        0  printf1.o(i._sputc)
    .L.str                                   0x08004ef6   Data          16  main.o(.rodata.str1.1)
    [Anonymous Symbol]                       0x08004ef6   Section        0  main.o(.rodata.str1.1)
    .L.str.1                                 0x08004f06   Data          16  main.o(.rodata.str1.1)
    CurrentBackColor                         0x20000000   Data           2  stm32f429i_discovery_lcd.o(.data.CurrentBackColor)
    [Anonymous Symbol]                       0x20000000   Section        0  stm32f429i_discovery_lcd.o(.data.CurrentBackColor)
    .L_MergedGlobals                         0x20000018   Data          12  stm32f429i_discovery_lcd.o(.bss..L_MergedGlobals)
    CurrentFrameBuffer                       0x20000018   Data           1  stm32f429i_discovery_lcd.o(.bss..L_MergedGlobals)
    [Anonymous Symbol]                       0x20000018   Section        0  stm32f429i_discovery_lcd.o(.bss..L_MergedGlobals)
    CurrentLayer                             0x2000001c   Data           1  stm32f429i_discovery_lcd.o(.bss..L_MergedGlobals)
    CurrentTextColor                         0x2000001e   Data           2  stm32f429i_discovery_lcd.o(.bss..L_MergedGlobals)
    LCD_Currentfonts                         0x20000020   Data           4  stm32f429i_discovery_lcd.o(.bss..L_MergedGlobals)
    STACK                                    0x20000028   Section     1024  startup_stm32f429_439xx.o(STACK)

    Global Symbols

    Symbol Name                              Value     Ov Type        Size  Object(Section)

    BuildAttributes$$THM_ISAv4$E$P$D$K$B$S$7EM$PE$A:L22UL41UL21$X:L11$S22US41US21$IEEE1$IW$~IW$USESV6$~STKCKD$USESV7$~SHL$OTIME$ROPI$EBA8$MICROLIB$REQ8$PRES8$EABIv2 0x00000000   Number         0  anon$$obj.o ABSOLUTE
    _printf_a                                0x00000000   Number         0  printfstubs.o ABSOLUTE
    _printf_c                                0x00000000   Number         0  printfstubs.o ABSOLUTE
    _printf_charcount                        0x00000000   Number         0  printfstubs.o ABSOLUTE
    _printf_d                                0x00000000   Number         0  printfstubs.o ABSOLUTE
    _printf_e                                0x00000000   Number         0  printfstubs.o ABSOLUTE
    _printf_f                                0x00000000   Number         0  printfstubs.o ABSOLUTE
    _printf_flags                            0x00000000   Number         0  printfstubs.o ABSOLUTE
    _printf_fp_dec                           0x00000000   Number         0  printfstubs.o ABSOLUTE
    _printf_fp_hex                           0x00000000   Number         0  printfstubs.o ABSOLUTE
    _printf_g                                0x00000000   Number         0  printfstubs.o ABSOLUTE
    _printf_i                                0x00000000   Number         0  printfstubs.o ABSOLUTE
    _printf_int_dec                          0x00000000   Number         0  printfstubs.o ABSOLUTE
    _printf_l                                0x00000000   Number         0  printfstubs.o ABSOLUTE
    _printf_lc                               0x00000000   Number         0  printfstubs.o ABSOLUTE
    _printf_ll                               0x00000000   Number         0  printfstubs.o ABSOLUTE
    _printf_lld                              0x00000000   Number         0  printfstubs.o ABSOLUTE
    _printf_lli                              0x00000000   Number         0  printfstubs.o ABSOLUTE
    _printf_llo                              0x00000000   Number         0  printfstubs.o ABSOLUTE
    _printf_llu                              0x00000000   Number         0  printfstubs.o ABSOLUTE
    _printf_llx                              0x00000000   Number         0  printfstubs.o ABSOLUTE
    _printf_longlong_dec                     0x00000000   Number         0  printfstubs.o ABSOLUTE
    _printf_longlong_hex                     0x00000000   Number         0  printfstubs.o ABSOLUTE
    _printf_longlong_oct                     0x00000000   Number         0  printfstubs.o ABSOLUTE
    _printf_ls                               0x00000000   Number         0  printfstubs.o ABSOLUTE
    _printf_mbtowc                           0x00000000   Number         0  printfstubs.o ABSOLUTE
    _printf_n                                0x00000000   Number         0  printfstubs.o ABSOLUTE
    _printf_o                                0x00000000   Number         0  printfstubs.o ABSOLUTE
    _printf_p                                0x00000000   Number         0  printfstubs.o ABSOLUTE
    _printf_percent                          0x00000000   Number         0  printfstubs.o ABSOLUTE
    _printf_pre_padding                      0x00000000   Number         0  printfstubs.o ABSOLUTE
    _printf_return_value                     0x00000000   Number         0  printfstubs.o ABSOLUTE
    _printf_s                                0x00000000   Number         0  printfstubs.o ABSOLUTE
    _printf_sizespec                         0x00000000   Number         0  printfstubs.o ABSOLUTE
    _printf_str                              0x00000000   Number         0  printfstubs.o ABSOLUTE
    _printf_truncate_signed                  0x00000000   Number         0  printfstubs.o ABSOLUTE
    _printf_truncate_unsigned                0x00000000   Number         0  printfstubs.o ABSOLUTE
    _printf_u                                0x00000000   Number         0  printfstubs.o ABSOLUTE
    _printf_wc                               0x00000000   Number         0  printfstubs.o ABSOLUTE
    _printf_wctomb                           0x00000000   Number         0  printfstubs.o ABSOLUTE
    _printf_widthprec                        0x00000000   Number         0  printfstubs.o ABSOLUTE
    _printf_x                                0x00000000   Number         0  printfstubs.o ABSOLUTE
    __cpp_initialize__aeabi_                  - Undefined Weak Reference
    __cxa_finalize                            - Undefined Weak Reference
    __decompress                              - Undefined Weak Reference
    _clock_init                               - Undefined Weak Reference
    _microlib_exit                            - Undefined Weak Reference
    __Vectors_Size                           0x000001ac   Number         0  startup_stm32f429_439xx.o ABSOLUTE
    __Vectors                                0x08000000   Data           4  startup_stm32f429_439xx.o(RESET)
    __Vectors_End                            0x080001ac   Data           0  startup_stm32f429_439xx.o(RESET)
    __main                                   0x080001ad   Thumb Code     0  entry.o(.ARM.Collect$$$$00000000)
    _main_stk                                0x080001ad   Thumb Code     0  entry2.o(.ARM.Collect$$$$00000001)
    _main_scatterload                        0x080001b1   Thumb Code     0  entry5.o(.ARM.Collect$$$$00000004)
    __main_after_scatterload                 0x080001b5   Thumb Code     0  entry5.o(.ARM.Collect$$$$00000004)
    _main_clock                              0x080001b5   Thumb Code     0  entry7b.o(.ARM.Collect$$$$00000008)
    _main_cpp_init                           0x080001b5   Thumb Code     0  entry8b.o(.ARM.Collect$$$$0000000A)
    _main_init                               0x080001b5   Thumb Code     0  entry9a.o(.ARM.Collect$$$$0000000B)
    __rt_final_cpp                           0x080001bd   Thumb Code     0  entry10a.o(.ARM.Collect$$$$0000000D)
    __rt_final_exit                          0x080001bd   Thumb Code     0  entry11a.o(.ARM.Collect$$$$0000000F)
    Reset_Handler                            0x080001c1   Thumb Code     8  startup_stm32f429_439xx.o(.text)
    ADC_IRQHandler                           0x080001db   Thumb Code     0  startup_stm32f429_439xx.o(.text)
    CAN1_RX0_IRQHandler                      0x080001db   Thumb Code     0  startup_stm32f429_439xx.o(.text)
    CAN1_RX1_IRQHandler                      0x080001db   Thumb Code     0  startup_stm32f429_439xx.o(.text)
    CAN1_SCE_IRQHandler                      0x080001db   Thumb Code     0  startup_stm32f429_439xx.o(.text)
    CAN1_TX_IRQHandler                       0x080001db   Thumb Code     0  startup_stm32f429_439xx.o(.text)
    CAN2_RX0_IRQHandler                      0x080001db   Thumb Code     0  startup_stm32f429_439xx.o(.text)
    CAN2_RX1_IRQHandler                      0x080001db   Thumb Code     0  startup_stm32f429_439xx.o(.text)
    CAN2_SCE_IRQHandler                      0x080001db   Thumb Code     0  startup_stm32f429_439xx.o(.text)
    CAN2_TX_IRQHandler                       0x080001db   Thumb Code     0  startup_stm32f429_439xx.o(.text)
    CRYP_IRQHandler                          0x080001db   Thumb Code     0  startup_stm32f429_439xx.o(.text)
    DCMI_IRQHandler                          0x080001db   Thumb Code     0  startup_stm32f429_439xx.o(.text)
    DMA1_Stream0_IRQHandler                  0x080001db   Thumb Code     0  startup_stm32f429_439xx.o(.text)
    DMA1_Stream1_IRQHandler                  0x080001db   Thumb Code     0  startup_stm32f429_439xx.o(.text)
    DMA1_Stream2_IRQHandler                  0x080001db   Thumb Code     0  startup_stm32f429_439xx.o(.text)
    DMA1_Stream3_IRQHandler                  0x080001db   Thumb Code     0  startup_stm32f429_439xx.o(.text)
    DMA1_Stream4_IRQHandler                  0x080001db   Thumb Code     0  startup_stm32f429_439xx.o(.text)
    DMA1_Stream5_IRQHandler                  0x080001db   Thumb Code     0  startup_stm32f429_439xx.o(.text)
    DMA1_Stream6_IRQHandler                  0x080001db   Thumb Code     0  startup_stm32f429_439xx.o(.text)
    DMA1_Stream7_IRQHandler                  0x080001db   Thumb Code     0  startup_stm32f429_439xx.o(.text)
    DMA2D_IRQHandler                         0x080001db   Thumb Code     0  startup_stm32f429_439xx.o(.text)
    DMA2_Stream0_IRQHandler                  0x080001db   Thumb Code     0  startup_stm32f429_439xx.o(.text)
    DMA2_Stream1_IRQHandler                  0x080001db   Thumb Code     0  startup_stm32f429_439xx.o(.text)
    DMA2_Stream2_IRQHandler                  0x080001db   Thumb Code     0  startup_stm32f429_439xx.o(.text)
    DMA2_Stream3_IRQHandler                  0x080001db   Thumb Code     0  startup_stm32f429_439xx.o(.text)
    DMA2_Stream4_IRQHandler                  0x080001db   Thumb Code     0  startup_stm32f429_439xx.o(.text)
    DMA2_Stream5_IRQHandler                  0x080001db   Thumb Code     0  startup_stm32f429_439xx.o(.text)
    DMA2_Stream6_IRQHandler                  0x080001db   Thumb Code     0  startup_stm32f429_439xx.o(.text)
    DMA2_Stream7_IRQHandler                  0x080001db   Thumb Code     0  startup_stm32f429_439xx.o(.text)
    ETH_IRQHandler                           0x080001db   Thumb Code     0  startup_stm32f429_439xx.o(.text)
    ETH_WKUP_IRQHandler                      0x080001db   Thumb Code     0  startup_stm32f429_439xx.o(.text)
    EXTI0_IRQHandler                         0x080001db   Thumb Code     0  startup_stm32f429_439xx.o(.text)
    EXTI15_10_IRQHandler                     0x080001db   Thumb Code     0  startup_stm32f429_439xx.o(.text)
    EXTI1_IRQHandler                         0x080001db   Thumb Code     0  startup_stm32f429_439xx.o(.text)
    EXTI2_IRQHandler                         0x080001db   Thumb Code     0  startup_stm32f429_439xx.o(.text)
    EXTI3_IRQHandler                         0x080001db   Thumb Code     0  startup_stm32f429_439xx.o(.text)
    EXTI4_IRQHandler                         0x080001db   Thumb Code     0  startup_stm32f429_439xx.o(.text)
    EXTI9_5_IRQHandler                       0x080001db   Thumb Code     0  startup_stm32f429_439xx.o(.text)
    FLASH_IRQHandler                         0x080001db   Thumb Code     0  startup_stm32f429_439xx.o(.text)
    FMC_IRQHandler                           0x080001db   Thumb Code     0  startup_stm32f429_439xx.o(.text)
    FPU_IRQHandler                           0x080001db   Thumb Code     0  startup_stm32f429_439xx.o(.text)
    HASH_RNG_IRQHandler                      0x080001db   Thumb Code     0  startup_stm32f429_439xx.o(.text)
    I2C1_ER_IRQHandler                       0x080001db   Thumb Code     0  startup_stm32f429_439xx.o(.text)
    I2C1_EV_IRQHandler                       0x080001db   Thumb Code     0  startup_stm32f429_439xx.o(.text)
    I2C2_ER_IRQHandler                       0x080001db   Thumb Code     0  startup_stm32f429_439xx.o(.text)
    I2C2_EV_IRQHandler                       0x080001db   Thumb Code     0  startup_stm32f429_439xx.o(.text)
    I2C3_ER_IRQHandler                       0x080001db   Thumb Code     0  startup_stm32f429_439xx.o(.text)
    I2C3_EV_IRQHandler                       0x080001db   Thumb Code     0  startup_stm32f429_439xx.o(.text)
    LTDC_ER_IRQHandler                       0x080001db   Thumb Code     0  startup_stm32f429_439xx.o(.text)
    LTDC_IRQHandler                          0x080001db   Thumb Code     0  startup_stm32f429_439xx.o(.text)
    OTG_FS_IRQHandler                        0x080001db   Thumb Code     0  startup_stm32f429_439xx.o(.text)
    OTG_FS_WKUP_IRQHandler                   0x080001db   Thumb Code     0  startup_stm32f429_439xx.o(.text)
    OTG_HS_EP1_IN_IRQHandler                 0x080001db   Thumb Code     0  startup_stm32f429_439xx.o(.text)
    OTG_HS_EP1_OUT_IRQHandler                0x080001db   Thumb Code     0  startup_stm32f429_439xx.o(.text)
    OTG_HS_IRQHandler                        0x080001db   Thumb Code     0  startup_stm32f429_439xx.o(.text)
    OTG_HS_WKUP_IRQHandler                   0x080001db   Thumb Code     0  startup_stm32f429_439xx.o(.text)
    PVD_IRQHandler                           0x080001db   Thumb Code     0  startup_stm32f429_439xx.o(.text)
    RCC_IRQHandler                           0x080001db   Thumb Code     0  startup_stm32f429_439xx.o(.text)
    RTC_Alarm_IRQHandler                     0x080001db   Thumb Code     0  startup_stm32f429_439xx.o(.text)
    RTC_WKUP_IRQHandler                      0x080001db   Thumb Code     0  startup_stm32f429_439xx.o(.text)
    SAI1_IRQHandler                          0x080001db   Thumb Code     0  startup_stm32f429_439xx.o(.text)
    SDIO_IRQHandler                          0x080001db   Thumb Code     0  startup_stm32f429_439xx.o(.text)
    SPI1_IRQHandler                          0x080001db   Thumb Code     0  startup_stm32f429_439xx.o(.text)
    SPI2_IRQHandler                          0x080001db   Thumb Code     0  startup_stm32f429_439xx.o(.text)
    SPI3_IRQHandler                          0x080001db   Thumb Code     0  startup_stm32f429_439xx.o(.text)
    SPI4_IRQHandler                          0x080001db   Thumb Code     0  startup_stm32f429_439xx.o(.text)
    SPI5_IRQHandler                          0x080001db   Thumb Code     0  startup_stm32f429_439xx.o(.text)
    SPI6_IRQHandler                          0x080001db   Thumb Code     0  startup_stm32f429_439xx.o(.text)
    TAMP_STAMP_IRQHandler                    0x080001db   Thumb Code     0  startup_stm32f429_439xx.o(.text)
    TIM1_BRK_TIM9_IRQHandler                 0x080001db   Thumb Code     0  startup_stm32f429_439xx.o(.text)
    TIM1_CC_IRQHandler                       0x080001db   Thumb Code     0  startup_stm32f429_439xx.o(.text)
    TIM1_TRG_COM_TIM11_IRQHandler            0x080001db   Thumb Code     0  startup_stm32f429_439xx.o(.text)
    TIM1_UP_TIM10_IRQHandler                 0x080001db   Thumb Code     0  startup_stm32f429_439xx.o(.text)
    TIM2_IRQHandler                          0x080001db   Thumb Code     0  startup_stm32f429_439xx.o(.text)
    TIM3_IRQHandler                          0x080001db   Thumb Code     0  startup_stm32f429_439xx.o(.text)
    TIM4_IRQHandler                          0x080001db   Thumb Code     0  startup_stm32f429_439xx.o(.text)
    TIM5_IRQHandler                          0x080001db   Thumb Code     0  startup_stm32f429_439xx.o(.text)
    TIM6_DAC_IRQHandler                      0x080001db   Thumb Code     0  startup_stm32f429_439xx.o(.text)
    TIM7_IRQHandler                          0x080001db   Thumb Code     0  startup_stm32f429_439xx.o(.text)
    TIM8_BRK_TIM12_IRQHandler                0x080001db   Thumb Code     0  startup_stm32f429_439xx.o(.text)
    TIM8_CC_IRQHandler                       0x080001db   Thumb Code     0  startup_stm32f429_439xx.o(.text)
    TIM8_TRG_COM_TIM14_IRQHandler            0x080001db   Thumb Code     0  startup_stm32f429_439xx.o(.text)
    TIM8_UP_TIM13_IRQHandler                 0x080001db   Thumb Code     0  startup_stm32f429_439xx.o(.text)
    UART4_IRQHandler                         0x080001db   Thumb Code     0  startup_stm32f429_439xx.o(.text)
    UART5_IRQHandler                         0x080001db   Thumb Code     0  startup_stm32f429_439xx.o(.text)
    UART7_IRQHandler                         0x080001db   Thumb Code     0  startup_stm32f429_439xx.o(.text)
    UART8_IRQHandler                         0x080001db   Thumb Code     0  startup_stm32f429_439xx.o(.text)
    USART1_IRQHandler                        0x080001db   Thumb Code     0  startup_stm32f429_439xx.o(.text)
    USART2_IRQHandler                        0x080001db   Thumb Code     0  startup_stm32f429_439xx.o(.text)
    USART3_IRQHandler                        0x080001db   Thumb Code     0  startup_stm32f429_439xx.o(.text)
    USART6_IRQHandler                        0x080001db   Thumb Code     0  startup_stm32f429_439xx.o(.text)
    WWDG_IRQHandler                          0x080001db   Thumb Code     0  startup_stm32f429_439xx.o(.text)
    __aeabi_uidiv                            0x080001e5   Thumb Code     0  uidiv.o(.text)
    __aeabi_uidivmod                         0x080001e5   Thumb Code    44  uidiv.o(.text)
    __scatterload                            0x08000211   Thumb Code    28  init.o(.text)
    __scatterload_rt2                        0x08000211   Thumb Code     0  init.o(.text)
    ADC_Cmd                                  0x08000235   Thumb Code    16  stm32f4xx_adc.o(.text.ADC_Cmd)
    ADC_CommonInit                           0x08000245   Thumb Code    50  stm32f4xx_adc.o(.text.ADC_CommonInit)
    ADC_Init                                 0x08000279   Thumb Code    88  stm32f4xx_adc.o(.text.ADC_Init)
    ADC_MultiModeDMARequestAfterLastTransferCmd 0x080002d1   Thumb Code    26  stm32f4xx_adc.o(.text.ADC_MultiModeDMARequestAfterLastTransferCmd)
    ADC_RegularChannelConfig                 0x080002ed   Thumb Code   100  stm32f4xx_adc.o(.text.ADC_RegularChannelConfig)
    ADC_SoftwareStartConv                    0x08000351   Thumb Code    10  stm32f4xx_adc.o(.text.ADC_SoftwareStartConv)
    BusFault_Handler                         0x0800035d   Thumb Code     2  stm32f4xx_it.o(.text.BusFault_Handler)
    DMA_Cmd                                  0x08000361   Thumb Code    16  stm32f4xx_dma.o(.text.DMA_Cmd)
    DMA_Init                                 0x08000371   Thumb Code   102  stm32f4xx_dma.o(.text.DMA_Init)
    DebugMon_Handler                         0x080003d9   Thumb Code     2  stm32f4xx_it.o(.text.DebugMon_Handler)
    FMC_GetFlagStatus                        0x080003dd   Thumb Code    44  stm32f4xx_fmc.o(.text.FMC_GetFlagStatus)
    FMC_SDRAMCmdConfig                       0x08000409   Thumb Code    34  stm32f4xx_fmc.o(.text.FMC_SDRAMCmdConfig)
    FMC_SDRAMInit                            0x0800042d   Thumb Code   330  stm32f4xx_fmc.o(.text.FMC_SDRAMInit)
    FMC_SetRefreshCount                      0x08000579   Thumb Code    18  stm32f4xx_fmc.o(.text.FMC_SetRefreshCount)
    GPIO_Init                                0x0800058d   Thumb Code   256  stm32f4xx_gpio.o(.text.GPIO_Init)
    GPIO_PinAFConfig                         0x0800068d   Thumb Code    40  stm32f4xx_gpio.o(.text.GPIO_PinAFConfig)
    GPIO_ResetBits                           0x080006b5   Thumb Code     4  stm32f4xx_gpio.o(.text.GPIO_ResetBits)
    GPIO_SetBits                             0x080006b9   Thumb Code     4  stm32f4xx_gpio.o(.text.GPIO_SetBits)
    GPIO_WriteBit                            0x080006bd   Thumb Code    10  stm32f4xx_gpio.o(.text.GPIO_WriteBit)
    HardFault_Handler                        0x080006c9   Thumb Code     2  stm32f4xx_it.o(.text.HardFault_Handler)
    LCD_Clear                                0x080006cd   Thumb Code   394  stm32f429i_discovery_lcd.o(.text.LCD_Clear)
    LCD_DisplayStringLine                    0x08000859   Thumb Code   254  stm32f429i_discovery_lcd.o(.text.LCD_DisplayStringLine)
    LCD_GetFont                              0x08000959   Thumb Code    12  stm32f429i_discovery_lcd.o(.text.LCD_GetFont)
    LCD_Init                                 0x08000965   Thumb Code   558  stm32f429i_discovery_lcd.o(.text.LCD_Init)
    LCD_LayerInit                            0x08000b95   Thumb Code   180  stm32f429i_discovery_lcd.o(.text.LCD_LayerInit)
    LCD_PowerOn                              0x08000c49   Thumb Code  6506  stm32f429i_discovery_lcd.o(.text.LCD_PowerOn)
    LCD_SPIConfig                            0x080025b5   Thumb Code   182  stm32f429i_discovery_lcd.o(.text.LCD_SPIConfig)
    LCD_SetBackColor                         0x0800266d   Thumb Code    12  stm32f429i_discovery_lcd.o(.text.LCD_SetBackColor)
    LCD_SetFont                              0x08002679   Thumb Code    12  stm32f429i_discovery_lcd.o(.text.LCD_SetFont)
    LCD_SetLayer                             0x08002685   Thumb Code    20  stm32f429i_discovery_lcd.o(.text.LCD_SetLayer)
    LCD_SetTextColor                         0x08002699   Thumb Code    12  stm32f429i_discovery_lcd.o(.text.LCD_SetTextColor)
    LCD_SetTransparency                      0x080026a5   Thumb Code    42  stm32f429i_discovery_lcd.o(.text.LCD_SetTransparency)
    LTDC_Cmd                                 0x080026d1   Thumb Code    24  stm32f4xx_ltdc.o(.text.LTDC_Cmd)
    LTDC_DitherCmd                           0x080026e9   Thumb Code    26  stm32f4xx_ltdc.o(.text.LTDC_DitherCmd)
    LTDC_Init                                0x08002705   Thumb Code   170  stm32f4xx_ltdc.o(.text.LTDC_Init)
    LTDC_LayerAlpha                          0x080027b1   Thumb Code     4  stm32f4xx_ltdc.o(.text.LTDC_LayerAlpha)
    LTDC_LayerCmd                            0x080027b5   Thumb Code    16  stm32f4xx_ltdc.o(.text.LTDC_LayerCmd)
    LTDC_LayerInit                           0x080027c5   Thumb Code   148  stm32f4xx_ltdc.o(.text.LTDC_LayerInit)
    LTDC_ReloadConfig                        0x08002859   Thumb Code    12  stm32f4xx_ltdc.o(.text.LTDC_ReloadConfig)
    MemManage_Handler                        0x08002865   Thumb Code     2  stm32f4xx_it.o(.text.MemManage_Handler)
    NMI_Handler                              0x08002869   Thumb Code     2  stm32f4xx_it.o(.text.NMI_Handler)
    PendSV_Handler                           0x0800286d   Thumb Code     2  stm32f4xx_it.o(.text.PendSV_Handler)
    RCC_AHB1PeriphClockCmd                   0x08002871   Thumb Code    24  stm32f4xx_rcc.o(.text.RCC_AHB1PeriphClockCmd)
    RCC_AHB3PeriphClockCmd                   0x08002889   Thumb Code    24  stm32f4xx_rcc.o(.text.RCC_AHB3PeriphClockCmd)
    RCC_APB1PeriphResetCmd                   0x080028a1   Thumb Code    24  stm32f4xx_rcc.o(.text.RCC_APB1PeriphResetCmd)
    RCC_APB2PeriphClockCmd                   0x080028b9   Thumb Code    24  stm32f4xx_rcc.o(.text.RCC_APB2PeriphClockCmd)
    RCC_APB2PeriphResetCmd                   0x080028d1   Thumb Code    24  stm32f4xx_rcc.o(.text.RCC_APB2PeriphResetCmd)
    RCC_GetFlagStatus                        0x080028e9   Thumb Code    38  stm32f4xx_rcc.o(.text.RCC_GetFlagStatus)
    RCC_LTDCCLKDivConfig                     0x08002911   Thumb Code    20  stm32f4xx_rcc.o(.text.RCC_LTDCCLKDivConfig)
    RCC_PLLSAICmd                            0x08002925   Thumb Code    10  stm32f4xx_rcc.o(.text.RCC_PLLSAICmd)
    RCC_PLLSAIConfig                         0x08002931   Thumb Code    22  stm32f4xx_rcc.o(.text.RCC_PLLSAIConfig)
    SDRAM_GPIOConfig                         0x08002949   Thumb Code   512  stm32f429i_discovery_sdram.o(.text.SDRAM_GPIOConfig)
    SDRAM_Init                               0x08002b49   Thumb Code    94  stm32f429i_discovery_sdram.o(.text.SDRAM_Init)
    SDRAM_InitSequence                       0x08002ba9   Thumb Code   256  stm32f429i_discovery_sdram.o(.text.SDRAM_InitSequence)
    SPI_Cmd                                  0x08002ca9   Thumb Code    20  stm32f4xx_spi.o(.text.SPI_Cmd)
    SPI_I2S_DeInit                           0x08002cbd   Thumb Code   238  stm32f4xx_spi.o(.text.SPI_I2S_DeInit)
    SPI_I2S_GetFlagStatus                    0x08002dad   Thumb Code    10  stm32f4xx_spi.o(.text.SPI_I2S_GetFlagStatus)
    SPI_I2S_SendData                         0x08002db9   Thumb Code     4  stm32f4xx_spi.o(.text.SPI_I2S_SendData)
    SPI_Init                                 0x08002dbd   Thumb Code    70  stm32f4xx_spi.o(.text.SPI_Init)
    SVC_Handler                              0x08002e05   Thumb Code     2  stm32f4xx_it.o(.text.SVC_Handler)
    SysTick_Handler                          0x08002e09   Thumb Code     2  stm32f4xx_it.o(.text.SysTick_Handler)
    SystemInit                               0x08002e0d   Thumb Code   282  system_stm32f4xx.o(.text.SystemInit)
    UsageFault_Handler                       0x08002f29   Thumb Code     2  stm32f4xx_it.o(.text.UsageFault_Handler)
    main                                     0x08002f2d   Thumb Code   704  main.o(.text.main)
    __0sprintf$1                             0x08003281   Thumb Code    34  printf1.o(i.__0sprintf$1)
    __1sprintf$1                             0x08003281   Thumb Code     0  printf1.o(i.__0sprintf$1)
    __2sprintf                               0x08003281   Thumb Code     0  printf1.o(i.__0sprintf$1)
    __scatterload_copy                       0x080032a9   Thumb Code    14  handlers.o(i.__scatterload_copy)
    __scatterload_null                       0x080032b7   Thumb Code     2  handlers.o(i.__scatterload_null)
    __scatterload_zeroinit                   0x080032b9   Thumb Code    14  handlers.o(i.__scatterload_zeroinit)
    ASCII12x12_Table                         0x08003426   Data        2304  stm32f429i_discovery_lcd.o(.rodata.ASCII12x12_Table)
    ASCII16x24_Table                         0x08003d26   Data        4560  stm32f429i_discovery_lcd.o(.rodata.ASCII16x24_Table)
    Region$$Table$$Base                      0x08004f18   Number         0  anon$$obj.o(Region$$Table)
    Region$$Table$$Limit                     0x08004f38   Number         0  anon$$obj.o(Region$$Table)
    Font12x12                                0x20000004   Data           8  stm32f429i_discovery_lcd.o(.data.Font12x12)
    Font16x24                                0x2000000c   Data           8  stm32f429i_discovery_lcd.o(.data.Font16x24)
    uhADCDualConvertedValue                  0x20000024   Data           2  main.o(.bss.uhADCDualConvertedValue)
    __initial_sp                             0x20000428   Data           0  startup_stm32f429_439xx.o(STACK)



==============================================================================

Memory Map of the image

  Image Entry point : 0x080001ad

  Load Region LR_IROM1 (Base: 0x08000000, Size: 0x00004f50, Max: 0x00200000, ABSOLUTE)

    Execution Region ER_IROM1 (Exec base: 0x08000000, Load base: 0x08000000, Size: 0x00004f38, Max: 0x00200000, ABSOLUTE)

    Exec Addr    Load Addr    Size         Type   Attr      Idx    E Section Name        Object

    0x08000000   0x08000000   0x000001ac   Data   RO            3    RESET               startup_stm32f429_439xx.o
    0x080001ac   0x080001ac   0x00000000   Code   RO          887  * .ARM.Collect$$$$00000000  mc_w.l(entry.o)
    0x080001ac   0x080001ac   0x00000004   Code   RO         1159    .ARM.Collect$$$$00000001  mc_w.l(entry2.o)
    0x080001b0   0x080001b0   0x00000004   Code   RO         1162    .ARM.Collect$$$$00000004  mc_w.l(entry5.o)
    0x080001b4   0x080001b4   0x00000000   Code   RO         1164    .ARM.Collect$$$$00000008  mc_w.l(entry7b.o)
    0x080001b4   0x080001b4   0x00000000   Code   RO         1166    .ARM.Collect$$$$0000000A  mc_w.l(entry8b.o)
    0x080001b4   0x080001b4   0x00000008   Code   RO         1167    .ARM.Collect$$$$0000000B  mc_w.l(entry9a.o)
    0x080001bc   0x080001bc   0x00000000   Code   RO         1169    .ARM.Collect$$$$0000000D  mc_w.l(entry10a.o)
    0x080001bc   0x080001bc   0x00000000   Code   RO         1171    .ARM.Collect$$$$0000000F  mc_w.l(entry11a.o)
    0x080001bc   0x080001bc   0x00000004   Code   RO         1160    .ARM.Collect$$$$00002712  mc_w.l(entry2.o)
    0x080001c0   0x080001c0   0x00000024   Code   RO            4    .text               startup_stm32f429_439xx.o
    0x080001e4   0x080001e4   0x0000002c   Code   RO         1187    .text               mc_w.l(uidiv.o)
    0x08000210   0x08000210   0x00000024   Code   RO         1204    .text               mc_w.l(init.o)
    0x08000234   0x08000234   0x00000010   Code   RO          206    .text.ADC_Cmd       stm32f4xx_adc.o
    0x08000244   0x08000244   0x00000032   Code   RO          202    .text.ADC_CommonInit  stm32f4xx_adc.o
    0x08000276   0x08000276   0x00000002   PAD
    0x08000278   0x08000278   0x00000058   Code   RO          198    .text.ADC_Init      stm32f4xx_adc.o
    0x080002d0   0x080002d0   0x0000001a   Code   RO          240    .text.ADC_MultiModeDMARequestAfterLastTransferCmd  stm32f4xx_adc.o
    0x080002ea   0x080002ea   0x00000002   PAD
    0x080002ec   0x080002ec   0x00000064   Code   RO          218    .text.ADC_RegularChannelConfig  stm32f4xx_adc.o
    0x08000350   0x08000350   0x0000000a   Code   RO          220    .text.ADC_SoftwareStartConv  stm32f4xx_adc.o
    0x0800035a   0x0800035a   0x00000002   PAD
    0x0800035c   0x0800035c   0x00000002   Code   RO          855    .text.BusFault_Handler  stm32f4xx_it.o
    0x0800035e   0x0800035e   0x00000002   PAD
    0x08000360   0x08000360   0x00000010   Code   RO          286    .text.DMA_Cmd       stm32f4xx_dma.o
    0x08000370   0x08000370   0x00000066   Code   RO          282    .text.DMA_Init      stm32f4xx_dma.o
    0x080003d6   0x080003d6   0x00000002   PAD
    0x080003d8   0x080003d8   0x00000002   Code   RO          861    .text.DebugMon_Handler  stm32f4xx_it.o
    0x080003da   0x080003da   0x00000002   PAD
    0x080003dc   0x080003dc   0x0000002c   Code   RO          418    .text.FMC_GetFlagStatus  stm32f4xx_fmc.o
    0x08000408   0x08000408   0x00000022   Code   RO          406    .text.FMC_SDRAMCmdConfig  stm32f4xx_fmc.o
    0x0800042a   0x0800042a   0x00000002   PAD
    0x0800042c   0x0800042c   0x0000014a   Code   RO          402    .text.FMC_SDRAMInit  stm32f4xx_fmc.o
    0x08000576   0x08000576   0x00000002   PAD
    0x08000578   0x08000578   0x00000012   Code   RO          410    .text.FMC_SetRefreshCount  stm32f4xx_fmc.o
    0x0800058a   0x0800058a   0x00000002   PAD
    0x0800058c   0x0800058c   0x00000100   Code   RO          437    .text.GPIO_Init     stm32f4xx_gpio.o
    0x0800068c   0x0800068c   0x00000028   Code   RO          461    .text.GPIO_PinAFConfig  stm32f4xx_gpio.o
    0x080006b4   0x080006b4   0x00000004   Code   RO          453    .text.GPIO_ResetBits  stm32f4xx_gpio.o
    0x080006b8   0x080006b8   0x00000004   Code   RO          451    .text.GPIO_SetBits  stm32f4xx_gpio.o
    0x080006bc   0x080006bc   0x0000000a   Code   RO          455    .text.GPIO_WriteBit  stm32f4xx_gpio.o
    0x080006c6   0x080006c6   0x00000002   PAD
    0x080006c8   0x080006c8   0x00000002   Code   RO          851    .text.HardFault_Handler  stm32f4xx_it.o
    0x080006ca   0x080006ca   0x00000002   PAD
    0x080006cc   0x080006cc   0x0000018a   Code   RO           84    .text.LCD_Clear     stm32f429i_discovery_lcd.o
    0x08000856   0x08000856   0x00000002   PAD
    0x08000858   0x08000858   0x000000fe   Code   RO           94    .text.LCD_DisplayStringLine  stm32f429i_discovery_lcd.o
    0x08000956   0x08000956   0x00000002   PAD
    0x08000958   0x08000958   0x0000000c   Code   RO           78    .text.LCD_GetFont   stm32f429i_discovery_lcd.o
    0x08000964   0x08000964   0x0000022e   Code   RO           52    .text.LCD_Init      stm32f429i_discovery_lcd.o
    0x08000b92   0x08000b92   0x00000002   PAD
    0x08000b94   0x08000b94   0x000000b4   Code   RO           62    .text.LCD_LayerInit  stm32f429i_discovery_lcd.o
    0x08000c48   0x08000c48   0x0000196a   Code   RO           60    .text.LCD_PowerOn   stm32f429i_discovery_lcd.o
    0x080025b2   0x080025b2   0x00000002   PAD
    0x080025b4   0x080025b4   0x000000b6   Code   RO           58    .text.LCD_SPIConfig  stm32f429i_discovery_lcd.o
    0x0800266a   0x0800266a   0x00000002   PAD
    0x0800266c   0x0800266c   0x0000000c   Code   RO           74    .text.LCD_SetBackColor  stm32f429i_discovery_lcd.o
    0x08002678   0x08002678   0x0000000c   Code   RO           64    .text.LCD_SetFont   stm32f429i_discovery_lcd.o
    0x08002684   0x08002684   0x00000014   Code   RO           66    .text.LCD_SetLayer  stm32f429i_discovery_lcd.o
    0x08002698   0x08002698   0x0000000c   Code   RO           72    .text.LCD_SetTextColor  stm32f429i_discovery_lcd.o
    0x080026a4   0x080026a4   0x0000002a   Code   RO           76    .text.LCD_SetTransparency  stm32f429i_discovery_lcd.o
    0x080026ce   0x080026ce   0x00000002   PAD
    0x080026d0   0x080026d0   0x00000018   Code   RO          477    .text.LTDC_Cmd      stm32f4xx_ltdc.o
    0x080026e8   0x080026e8   0x0000001a   Code   RO          479    .text.LTDC_DitherCmd  stm32f4xx_ltdc.o
    0x08002702   0x08002702   0x00000002   PAD
    0x08002704   0x08002704   0x000000aa   Code   RO          473    .text.LTDC_Init     stm32f4xx_ltdc.o
    0x080027ae   0x080027ae   0x00000002   PAD
    0x080027b0   0x080027b0   0x00000004   Code   RO          513    .text.LTDC_LayerAlpha  stm32f4xx_ltdc.o
    0x080027b4   0x080027b4   0x00000010   Code   RO          493    .text.LTDC_LayerCmd  stm32f4xx_ltdc.o
    0x080027c4   0x080027c4   0x00000094   Code   RO          489    .text.LTDC_LayerInit  stm32f4xx_ltdc.o
    0x08002858   0x08002858   0x0000000c   Code   RO          487    .text.LTDC_ReloadConfig  stm32f4xx_ltdc.o
    0x08002864   0x08002864   0x00000002   Code   RO          853    .text.MemManage_Handler  stm32f4xx_it.o
    0x08002866   0x08002866   0x00000002   PAD
    0x08002868   0x08002868   0x00000002   Code   RO          849    .text.NMI_Handler   stm32f4xx_it.o
    0x0800286a   0x0800286a   0x00000002   PAD
    0x0800286c   0x0800286c   0x00000002   Code   RO          863    .text.PendSV_Handler  stm32f4xx_it.o
    0x0800286e   0x0800286e   0x00000002   PAD
    0x08002870   0x08002870   0x00000018   Code   RO          606    .text.RCC_AHB1PeriphClockCmd  stm32f4xx_rcc.o
    0x08002888   0x08002888   0x00000018   Code   RO          610    .text.RCC_AHB3PeriphClockCmd  stm32f4xx_rcc.o
    0x080028a0   0x080028a0   0x00000018   Code   RO          622    .text.RCC_APB1PeriphResetCmd  stm32f4xx_rcc.o
    0x080028b8   0x080028b8   0x00000018   Code   RO          614    .text.RCC_APB2PeriphClockCmd  stm32f4xx_rcc.o
    0x080028d0   0x080028d0   0x00000018   Code   RO          624    .text.RCC_APB2PeriphResetCmd  stm32f4xx_rcc.o
    0x080028e8   0x080028e8   0x00000026   Code   RO          546    .text.RCC_GetFlagStatus  stm32f4xx_rcc.o
    0x0800290e   0x0800290e   0x00000002   PAD
    0x08002910   0x08002910   0x00000014   Code   RO          602    .text.RCC_LTDCCLKDivConfig  stm32f4xx_rcc.o
    0x08002924   0x08002924   0x0000000a   Code   RO          566    .text.RCC_PLLSAICmd  stm32f4xx_rcc.o
    0x0800292e   0x0800292e   0x00000002   PAD
    0x08002930   0x08002930   0x00000016   Code   RO          564    .text.RCC_PLLSAIConfig  stm32f4xx_rcc.o
    0x08002946   0x08002946   0x00000002   PAD
    0x08002948   0x08002948   0x00000200   Code   RO          162    .text.SDRAM_GPIOConfig  stm32f429i_discovery_sdram.o
    0x08002b48   0x08002b48   0x0000005e   Code   RO          160    .text.SDRAM_Init    stm32f429i_discovery_sdram.o
    0x08002ba6   0x08002ba6   0x00000002   PAD
    0x08002ba8   0x08002ba8   0x00000100   Code   RO          164    .text.SDRAM_InitSequence  stm32f429i_discovery_sdram.o
    0x08002ca8   0x08002ca8   0x00000014   Code   RO          665    .text.SPI_Cmd       stm32f4xx_spi.o
    0x08002cbc   0x08002cbc   0x000000ee   Code   RO          655    .text.SPI_I2S_DeInit  stm32f4xx_spi.o
    0x08002daa   0x08002daa   0x00000002   PAD
    0x08002dac   0x08002dac   0x0000000a   Code   RO          697    .text.SPI_I2S_GetFlagStatus  stm32f4xx_spi.o
    0x08002db6   0x08002db6   0x00000002   PAD
    0x08002db8   0x08002db8   0x00000004   Code   RO          683    .text.SPI_I2S_SendData  stm32f4xx_spi.o
    0x08002dbc   0x08002dbc   0x00000046   Code   RO          657    .text.SPI_Init      stm32f4xx_spi.o
    0x08002e02   0x08002e02   0x00000002   PAD
    0x08002e04   0x08002e04   0x00000002   Code   RO          859    .text.SVC_Handler   stm32f4xx_it.o
    0x08002e06   0x08002e06   0x00000002   PAD
    0x08002e08   0x08002e08   0x00000002   Code   RO          865    .text.SysTick_Handler  stm32f4xx_it.o
    0x08002e0a   0x08002e0a   0x00000002   PAD
    0x08002e0c   0x08002e0c   0x0000011a   Code   RO          874    .text.SystemInit    system_stm32f4xx.o
    0x08002f26   0x08002f26   0x00000002   PAD
    0x08002f28   0x08002f28   0x00000002   Code   RO          857    .text.UsageFault_Handler  stm32f4xx_it.o
    0x08002f2a   0x08002f2a   0x00000002   PAD
    0x08002f2c   0x08002f2c   0x00000354   Code   RO          837    .text.main          main.o
    0x08003280   0x08003280   0x00000028   Code   RO          939    i.__0sprintf$1      mc_w.l(printf1.o)
    0x080032a8   0x080032a8   0x0000000e   Code   RO         1218    i.__scatterload_copy  mc_w.l(handlers.o)
    0x080032b6   0x080032b6   0x00000002   Code   RO         1219    i.__scatterload_null  mc_w.l(handlers.o)
    0x080032b8   0x080032b8   0x0000000e   Code   RO         1220    i.__scatterload_zeroinit  mc_w.l(handlers.o)
    0x080032c6   0x080032c6   0x00000002   PAD
    0x080032c8   0x080032c8   0x00000154   Code   RO          944    i._printf_core      mc_w.l(printf1.o)
    0x0800341c   0x0800341c   0x0000000a   Code   RO          946    i._sputc            mc_w.l(printf1.o)
    0x08003426   0x08003426   0x00000900   Data   RO          143    .rodata.ASCII12x12_Table  stm32f429i_discovery_lcd.o
    0x08003d26   0x08003d26   0x000011d0   Data   RO          142    .rodata.ASCII16x24_Table  stm32f429i_discovery_lcd.o
    0x08004ef6   0x08004ef6   0x00000020   Data   RO          840    .rodata.str1.1      main.o
    0x08004f16   0x08004f16   0x00000002   PAD
    0x08004f18   0x08004f18   0x00000020   Data   RO         1217    Region$$Table       anon$$obj.o


    Execution Region RW_IRAM1 (Exec base: 0x20000000, Load base: 0x08004f38, Size: 0x00000428, Max: 0x00030000, ABSOLUTE)

    Exec Addr    Load Addr    Size         Type   Attr      Idx    E Section Name        Object

    0x20000000   0x08004f38   0x00000002   Data   RW          150    .data.CurrentBackColor  stm32f429i_discovery_lcd.o
    0x20000002   0x08004f3a   0x00000002   PAD
    0x20000004   0x08004f3c   0x00000008   Data   RW          147    .data.Font12x12     stm32f429i_discovery_lcd.o
    0x2000000c   0x08004f44   0x00000008   Data   RW          146    .data.Font16x24     stm32f429i_discovery_lcd.o
    0x20000014   0x08004f4c   0x00000004   PAD
    0x20000018        -       0x0000000c   Zero   RW          151    .bss..L_MergedGlobals  stm32f429i_discovery_lcd.o
    0x20000024        -       0x00000002   Zero   RW          839    .bss.uhADCDualConvertedValue  main.o
    0x20000026   0x08004f4c   0x00000002   PAD
    0x20000028        -       0x00000400   Zero   RW            1    STACK               startup_stm32f429_439xx.o


==============================================================================

Image component sizes


      Code (inc. data)   RO Data    RW Data    ZI Data      Debug   Object Name

       852        148         32          0          2       4594   main.o
        36          8        428          0       1024        996   startup_stm32f429_439xx.o
      8184          0       6864         18         12      64965   stm32f429i_discovery_lcd.o
       862          0          0          0          0       5269   stm32f429i_discovery_sdram.o
       290          0          0          0          0      10369   stm32f4xx_adc.o
       118          0          0          0          0       6901   stm32f4xx_dma.o
       426          0          0          0          0      12461   stm32f4xx_fmc.o
       314          0          0          0          0       5078   stm32f4xx_gpio.o
        18          0          0          0          0       1052   stm32f4xx_it.o
       400          0          0          0          0      10316   stm32f4xx_ltdc.o
       210          0          0          0          0      14355   stm32f4xx_rcc.o
       342          0          0          0          0       8975   stm32f4xx_spi.o
       282          0          0          0          0       3414   system_stm32f4xx.o

    ----------------------------------------------------------------------
     12400        156       7358         20       1044     148745   Object Totals
         0          0         32          0          0          0   (incl. Generated)
        66          0          2          2          6          0   (incl. Padding)

    ----------------------------------------------------------------------

      Code (inc. data)   RO Data    RW Data    ZI Data      Debug   Library Member Name

         0          0          0          0          0          0   entry.o
         0          0          0          0          0          0   entry10a.o
         0          0          0          0          0          0   entry11a.o
         8          4          0          0          0          0   entry2.o
         4          0          0          0          0          0   entry5.o
         0          0          0          0          0          0   entry7b.o
         0          0          0          0          0          0   entry8b.o
         8          4          0          0          0          0   entry9a.o
        30          0          0          0          0          0   handlers.o
        36          8          0          0          0         68   init.o
       390         10          0          0          0        252   printf1.o
        44          0          0          0          0         80   uidiv.o

    ----------------------------------------------------------------------
       522         26          0          0          0        400   Library Totals
         2          0          0          0          0          0   (incl. Padding)

    ----------------------------------------------------------------------

      Code (inc. data)   RO Data    RW Data    ZI Data      Debug   Library Name

       520         26          0          0          0        400   mc_w.l

    ----------------------------------------------------------------------
       522         26          0          0          0        400   Library Totals

    ----------------------------------------------------------------------

==============================================================================


      Code (inc. data)   RO Data    RW Data    ZI Data      Debug   

     12922        182       7358         20       1044     148973   Grand Totals
     12922        182       7358         20       1044     148973   ELF Image Totals
     12922        182       7358         20          0          0   ROM Totals

==============================================================================

    Total RO  Size (Code + RO Data)                20280 (  19.80kB)
    Total RW  Size (RW Data + ZI Data)              1064 (   1.04kB)
    Total ROM Size (Code + RO Data + RW Data)      20300 (  19.82kB)

==============================================================================

